18:40:18 **** Incremental Build of configuration Debug for project Seguidor_linea ****
make -j8 all 
arm-none-eabi-gcc "../Core/Src/main.c" -mcpu=cortex-m4 -std=gnu11 -g3 -DDEBUG -DUSE_HAL_DRIVER -DSTM32F411xE -c -I../Core/Inc -I../Drivers/STM32F4xx_HAL_Driver/Inc -I../Drivers/STM32F4xx_HAL_Driver/Inc/Legacy -I../Drivers/CMSIS/Device/ST/STM32F4xx/Include -I../Drivers/CMSIS/Include -O0 -ffunction-sections -fdata-sections -Wall -fstack-usage -fcyclomatic-complexity -MMD -MP -MF"Core/Src/main.d" -MT"Core/Src/main.o" --specs=nano.specs -mfpu=fpv4-sp-d16 -mfloat-abi=hard -mthumb -o "Core/Src/main.o"
arm-none-eabi-gcc -o "Seguidor_linea.elf" @"objects.list"   -mcpu=cortex-m4 -T"/home/rober/Documentos/Roberto/Universidad/Proyectos/Carrito_joshua/STM32F-CAR/JP_Carro/Seguidor_linea/STM32F411CEUX_FLASH.ld" --specs=nosys.specs -Wl,-Map="Seguidor_linea.map" -Wl,--gc-sections -static --specs=nano.specs -mfpu=fpv4-sp-d16 -mfloat-abi=hard -mthumb -Wl,--start-group -lc -lm -Wl,--end-group
Finished building target: Seguidor_linea.elf
 
arm-none-eabi-size  Seguidor_linea.elf 
arm-none-eabi-objdump -h -S Seguidor_linea.elf  > "Seguidor_linea.list"
   text	   data	    bss	    dec	    hex	filename
  13492	     12	   1820	  15324	   3bdc	Seguidor_linea.elf
Finished building: default.size.stdout
 
Finished building: Seguidor_linea.list
 

18:40:18 Build Finished. 0 errors, 0 warnings. (took 537ms)

