13:20:09 **** Incremental Build of configuration Debug for project Seguidor_linea ****
make -j8 all 
arm-none-eabi-gcc "../Core/Src/Centroide.c" -mcpu=cortex-m4 -std=gnu11 -g3 -DDEBUG -DUSE_HAL_DRIVER -DSTM32F411xE -c -I../Core/Inc -I../Drivers/STM32F4xx_HAL_Driver/Inc -I../Drivers/STM32F4xx_HAL_Driver/Inc/Legacy -I../Drivers/CMSIS/Device/ST/STM32F4xx/Include -I../Drivers/CMSIS/Include -O0 -ffunction-sections -fdata-sections -Wall -fstack-usage -fcyclomatic-complexity -MMD -MP -MF"Core/Src/Centroide.d" -MT"Core/Src/Centroide.o" --specs=nano.specs -mfpu=fpv4-sp-d16 -mfloat-abi=hard -mthumb -o "Core/Src/Centroide.o"
arm-none-eabi-gcc "../Core/Src/FuzzyLogic.c" -mcpu=cortex-m4 -std=gnu11 -g3 -DDEBUG -DUSE_HAL_DRIVER -DSTM32F411xE -c -I../Core/Inc -I../Drivers/STM32F4xx_HAL_Driver/Inc -I../Drivers/STM32F4xx_HAL_Driver/Inc/Legacy -I../Drivers/CMSIS/Device/ST/STM32F4xx/Include -I../Drivers/CMSIS/Include -O0 -ffunction-sections -fdata-sections -Wall -fstack-usage -fcyclomatic-complexity -MMD -MP -MF"Core/Src/FuzzyLogic.d" -MT"Core/Src/FuzzyLogic.o" --specs=nano.specs -mfpu=fpv4-sp-d16 -mfloat-abi=hard -mthumb -o "Core/Src/FuzzyLogic.o"
arm-none-eabi-gcc "../Core/Src/Mamdani.c" -mcpu=cortex-m4 -std=gnu11 -g3 -DDEBUG -DUSE_HAL_DRIVER -DSTM32F411xE -c -I../Core/Inc -I../Drivers/STM32F4xx_HAL_Driver/Inc -I../Drivers/STM32F4xx_HAL_Driver/Inc/Legacy -I../Drivers/CMSIS/Device/ST/STM32F4xx/Include -I../Drivers/CMSIS/Include -O0 -ffunction-sections -fdata-sections -Wall -fstack-usage -fcyclomatic-complexity -MMD -MP -MF"Core/Src/Mamdani.d" -MT"Core/Src/Mamdani.o" --specs=nano.specs -mfpu=fpv4-sp-d16 -mfloat-abi=hard -mthumb -o "Core/Src/Mamdani.o"
arm-none-eabi-gcc "../Core/Src/main.c" -mcpu=cortex-m4 -std=gnu11 -g3 -DDEBUG -DUSE_HAL_DRIVER -DSTM32F411xE -c -I../Core/Inc -I../Drivers/STM32F4xx_HAL_Driver/Inc -I../Drivers/STM32F4xx_HAL_Driver/Inc/Legacy -I../Drivers/CMSIS/Device/ST/STM32F4xx/Include -I../Drivers/CMSIS/Include -O0 -ffunction-sections -fdata-sections -Wall -fstack-usage -fcyclomatic-complexity -MMD -MP -MF"Core/Src/main.d" -MT"Core/Src/main.o" --specs=nano.specs -mfpu=fpv4-sp-d16 -mfloat-abi=hard -mthumb -o "Core/Src/main.o"
arm-none-eabi-gcc "../Core/Src/stm32f4xx_hal_msp.c" -mcpu=cortex-m4 -std=gnu11 -g3 -DDEBUG -DUSE_HAL_DRIVER -DSTM32F411xE -c -I../Core/Inc -I../Drivers/STM32F4xx_HAL_Driver/Inc -I../Drivers/STM32F4xx_HAL_Driver/Inc/Legacy -I../Drivers/CMSIS/Device/ST/STM32F4xx/Include -I../Drivers/CMSIS/Include -O0 -ffunction-sections -fdata-sections -Wall -fstack-usage -fcyclomatic-complexity -MMD -MP -MF"Core/Src/stm32f4xx_hal_msp.d" -MT"Core/Src/stm32f4xx_hal_msp.o" --specs=nano.specs -mfpu=fpv4-sp-d16 -mfloat-abi=hard -mthumb -o "Core/Src/stm32f4xx_hal_msp.o"
arm-none-eabi-gcc "../Core/Src/stm32f4xx_it.c" -mcpu=cortex-m4 -std=gnu11 -g3 -DDEBUG -DUSE_HAL_DRIVER -DSTM32F411xE -c -I../Core/Inc -I../Drivers/STM32F4xx_HAL_Driver/Inc -I../Drivers/STM32F4xx_HAL_Driver/Inc/Legacy -I../Drivers/CMSIS/Device/ST/STM32F4xx/Include -I../Drivers/CMSIS/Include -O0 -ffunction-sections -fdata-sections -Wall -fstack-usage -fcyclomatic-complexity -MMD -MP -MF"Core/Src/stm32f4xx_it.d" -MT"Core/Src/stm32f4xx_it.o" --specs=nano.specs -mfpu=fpv4-sp-d16 -mfloat-abi=hard -mthumb -o "Core/Src/stm32f4xx_it.o"
arm-none-eabi-gcc "../Core/Src/syscalls.c" -mcpu=cortex-m4 -std=gnu11 -g3 -DDEBUG -DUSE_HAL_DRIVER -DSTM32F411xE -c -I../Core/Inc -I../Drivers/STM32F4xx_HAL_Driver/Inc -I../Drivers/STM32F4xx_HAL_Driver/Inc/Legacy -I../Drivers/CMSIS/Device/ST/STM32F4xx/Include -I../Drivers/CMSIS/Include -O0 -ffunction-sections -fdata-sections -Wall -fstack-usage -fcyclomatic-complexity -MMD -MP -MF"Core/Src/syscalls.d" -MT"Core/Src/syscalls.o" --specs=nano.specs -mfpu=fpv4-sp-d16 -mfloat-abi=hard -mthumb -o "Core/Src/syscalls.o"
arm-none-eabi-gcc "../Core/Src/sysmem.c" -mcpu=cortex-m4 -std=gnu11 -g3 -DDEBUG -DUSE_HAL_DRIVER -DSTM32F411xE -c -I../Core/Inc -I../Drivers/STM32F4xx_HAL_Driver/Inc -I../Drivers/STM32F4xx_HAL_Driver/Inc/Legacy -I../Drivers/CMSIS/Device/ST/STM32F4xx/Include -I../Drivers/CMSIS/Include -O0 -ffunction-sections -fdata-sections -Wall -fstack-usage -fcyclomatic-complexity -MMD -MP -MF"Core/Src/sysmem.d" -MT"Core/Src/sysmem.o" --specs=nano.specs -mfpu=fpv4-sp-d16 -mfloat-abi=hard -mthumb -o "Core/Src/sysmem.o"
arm-none-eabi-gcc "../Core/Src/system_stm32f4xx.c" -mcpu=cortex-m4 -std=gnu11 -g3 -DDEBUG -DUSE_HAL_DRIVER -DSTM32F411xE -c -I../Core/Inc -I../Drivers/STM32F4xx_HAL_Driver/Inc -I../Drivers/STM32F4xx_HAL_Driver/Inc/Legacy -I../Drivers/CMSIS/Device/ST/STM32F4xx/Include -I../Drivers/CMSIS/Include -O0 -ffunction-sections -fdata-sections -Wall -fstack-usage -fcyclomatic-complexity -MMD -MP -MF"Core/Src/system_stm32f4xx.d" -MT"Core/Src/system_stm32f4xx.o" --specs=nano.specs -mfpu=fpv4-sp-d16 -mfloat-abi=hard -mthumb -o "Core/Src/system_stm32f4xx.o"
../Core/Src/FuzzyLogic.c: In function 'Trapz':
../Core/Src/FuzzyLogic.c:7:9: warning: multi-line comment [-Wcomment]
    7 |         // 1 ----\
      |         ^
../Core/Src/FuzzyLogic.c:27:1: warning: control reaches end of non-void function [-Wreturn-type]
   27 | }
      | ^
../Core/Src/Centroide.c: In function 'Area_Low':
../Core/Src/Centroide.c:54:17: warning: implicit declaration of function 'f_low'; did you mean 'f_Low'? [-Wimplicit-function-declaration]
   54 |   float x_low = f_low(y_low);
      |                 ^~~~~
      |                 f_Low
../Core/Src/Centroide.c: In function 'Area_InterLm':
../Core/Src/Centroide.c:104:16: warning: implicit declaration of function 'fmin' [-Wimplicit-function-declaration]
  104 |   float y_lm = fmin(y_low,y_mid);
      |                ^~~~
../Core/Src/Centroide.c:2:1: note: include '<math.h>' or provide a declaration of 'fmin'
    1 | #include "Centroide.h"
  +++ |+#include <math.h>
    2 | 
../Core/Src/Centroide.c:104:16: warning: incompatible implicit declaration of built-in function 'fmin' [-Wbuiltin-declaration-mismatch]
  104 |   float y_lm = fmin(y_low,y_mid);
      |                ^~~~
../Core/Src/Centroide.c:104:16: note: include '<math.h>' or provide a declaration of 'fmin'
../Core/Src/Centroide.c:114:9: warning: unused variable 'A_LowMid' [-Wunused-variable]
  114 |   float A_LowMid = TLeft-A_T1;
      |         ^~~~~~~~
../Core/Src/Centroide.c:108:9: warning: unused variable 'X_1' [-Wunused-variable]
  108 |   float X_1 = f_Mid1(Y1); // Constante
      |         ^~~
../Core/Src/Centroide.c: In function 'Area_InterMh':
../Core/Src/Centroide.c:127:16: warning: incompatible implicit declaration of built-in function 'fmin' [-Wbuiltin-declaration-mismatch]
  127 |   float y_mh = fmin(y_mid,y_high);
      |                ^~~~
../Core/Src/Centroide.c:127:16: note: include '<math.h>' or provide a declaration of 'fmin'
../Core/Src/Centroide.c:138:9: warning: unused variable 'A_MidHigh' [-Wunused-variable]
  138 |   float A_MidHigh = TRight-T2;
      |         ^~~~~~~~~
../Core/Src/Centroide.c:131:9: warning: unused variable 'X_2' [-Wunused-variable]
  131 |   float X_2 = f_High(Y2);
      |         ^~~
arm-none-eabi-gcc -o "Seguidor_linea.elf" @"objects.list"   -mcpu=cortex-m4 -T"/home/rober/Documentos/Roberto/Universidad/Proyectos/Carrito_joshua/STM32F-CAR/JP_Carro/Seguidor_linea/STM32F411CEUX_FLASH.ld" --specs=nosys.specs -Wl,-Map="Seguidor_linea.map" -Wl,--gc-sections -static --specs=nano.specs -mfpu=fpv4-sp-d16 -mfloat-abi=hard -mthumb -Wl,--start-group -lc -lm -Wl,--end-group
/home/rober/st/stm32cubeide_2.0.0/plugins/com.st.stm32cube.ide.mcu.externaltools.gnu-tools-for-stm32.13.3.rel1.linux64_1.0.100.202509120712/tools/bin/../lib/gcc/arm-none-eabi/13.3.1/../../../../arm-none-eabi/bin/ld: ./Core/Src/Mamdani.o:/home/rober/Documentos/Roberto/Universidad/Proyectos/Carrito_joshua/STM32F-CAR/JP_Carro/Seguidor_linea/Debug/../Core/Inc/Centroide.h:7: multiple definition of `M_LOW'; ./Core/Src/Centroide.o:/home/rober/Documentos/Roberto/Universidad/Proyectos/Carrito_joshua/STM32F-CAR/JP_Carro/Seguidor_linea/Debug/../Core/Inc/Centroide.h:7: first defined here
/home/rober/st/stm32cubeide_2.0.0/plugins/com.st.stm32cube.ide.mcu.externaltools.gnu-tools-for-stm32.13.3.rel1.linux64_1.0.100.202509120712/tools/bin/../lib/gcc/arm-none-eabi/13.3.1/../../../../arm-none-eabi/bin/ld: ./Core/Src/Mamdani.o:/home/rober/Documentos/Roberto/Universidad/Proyectos/Carrito_joshua/STM32F-CAR/JP_Carro/Seguidor_linea/Debug/../Core/Inc/Centroide.h:8: multiple definition of `M_MID0'; ./Core/Src/Centroide.o:/home/rober/Documentos/Roberto/Universidad/Proyectos/Carrito_joshua/STM32F-CAR/JP_Carro/Seguidor_linea/Debug/../Core/Inc/Centroide.h:8: first defined here
/home/rober/st/stm32cubeide_2.0.0/plugins/com.st.stm32cube.ide.mcu.externaltools.gnu-tools-for-stm32.13.3.rel1.linux64_1.0.100.202509120712/tools/bin/../lib/gcc/arm-none-eabi/13.3.1/../../../../arm-none-eabi/bin/ld: ./Core/Src/Mamdani.o:/home/rober/Documentos/Roberto/Universidad/Proyectos/Carrito_joshua/STM32F-CAR/JP_Carro/Seguidor_linea/Debug/../Core/Inc/Centroide.h:9: multiple definition of `M_MID1'; ./Core/Src/Centroide.o:/home/rober/Documentos/Roberto/Universidad/Proyectos/Carrito_joshua/STM32F-CAR/JP_Carro/Seguidor_linea/Debug/../Core/Inc/Centroide.h:9: first defined here
/home/rober/st/stm32cubeide_2.0.0/plugins/com.st.stm32cube.ide.mcu.externaltools.gnu-tools-for-stm32.13.3.rel1.linux64_1.0.100.202509120712/tools/bin/../lib/gcc/arm-none-eabi/13.3.1/../../../../arm-none-eabi/bin/ld: ./Core/Src/Mamdani.o:/home/rober/Documentos/Roberto/Universidad/Proyectos/Carrito_joshua/STM32F-CAR/JP_Carro/Seguidor_linea/Debug/../Core/Inc/Centroide.h:10: multiple definition of `M_HIGH'; ./Core/Src/Centroide.o:/home/rober/Documentos/Roberto/Universidad/Proyectos/Carrito_joshua/STM32F-CAR/JP_Carro/Seguidor_linea/Debug/../Core/Inc/Centroide.h:10: first defined here
/home/rober/st/stm32cubeide_2.0.0/plugins/com.st.stm32cube.ide.mcu.externaltools.gnu-tools-for-stm32.13.3.rel1.linux64_1.0.100.202509120712/tools/bin/../lib/gcc/arm-none-eabi/13.3.1/../../../../arm-none-eabi/bin/ld: ./Core/Src/Mamdani.o: in function `f_Low':
/home/rober/Documentos/Roberto/Universidad/Proyectos/Carrito_joshua/STM32F-CAR/JP_Carro/Seguidor_linea/Debug/../Core/Inc/Centroide.h:30: multiple definition of `f_Low'; ./Core/Src/Centroide.o:/home/rober/Documentos/Roberto/Universidad/Proyectos/Carrito_joshua/STM32F-CAR/JP_Carro/Seguidor_linea/Debug/../Core/Inc/Centroide.h:30: first defined here
/home/rober/st/stm32cubeide_2.0.0/plugins/com.st.stm32cube.ide.mcu.externaltools.gnu-tools-for-stm32.13.3.rel1.linux64_1.0.100.202509120712/tools/bin/../lib/gcc/arm-none-eabi/13.3.1/../../../../arm-none-eabi/bin/ld: ./Core/Src/Mamdani.o: in function `f_Mid1':
/home/rober/Documentos/Roberto/Universidad/Proyectos/Carrito_joshua/STM32F-CAR/JP_Carro/Seguidor_linea/Debug/../Core/Inc/Centroide.h:34: multiple definition of `f_Mid1'; ./Core/Src/Centroide.o:/home/rober/Documentos/Roberto/Universidad/Proyectos/Carrito_joshua/STM32F-CAR/JP_Carro/Seguidor_linea/Debug/../Core/Inc/Centroide.h:34: first defined here
/home/rober/st/stm32cubeide_2.0.0/plugins/com.st.stm32cube.ide.mcu.externaltools.gnu-tools-for-stm32.13.3.rel1.linux64_1.0.100.202509120712/tools/bin/../lib/gcc/arm-none-eabi/13.3.1/../../../../arm-none-eabi/bin/ld: ./Core/Src/Mamdani.o: in function `f_Mid2':
/home/rober/Documentos/Roberto/Universidad/Proyectos/Carrito_joshua/STM32F-CAR/JP_Carro/Seguidor_linea/Debug/../Core/Inc/Centroide.h:37: multiple definition of `f_Mid2'; ./Core/Src/Centroide.o:/home/rober/Documentos/Roberto/Universidad/Proyectos/Carrito_joshua/STM32F-CAR/JP_Carro/Seguidor_linea/Debug/../Core/Inc/Centroide.h:37: first defined here
/home/rober/st/stm32cubeide_2.0.0/plugins/com.st.stm32cube.ide.mcu.externaltools.gnu-tools-for-stm32.13.3.rel1.linux64_1.0.100.202509120712/tools/bin/../lib/gcc/arm-none-eabi/13.3.1/../../../../arm-none-eabi/bin/ld: ./Core/Src/Mamdani.o: in function `f_High':
/home/rober/Documentos/Roberto/Universidad/Proyectos/Carrito_joshua/STM32F-CAR/JP_Carro/Seguidor_linea/Debug/../Core/Inc/Centroide.h:41: multiple definition of `f_High'; ./Core/Src/Centroide.o:/home/rober/Documentos/Roberto/Universidad/Proyectos/Carrito_joshua/STM32F-CAR/JP_Carro/Seguidor_linea/Debug/../Core/Inc/Centroide.h:41: first defined here
/home/rober/st/stm32cubeide_2.0.0/plugins/com.st.stm32cube.ide.mcu.externaltools.gnu-tools-for-stm32.13.3.rel1.linux64_1.0.100.202509120712/tools/bin/../lib/gcc/arm-none-eabi/13.3.1/../../../../arm-none-eabi/bin/ld: ./Core/Src/Mamdani.o: in function `Centroid_T':
/home/rober/Documentos/Roberto/Universidad/Proyectos/Carrito_joshua/STM32F-CAR/JP_Carro/Seguidor_linea/Debug/../Core/Inc/Centroide.h:45: multiple definition of `Centroid_T'; ./Core/Src/Centroide.o:/home/rober/Documentos/Roberto/Universidad/Proyectos/Carrito_joshua/STM32F-CAR/JP_Carro/Seguidor_linea/Debug/../Core/Inc/Centroide.h:45: first defined here
/home/rober/st/stm32cubeide_2.0.0/plugins/com.st.stm32cube.ide.mcu.externaltools.gnu-tools-for-stm32.13.3.rel1.linux64_1.0.100.202509120712/tools/bin/../lib/gcc/arm-none-eabi/13.3.1/../../../../arm-none-eabi/bin/ld: ./Core/Src/Mamdani.o: in function `Centroid_T_R':
/home/rober/Documentos/Roberto/Universidad/Proyectos/Carrito_joshua/STM32F-CAR/JP_Carro/Seguidor_linea/Debug/../Core/Inc/Centroide.h:50: multiple definition of `Centroid_T_R'; ./Core/Src/Centroide.o:/home/rober/Documentos/Roberto/Universidad/Proyectos/Carrito_joshua/STM32F-CAR/JP_Carro/Seguidor_linea/Debug/../Core/Inc/Centroide.h:50: first defined here
/home/rober/st/stm32cubeide_2.0.0/plugins/com.st.stm32cube.ide.mcu.externaltools.gnu-tools-for-stm32.13.3.rel1.linux64_1.0.100.202509120712/tools/bin/../lib/gcc/arm-none-eabi/13.3.1/../../../../arm-none-eabi/bin/ld: ./Core/Src/Mamdani.o: in function `Centroid_Sq':
/home/rober/Documentos/Roberto/Universidad/Proyectos/Carrito_joshua/STM32F-CAR/JP_Carro/Seguidor_linea/Debug/../Core/Inc/Centroide.h:55: multiple definition of `Centroid_Sq'; ./Core/Src/Centroide.o:/home/rober/Documentos/Roberto/Universidad/Proyectos/Carrito_joshua/STM32F-CAR/JP_Carro/Seguidor_linea/Debug/../Core/Inc/Centroide.h:55: first defined here
collect2: error: ld returned 1 exit status
make: *** [makefile:64: Seguidor_linea.elf] Error 1
"make -j8 all" terminated with exit code 2. Build might be incomplete.

13:20:10 Build Failed. 12 errors, 10 warnings. (took 796ms)

