Archive member included to satisfy reference by file (symbol)

/opt/st/stm32cubeide_1.19.0/plugins/com.st.stm32cube.ide.mcu.externaltools.gnu-tools-for-stm32.13.3.rel1.linux64_1.0.0.202410170706/tools/bin/../lib/gcc/arm-none-eabi/13.3.1/../../../../arm-none-eabi/lib/thumb/v7-m/nofp/libc_nano.a(libc_a-exit.o)
                              /opt/st/stm32cubeide_1.19.0/plugins/com.st.stm32cube.ide.mcu.externaltools.gnu-tools-for-stm32.13.3.rel1.linux64_1.0.0.202410170706/tools/bin/../lib/gcc/arm-none-eabi/13.3.1/../../../../arm-none-eabi/lib/thumb/v7-m/nofp/crt0.o (exit)
/opt/st/stm32cubeide_1.19.0/plugins/com.st.stm32cube.ide.mcu.externaltools.gnu-tools-for-stm32.13.3.rel1.linux64_1.0.0.202410170706/tools/bin/../lib/gcc/arm-none-eabi/13.3.1/../../../../arm-none-eabi/lib/thumb/v7-m/nofp/libc_nano.a(libc_a-findfp.o)
                              /opt/st/stm32cubeide_1.19.0/plugins/com.st.stm32cube.ide.mcu.externaltools.gnu-tools-for-stm32.13.3.rel1.linux64_1.0.0.202410170706/tools/bin/../lib/gcc/arm-none-eabi/13.3.1/../../../../arm-none-eabi/lib/thumb/v7-m/nofp/libc_nano.a(libc_a-exit.o) (__stdio_exit_handler)
/opt/st/stm32cubeide_1.19.0/plugins/com.st.stm32cube.ide.mcu.externaltools.gnu-tools-for-stm32.13.3.rel1.linux64_1.0.0.202410170706/tools/bin/../lib/gcc/arm-none-eabi/13.3.1/../../../../arm-none-eabi/lib/thumb/v7-m/nofp/libc_nano.a(libc_a-fwalk.o)
                              /opt/st/stm32cubeide_1.19.0/plugins/com.st.stm32cube.ide.mcu.externaltools.gnu-tools-for-stm32.13.3.rel1.linux64_1.0.0.202410170706/tools/bin/../lib/gcc/arm-none-eabi/13.3.1/../../../../arm-none-eabi/lib/thumb/v7-m/nofp/libc_nano.a(libc_a-findfp.o) (_fwalk_sglue)
/opt/st/stm32cubeide_1.19.0/plugins/com.st.stm32cube.ide.mcu.externaltools.gnu-tools-for-stm32.13.3.rel1.linux64_1.0.0.202410170706/tools/bin/../lib/gcc/arm-none-eabi/13.3.1/../../../../arm-none-eabi/lib/thumb/v7-m/nofp/libc_nano.a(libc_a-stdio.o)
                              /opt/st/stm32cubeide_1.19.0/plugins/com.st.stm32cube.ide.mcu.externaltools.gnu-tools-for-stm32.13.3.rel1.linux64_1.0.0.202410170706/tools/bin/../lib/gcc/arm-none-eabi/13.3.1/../../../../arm-none-eabi/lib/thumb/v7-m/nofp/libc_nano.a(libc_a-findfp.o) (__sread)
/opt/st/stm32cubeide_1.19.0/plugins/com.st.stm32cube.ide.mcu.externaltools.gnu-tools-for-stm32.13.3.rel1.linux64_1.0.0.202410170706/tools/bin/../lib/gcc/arm-none-eabi/13.3.1/../../../../arm-none-eabi/lib/thumb/v7-m/nofp/libc_nano.a(libc_a-memset.o)
                              /opt/st/stm32cubeide_1.19.0/plugins/com.st.stm32cube.ide.mcu.externaltools.gnu-tools-for-stm32.13.3.rel1.linux64_1.0.0.202410170706/tools/bin/../lib/gcc/arm-none-eabi/13.3.1/../../../../arm-none-eabi/lib/thumb/v7-m/nofp/crt0.o (memset)
/opt/st/stm32cubeide_1.19.0/plugins/com.st.stm32cube.ide.mcu.externaltools.gnu-tools-for-stm32.13.3.rel1.linux64_1.0.0.202410170706/tools/bin/../lib/gcc/arm-none-eabi/13.3.1/../../../../arm-none-eabi/lib/thumb/v7-m/nofp/libc_nano.a(libc_a-closer.o)
                              /opt/st/stm32cubeide_1.19.0/plugins/com.st.stm32cube.ide.mcu.externaltools.gnu-tools-for-stm32.13.3.rel1.linux64_1.0.0.202410170706/tools/bin/../lib/gcc/arm-none-eabi/13.3.1/../../../../arm-none-eabi/lib/thumb/v7-m/nofp/libc_nano.a(libc_a-stdio.o) (_close_r)
/opt/st/stm32cubeide_1.19.0/plugins/com.st.stm32cube.ide.mcu.externaltools.gnu-tools-for-stm32.13.3.rel1.linux64_1.0.0.202410170706/tools/bin/../lib/gcc/arm-none-eabi/13.3.1/../../../../arm-none-eabi/lib/thumb/v7-m/nofp/libc_nano.a(libc_a-reent.o)
                              /opt/st/stm32cubeide_1.19.0/plugins/com.st.stm32cube.ide.mcu.externaltools.gnu-tools-for-stm32.13.3.rel1.linux64_1.0.0.202410170706/tools/bin/../lib/gcc/arm-none-eabi/13.3.1/../../../../arm-none-eabi/lib/thumb/v7-m/nofp/libc_nano.a(libc_a-closer.o) (errno)
/opt/st/stm32cubeide_1.19.0/plugins/com.st.stm32cube.ide.mcu.externaltools.gnu-tools-for-stm32.13.3.rel1.linux64_1.0.0.202410170706/tools/bin/../lib/gcc/arm-none-eabi/13.3.1/../../../../arm-none-eabi/lib/thumb/v7-m/nofp/libc_nano.a(libc_a-impure.o)
                              /opt/st/stm32cubeide_1.19.0/plugins/com.st.stm32cube.ide.mcu.externaltools.gnu-tools-for-stm32.13.3.rel1.linux64_1.0.0.202410170706/tools/bin/../lib/gcc/arm-none-eabi/13.3.1/../../../../arm-none-eabi/lib/thumb/v7-m/nofp/libc_nano.a(libc_a-reent.o) (_impure_ptr)
/opt/st/stm32cubeide_1.19.0/plugins/com.st.stm32cube.ide.mcu.externaltools.gnu-tools-for-stm32.13.3.rel1.linux64_1.0.0.202410170706/tools/bin/../lib/gcc/arm-none-eabi/13.3.1/../../../../arm-none-eabi/lib/thumb/v7-m/nofp/libc_nano.a(libc_a-lseekr.o)
                              /opt/st/stm32cubeide_1.19.0/plugins/com.st.stm32cube.ide.mcu.externaltools.gnu-tools-for-stm32.13.3.rel1.linux64_1.0.0.202410170706/tools/bin/../lib/gcc/arm-none-eabi/13.3.1/../../../../arm-none-eabi/lib/thumb/v7-m/nofp/libc_nano.a(libc_a-stdio.o) (_lseek_r)
[...]
Memory Configuration

Name             Origin             Length             Attributes
RAM              0x20000000         0x00005000         xrw
FLASH            0x08000000         0x00010000         xr
*default*        0x00000000         0xffffffff

Linker script and memory map

LOAD /opt/st/stm32cubeide_1.19.0/plugins/com.st.stm32cube.ide.mcu.externaltools.gnu-tools-for-stm32.13.3.rel1.linux64_1.0.0.202410170706/tools/bin/../lib/gcc/arm-none-eabi/13.3.1/thumb/v7-m/nofp/crti.o
LOAD /opt/st/stm32cubeide_1.19.0/plugins/com.st.stm32cube.ide.mcu.externaltools.gnu-tools-for-stm32.13.3.rel1.linux64_1.0.0.202410170706/tools/bin/../lib/gcc/arm-none-eabi/13.3.1/thumb/v7-m/nofp/crtbegin.o
LOAD /opt/st/stm32cubeide_1.19.0/plugins/com.st.stm32cube.ide.mcu.externaltools.gnu-tools-for-stm32.13.3.rel1.linux64_1.0.0.202410170706/tools/bin/../lib/gcc/arm-none-eabi/13.3.1/../../../../arm-none-eabi/lib/thumb/v7-m/nofp/crt0.o
LOAD ./Core/Src/NRF24.o
LOAD ./Core/Src/conf.o
LOAD ./Core/Src/main.o
LOAD ./Core/Src/stm32f1xx_hal_msp.o
LOAD ./Core/Src/stm32f1xx_it.o
LOAD ./Core/Src/syscalls.o
LOAD ./Core/Src/sysmem.o
LOAD ./Core/Src/system_stm32f1xx.o
LOAD ./Core/Startup/startup_stm32f103c8tx.o
LOAD ./Drivers/STM32F1xx_HAL_Driver/Src/stm32f1xx_hal.o
LOAD ./Drivers/STM32F1xx_HAL_Driver/Src/stm32f1xx_hal_cortex.o
LOAD ./Drivers/STM32F1xx_HAL_Driver/Src/stm32f1xx_hal_dma.o
LOAD ./Drivers/STM32F1xx_HAL_Driver/Src/stm32f1xx_hal_exti.o
LOAD ./Drivers/STM32F1xx_HAL_Driver/Src/stm32f1xx_hal_flash.o
LOAD ./Drivers/STM32F1xx_HAL_Driver/Src/stm32f1xx_hal_flash_ex.o
LOAD ./Drivers/STM32F1xx_HAL_Driver/Src/stm32f1xx_hal_gpio.o
LOAD ./Drivers/STM32F1xx_HAL_Driver/Src/stm32f1xx_hal_gpio_ex.o
LOAD ./Drivers/STM32F1xx_HAL_Driver/Src/stm32f1xx_hal_pwr.o
LOAD ./Drivers/STM32F1xx_HAL_Driver/Src/stm32f1xx_hal_rcc.o
LOAD ./Drivers/STM32F1xx_HAL_Driver/Src/stm32f1xx_hal_rcc_ex.o
LOAD ./Drivers/STM32F1xx_HAL_Driver/Src/stm32f1xx_hal_spi.o
LOAD ./Drivers/STM32F1xx_HAL_Driver/Src/stm32f1xx_hal_tim.o
LOAD ./Drivers/STM32F1xx_HAL_Driver/Src/stm32f1xx_hal_tim_ex.o
START GROUP
LOAD /opt/st/stm32cubeide_1.19.0/plugins/com.st.stm32cube.ide.mcu.externaltools.gnu-tools-for-stm32.13.3.rel1.linux64_1.0.0.202410170706/tools/bin/../lib/gcc/arm-none-eabi/13.3.1/../../../../arm-none-eabi/lib/thumb/v7-m/nofp/libc_nano.a
LOAD /opt/st/stm32cubeide_1.19.0/plugins/com.st.stm32cube.ide.mcu.externaltools.gnu-tools-for-stm32.13.3.rel1.linux64_1.0.0.202410170706/tools/bin/../lib/gcc/arm-none-eabi/13.3.1/../../../../arm-none-eabi/lib/thumb/v7-m/nofp/libm.a
END GROUP
START GROUP
LOAD /opt/st/stm32cubeide_1.19.0/plugins/com.st.stm32cube.ide.mcu.externaltools.gnu-tools-for-stm32.13.3.rel1.linux64_1.0.0.202410170706/tools/bin/../lib/gcc/arm-none-eabi/13.3.1/thumb/v7-m/nofp/libgcc.a
LOAD /opt/st/stm32cubeide_1.19.0/plugins/com.st.stm32cube.ide.mcu.externaltools.gnu-tools-for-stm32.13.3.rel1.linux64_1.0.0.202410170706/tools/bin/../lib/gcc/arm-none-eabi/13.3.1/../../../../arm-none-eabi/lib/thumb/v7-m/nofp/libc_nano.a
END GROUP
START GROUP
LOAD /opt/st/stm32cubeide_1.19.0/plugins/com.st.stm32cube.ide.mcu.externaltools.gnu-tools-for-stm32.13.3.rel1.linux64_1.0.0.202410170706/tools/bin/../lib/gcc/arm-none-eabi/13.3.1/thumb/v7-m/nofp/libgcc.a
LOAD /opt/st/stm32cubeide_1.19.0/plugins/com.st.stm32cube.ide.mcu.externaltools.gnu-tools-for-stm32.13.3.rel1.linux64_1.0.0.202410170706/tools/bin/../lib/gcc/arm-none-eabi/13.3.1/../../../../arm-none-eabi/lib/thumb/v7-m/nofp/libc_nano.a
LOAD /opt/st/stm32cubeide_1.19.0/plugins/com.st.stm32cube.ide.mcu.externaltools.gnu-tools-for-stm32.13.3.rel1.linux64_1.0.0.202410170706/tools/bin/../lib/gcc/arm-none-eabi/13.3.1/../../../../arm-none-eabi/lib/thumb/v7-m/nofp/libnosys.a
END GROUP
START GROUP
LOAD /opt/st/stm32cubeide_1.19.0/plugins/com.st.stm32cube.ide.mcu.externaltools.gnu-tools-for-stm32.13.3.rel1.linux64_1.0.0.202410170706/tools/bin/../lib/gcc/arm-none-eabi/13.3.1/thumb/v7-m/nofp/libgcc.a
LOAD /opt/st/stm32cubeide_1.19.0/plugins/com.st.stm32cube.ide.mcu.externaltools.gnu-tools-for-stm32.13.3.rel1.linux64_1.0.0.202410170706/tools/bin/../lib/gcc/arm-none-eabi/13.3.1/../../../../arm-none-eabi/lib/thumb/v7-m/nofp/libc_nano.a
LOAD /opt/st/stm32cubeide_1.19.0/plugins/com.st.stm32cube.ide.mcu.externaltools.gnu-tools-for-stm32.13.3.rel1.linux64_1.0.0.202410170706/tools/bin/../lib/gcc/arm-none-eabi/13.3.1/../../../../arm-none-eabi/lib/thumb/v7-m/nofp/libnosys.a
END GROUP
LOAD /opt/st/stm32cubeide_1.19.0/plugins/com.st.stm32cube.ide.mcu.externaltools.gnu-tools-for-stm32.13.3.rel1.linux64_1.0.0.202410170706/tools/bin/../lib/gcc/arm-none-eabi/13.3.1/thumb/v7-m/nofp/crtend.o
LOAD /opt/st/stm32cubeide_1.19.0/plugins/com.st.stm32cube.ide.mcu.externaltools.gnu-tools-for-stm32.13.3.rel1.linux64_1.0.0.202410170706/tools/bin/../lib/gcc/arm-none-eabi/13.3.1/thumb/v7-m/nofp/crtn.o
                0x20005000                        _estack = (ORIGIN (RAM) + LENGTH (RAM))
                0x00000200                        _Min_Heap_Size = 0x200
                0x00000400                        _Min_Stack_Size = 0x400

.isr_vector     0x08000000      0x10c
                0x08000000                        . = ALIGN (0x4)
 *(.isr_vector)
 .isr_vector    0x08000000      0x10c ./Core/Startup/startup_stm32f103c8tx.o
                0x08000000                g_pfnVectors
                0x0800010c                        . = ALIGN (0x4)

.text           0x0800010c     0x3584
                0x0800010c                        . = ALIGN (0x4)
 *(.text)
 .text          0x0800010c       0x40 /opt/st/stm32cubeide_1.19.0/plugins/com.st.stm32cube.ide.mcu.externaltools.gnu-tools-for-stm32.13.3.rel1.linux64_1.0.0.202410170706/tools/bin/../lib/gcc/arm-none-eabi/13.3.1/thumb/v7-m/nofp/crtbegin.o
 .text          0x0800014c      0x21c /opt/st/stm32cubeide_1.19.0/plugins/com.st.stm32cube.ide.mcu.externaltools.gnu-tools-for-stm32.13.3.rel1.linux64_1.0.0.202410170706/tools/bin/../lib/gcc/arm-none-eabi/13.3.1/thumb/v7-m/nofp/libgcc.a(_arm_addsubsf3.o)
                0x0800014c                __aeabi_frsub
                0x08000154                __subsf3
                0x08000154                __aeabi_fsub
                0x08000158                __aeabi_fadd
                0x08000158                __addsf3
                0x080002b8                __aeabi_ui2f
                0x080002b8                __floatunsisf
                0x080002c0                __aeabi_i2f
                0x080002c0                __floatsisf
                0x080002dc                __floatundisf
                0x080002dc                __aeabi_ul2f
                0x080002ec                __floatdisf
                0x080002ec                __aeabi_l2f
 .text          0x08000368       0x40 /opt/st/stm32cubeide_1.19.0/plugins/com.st.stm32cube.ide.mcu.externaltools.gnu-tools-for-stm32.13.3.rel1.linux64_1.0.0.202410170706/tools/bin/../lib/gcc/arm-none-eabi/13.3.1/thumb/v7-m/nofp/libgcc.a(_arm_fixunssfsi.o)
                0x08000368                __aeabi_f2uiz
                0x08000368                __fixunssfsi
 *(.text*)
 .text.csn_high
                0x080003a8       0x18 ./Core/Src/NRF24.o
                0x080003a8                csn_high
 .text.csn_low  0x080003c0       0x18 ./Core/Src/NRF24.o
                0x080003c0                csn_low
 .text.ce_high  0x080003d8       0x18 ./Core/Src/NRF24.o
                0x080003d8                ce_high
 .text.nrf24_w_reg
                0x080003f0       0x50 ./Core/Src/NRF24.o
                0x080003f0                nrf24_w_reg
 .text.nrf24_r_reg
                0x08000440       0x50 ./Core/Src/NRF24.o
                0x08000440                nrf24_r_reg
 .text.nrf24_w_spec_cmd
                0x08000490       0x24 ./Core/Src/NRF24.o
                0x08000490                nrf24_w_spec_cmd
 .text.nrf24_pwr_up
                0x080004b4       0x34 ./Core/Src/NRF24.o
                0x080004b4                nrf24_pwr_up
 .text.nrf24_tx_pwr
                0x080004e8       0x4e ./Core/Src/NRF24.o
                0x080004e8                nrf24_tx_pwr
 .text.nrf24_data_rate
                0x08000536       0x5c ./Core/Src/NRF24.o
                0x08000536                nrf24_data_rate
 .text.nrf24_set_channel
                0x08000592       0x1e ./Core/Src/NRF24.o
                0x08000592                nrf24_set_channel
 .text.nrf24_open_tx_pipe
                0x080005b0       0x1a ./Core/Src/NRF24.o
                0x080005b0                nrf24_open_tx_pipe
 *fill*         0x080005ca        0x2 
 .text.nrf24_pipe_pld_size
                0x080005cc       0x9c ./Core/Src/NRF24.o
                0x080005cc                nrf24_pipe_pld_size
 .text.nrf24_open_rx_pipe
                0x08000668       0xdc ./Core/Src/NRF24.o
                0x08000668                nrf24_open_rx_pipe
 .text.nrf24_set_crc
                0x08000744       0x5c ./Core/Src/NRF24.o
                0x08000744                nrf24_set_crc
 .text.nrf24_flush_tx
                0x080007a0       0x16 ./Core/Src/NRF24.o
                0x080007a0                nrf24_flush_tx
 .text.nrf24_flush_rx
                0x080007b6       0x16 ./Core/Src/NRF24.o
                0x080007b6                nrf24_flush_rx
 .text.nrf24_r_status
                0x080007cc       0x38 ./Core/Src/NRF24.o
                0x080007cc                nrf24_r_status
 .text.nrf24_clear_rx_dr
                0x08000804       0x30 ./Core/Src/NRF24.o
                0x08000804                nrf24_clear_rx_dr
 .text.nrf24_clear_tx_ds
                0x08000834       0x30 ./Core/Src/NRF24.o
                0x08000834                nrf24_clear_tx_ds
 .text.nrf24_clear_max_rt
                0x08000864       0x30 ./Core/Src/NRF24.o
                0x08000864                nrf24_clear_max_rt
 .text.nrf24_listen
                0x08000894       0x38 ./Core/Src/NRF24.o
                0x08000894                nrf24_listen
 .text.nrf24_data_available
                0x080008cc       0x2a ./Core/Src/NRF24.o
                0x080008cc                nrf24_data_available
 *fill*         0x080008f6        0x2 
 .text.nrf24_receive
                0x080008f8       0x48 ./Core/Src/NRF24.o
                0x080008f8                nrf24_receive
 .text.nrf24_init
                0x08000940       0x20 ./Core/Src/NRF24.o
                0x08000940                nrf24_init
 .text.CAR_Speed
                0x08000960       0x58 ./Core/Src/conf.o
                0x08000960                CAR_Speed
 .text.CAR_Front
                0x080009b8       0x28 ./Core/Src/conf.o
                0x080009b8                CAR_Front
 .text.CAR_Back
                0x080009e0       0x28 ./Core/Src/conf.o
                0x080009e0                CAR_Back
 .text.CAR_Direction
                0x08000a08       0x24 ./Core/Src/conf.o
                0x08000a08                CAR_Direction
 .text.main     0x08000a2c      0x154 ./Core/Src/main.o
                0x08000a2c                main
 .text.SystemClock_Config
                0x08000b80       0x80 ./Core/Src/main.o
                0x08000b80                SystemClock_Config
 .text.MX_SPI2_Init
                0x08000c00       0x6c ./Core/Src/main.o
 .text.MX_TIM2_Init
                0x08000c6c       0xc8 ./Core/Src/main.o
 .text.MX_TIM3_Init
                0x08000d34       0xb4 ./Core/Src/main.o
 .text.MX_GPIO_Init
                0x08000de8       0x9c ./Core/Src/main.o
 .text.Error_Handler
                0x08000e84        0xc ./Core/Src/main.o
                0x08000e84                Error_Handler
 .text.HAL_MspInit
                0x08000e90       0x64 ./Core/Src/stm32f1xx_hal_msp.o
                0x08000e90                HAL_MspInit
 .text.HAL_SPI_MspInit
                0x08000ef4       0xa8 ./Core/Src/stm32f1xx_hal_msp.o
                0x08000ef4                HAL_SPI_MspInit
 .text.HAL_TIM_PWM_MspInit
                0x08000f9c       0x60 ./Core/Src/stm32f1xx_hal_msp.o
                0x08000f9c                HAL_TIM_PWM_MspInit
 .text.HAL_TIM_MspPostInit
                0x08000ffc       0xcc ./Core/Src/stm32f1xx_hal_msp.o
                0x08000ffc                HAL_TIM_MspPostInit
 .text.NMI_Handler
                0x080010c8        0x8 ./Core/Src/stm32f1xx_it.o
                0x080010c8                NMI_Handler
 .text.HardFault_Handler
                0x080010d0        0x8 ./Core/Src/stm32f1xx_it.o
                0x080010d0                HardFault_Handler
 .text.MemManage_Handler
                0x080010d8        0x8 ./Core/Src/stm32f1xx_it.o
                0x080010d8                MemManage_Handler
 .text.BusFault_Handler
                0x080010e0        0x8 ./Core/Src/stm32f1xx_it.o
                0x080010e0                BusFault_Handler
 .text.UsageFault_Handler
                0x080010e8        0x8 ./Core/Src/stm32f1xx_it.o
                0x080010e8                UsageFault_Handler
 .text.SVC_Handler
                0x080010f0        0xc ./Core/Src/stm32f1xx_it.o
                0x080010f0                SVC_Handler
 .text.DebugMon_Handler
                0x080010fc        0xc ./Core/Src/stm32f1xx_it.o
                0x080010fc                DebugMon_Handler
 .text.PendSV_Handler
                0x08001108        0xc ./Core/Src/stm32f1xx_it.o
                0x08001108                PendSV_Handler
 .text.SysTick_Handler
                0x08001114        0xc ./Core/Src/stm32f1xx_it.o
                0x08001114                SysTick_Handler
 .text.SPI2_IRQHandler
                0x08001120       0x14 ./Core/Src/stm32f1xx_it.o
                0x08001120                SPI2_IRQHandler
 .text.SystemInit
                0x08001134        0xc ./Core/Src/system_stm32f1xx.o
                0x08001134                SystemInit
 .text.Reset_Handler
                0x08001140       0x48 ./Core/Startup/startup_stm32f103c8tx.o
                0x08001140                Reset_Handler
 .text.Default_Handler
                0x08001188        0x2 ./Core/Startup/startup_stm32f103c8tx.o
                0x08001188                RTC_Alarm_IRQHandler
                0x08001188                EXTI2_IRQHandler
                0x08001188                TIM1_CC_IRQHandler
                0x08001188                PVD_IRQHandler
                0x08001188                EXTI3_IRQHandler
                0x08001188                EXTI0_IRQHandler
                0x08001188                I2C2_EV_IRQHandler
                0x08001188                ADC1_2_IRQHandler
                0x08001188                SPI1_IRQHandler
                0x08001188                TAMPER_IRQHandler
                0x08001188                DMA1_Channel4_IRQHandler
                0x08001188                USART3_IRQHandler
                0x08001188                RTC_IRQHandler
                0x08001188                DMA1_Channel7_IRQHandler
                0x08001188                CAN1_RX1_IRQHandler
                0x08001188                TIM4_IRQHandler
                0x08001188                I2C1_EV_IRQHandler
                0x08001188                DMA1_Channel6_IRQHandler
                0x08001188                TIM3_IRQHandler
                0x08001188                RCC_IRQHandler
                0x08001188                TIM1_TRG_COM_IRQHandler
                0x08001188                DMA1_Channel1_IRQHandler
                0x08001188                Default_Handler
                0x08001188                EXTI15_10_IRQHandler
                0x08001188                EXTI9_5_IRQHandler
                0x08001188                DMA1_Channel5_IRQHandler
                0x08001188                EXTI4_IRQHandler
                0x08001188                USB_LP_CAN1_RX0_IRQHandler
                0x08001188                USB_HP_CAN1_TX_IRQHandler
                0x08001188                DMA1_Channel3_IRQHandler
                0x08001188                TIM1_UP_IRQHandler
                0x08001188                WWDG_IRQHandler
                0x08001188                TIM2_IRQHandler
                0x08001188                TIM1_BRK_IRQHandler
                0x08001188                EXTI1_IRQHandler
                0x08001188                USART2_IRQHandler
                0x08001188                I2C2_ER_IRQHandler
                0x08001188                DMA1_Channel2_IRQHandler
                0x08001188                CAN1_SCE_IRQHandler
                0x08001188                FLASH_IRQHandler
                0x08001188                USART1_IRQHandler
                0x08001188                I2C1_ER_IRQHandler
                0x08001188                USBWakeUp_IRQHandler
 *fill*         0x0800118a        0x2 
 .text.HAL_Init
                0x0800118c       0x2c ./Drivers/STM32F1xx_HAL_Driver/Src/stm32f1xx_hal.o
                0x0800118c                HAL_Init
 .text.HAL_InitTick
                0x080011b8       0x60 ./Drivers/STM32F1xx_HAL_Driver/Src/stm32f1xx_hal.o
                0x080011b8                HAL_InitTick
 .text.HAL_IncTick
                0x08001218       0x24 ./Drivers/STM32F1xx_HAL_Driver/Src/stm32f1xx_hal.o
                0x08001218                HAL_IncTick
 .text.HAL_GetTick
                0x0800123c       0x14 ./Drivers/STM32F1xx_HAL_Driver/Src/stm32f1xx_hal.o
                0x0800123c                HAL_GetTick
 .text.HAL_Delay
                0x08001250       0x48 ./Drivers/STM32F1xx_HAL_Driver/Src/stm32f1xx_hal.o
                0x08001250                HAL_Delay
 .text.__NVIC_SetPriorityGrouping
                0x08001298       0x48 ./Drivers/STM32F1xx_HAL_Driver/Src/stm32f1xx_hal_cortex.o
 .text.__NVIC_GetPriorityGrouping
                0x080012e0       0x1c ./Drivers/STM32F1xx_HAL_Driver/Src/stm32f1xx_hal_cortex.o
 .text.__NVIC_EnableIRQ
                0x080012fc       0x38 ./Drivers/STM32F1xx_HAL_Driver/Src/stm32f1xx_hal_cortex.o
 .text.__NVIC_SetPriority
                0x08001334       0x54 ./Drivers/STM32F1xx_HAL_Driver/Src/stm32f1xx_hal_cortex.o
 .text.NVIC_EncodePriority
                0x08001388       0x64 ./Drivers/STM32F1xx_HAL_Driver/Src/stm32f1xx_hal_cortex.o
 .text.SysTick_Config
                0x080013ec       0x44 ./Drivers/STM32F1xx_HAL_Driver/Src/stm32f1xx_hal_cortex.o
 .text.HAL_NVIC_SetPriorityGrouping
                0x08001430       0x16 ./Drivers/STM32F1xx_HAL_Driver/Src/stm32f1xx_hal_cortex.o
                0x08001430                HAL_NVIC_SetPriorityGrouping
 .text.HAL_NVIC_SetPriority
                0x08001446       0x38 ./Drivers/STM32F1xx_HAL_Driver/Src/stm32f1xx_hal_cortex.o
                0x08001446                HAL_NVIC_SetPriority
 .text.HAL_NVIC_EnableIRQ
                0x0800147e       0x1c ./Drivers/STM32F1xx_HAL_Driver/Src/stm32f1xx_hal_cortex.o
                0x0800147e                HAL_NVIC_EnableIRQ
 .text.HAL_SYSTICK_Config
                0x0800149a       0x18 ./Drivers/STM32F1xx_HAL_Driver/Src/stm32f1xx_hal_cortex.o
                0x0800149a                HAL_SYSTICK_Config
 *fill*         0x080014b2        0x2 
 .text.HAL_DMA_Abort_IT
                0x080014b4       0xf0 ./Drivers/STM32F1xx_HAL_Driver/Src/stm32f1xx_hal_dma.o
                0x080014b4                HAL_DMA_Abort_IT
 .text.HAL_GPIO_Init
                0x080015a4      0x308 ./Drivers/STM32F1xx_HAL_Driver/Src/stm32f1xx_hal_gpio.o
                0x080015a4                HAL_GPIO_Init
 .text.HAL_GPIO_WritePin
                0x080018ac       0x30 ./Drivers/STM32F1xx_HAL_Driver/Src/stm32f1xx_hal_gpio.o
                0x080018ac                HAL_GPIO_WritePin
 .text.HAL_RCC_OscConfig
                0x080018dc      0x504 ./Drivers/STM32F1xx_HAL_Driver/Src/stm32f1xx_hal_rcc.o
                0x080018dc                HAL_RCC_OscConfig
 .text.HAL_RCC_ClockConfig
                0x08001de0      0x1d4 ./Drivers/STM32F1xx_HAL_Driver/Src/stm32f1xx_hal_rcc.o
                0x08001de0                HAL_RCC_ClockConfig
 .text.HAL_RCC_GetSysClockFreq
                0x08001fb4       0xa8 ./Drivers/STM32F1xx_HAL_Driver/Src/stm32f1xx_hal_rcc.o
                0x08001fb4                HAL_RCC_GetSysClockFreq
 .text.RCC_Delay
                0x0800205c       0x3c ./Drivers/STM32F1xx_HAL_Driver/Src/stm32f1xx_hal_rcc.o
 .text.HAL_SPI_Init
                0x08002098      0x108 ./Drivers/STM32F1xx_HAL_Driver/Src/stm32f1xx_hal_spi.o
                0x08002098                HAL_SPI_Init
 .text.HAL_SPI_Transmit
                0x080021a0      0x288 ./Drivers/STM32F1xx_HAL_Driver/Src/stm32f1xx_hal_spi.o
                0x080021a0                HAL_SPI_Transmit
 .text.HAL_SPI_Receive
                0x08002428      0x232 ./Drivers/STM32F1xx_HAL_Driver/Src/stm32f1xx_hal_spi.o
                0x08002428                HAL_SPI_Receive
 .text.HAL_SPI_TransmitReceive
                0x0800265a      0x352 ./Drivers/STM32F1xx_HAL_Driver/Src/stm32f1xx_hal_spi.o
                0x0800265a                HAL_SPI_TransmitReceive
 .text.HAL_SPI_IRQHandler
                0x080029ac      0x1cc ./Drivers/STM32F1xx_HAL_Driver/Src/stm32f1xx_hal_spi.o
                0x080029ac                HAL_SPI_IRQHandler
 .text.HAL_SPI_ErrorCallback
                0x08002b78       0x12 ./Drivers/STM32F1xx_HAL_Driver/Src/stm32f1xx_hal_spi.o
                0x08002b78                HAL_SPI_ErrorCallback
 .text.SPI_DMAAbortOnError
                0x08002b8a       0x28 ./Drivers/STM32F1xx_HAL_Driver/Src/stm32f1xx_hal_spi.o
 *fill*         0x08002bb2        0x2 
 .text.SPI_WaitFlagStateUntilTimeout
                0x08002bb4      0x110 ./Drivers/STM32F1xx_HAL_Driver/Src/stm32f1xx_hal_spi.o
 .text.SPI_EndRxTransaction
                0x08002cc4       0xa4 ./Drivers/STM32F1xx_HAL_Driver/Src/stm32f1xx_hal_spi.o
 .text.SPI_EndRxTxTransaction
                0x08002d68       0x62 ./Drivers/STM32F1xx_HAL_Driver/Src/stm32f1xx_hal_spi.o
 .text.HAL_TIM_PWM_Init
                0x08002dca       0x9e ./Drivers/STM32F1xx_HAL_Driver/Src/stm32f1xx_hal_tim.o
                0x08002dca                HAL_TIM_PWM_Init
 .text.HAL_TIM_PWM_Start
                0x08002e68      0x144 ./Drivers/STM32F1xx_HAL_Driver/Src/stm32f1xx_hal_tim.o
                0x08002e68                HAL_TIM_PWM_Start
 .text.HAL_TIM_PWM_ConfigChannel
                0x08002fac      0x184 ./Drivers/STM32F1xx_HAL_Driver/Src/stm32f1xx_hal_tim.o
                0x08002fac                HAL_TIM_PWM_ConfigChannel
 .text.TIM_Base_SetConfig
                0x08003130       0xdc ./Drivers/STM32F1xx_HAL_Driver/Src/stm32f1xx_hal_tim.o
                0x08003130                TIM_Base_SetConfig
 .text.TIM_OC1_SetConfig
                0x0800320c       0xcc ./Drivers/STM32F1xx_HAL_Driver/Src/stm32f1xx_hal_tim.o
 .text.TIM_OC2_SetConfig
                0x080032d8       0xd4 ./Drivers/STM32F1xx_HAL_Driver/Src/stm32f1xx_hal_tim.o
                0x080032d8                TIM_OC2_SetConfig
 .text.TIM_OC3_SetConfig
                0x080033ac       0xd4 ./Drivers/STM32F1xx_HAL_Driver/Src/stm32f1xx_hal_tim.o
 .text.TIM_OC4_SetConfig
                0x08003480       0x9c ./Drivers/STM32F1xx_HAL_Driver/Src/stm32f1xx_hal_tim.o
 .text.TIM_CCxChannelCmd
                0x0800351c       0x48 ./Drivers/STM32F1xx_HAL_Driver/Src/stm32f1xx_hal_tim.o
                0x0800351c                TIM_CCxChannelCmd
 .text.HAL_TIMEx_MasterConfigSynchronization
                0x08003564       0xbc ./Drivers/STM32F1xx_HAL_Driver/Src/stm32f1xx_hal_tim_ex.o
                0x08003564                HAL_TIMEx_MasterConfigSynchronization
 .text.memset   0x08003620       0x10 /opt/st/stm32cubeide_1.19.0/plugins/com.st.stm32cube.ide.mcu.externaltools.gnu-tools-for-stm32.13.3.rel1.linux64_1.0.0.202410170706/tools/bin/../lib/gcc/arm-none-eabi/13.3.1/../../../../arm-none-eabi/lib/thumb/v7-m/nofp/libc_nano.a(libc_a-memset.o)
                0x08003620                memset
 .text.__libc_init_array
                0x08003630       0x48 /opt/st/stm32cubeide_1.19.0/plugins/com.st.stm32cube.ide.mcu.externaltools.gnu-tools-for-stm32.13.3.rel1.linux64_1.0.0.202410170706/tools/bin/../lib/gcc/arm-none-eabi/13.3.1/../../../../arm-none-eabi/lib/thumb/v7-m/nofp/libc_nano.a(libc_a-init.o)
                0x08003630                __libc_init_array
 *(.glue_7)
 .glue_7        0x08003678        0x0 linker stubs
 *(.glue_7t)
 .glue_7t       0x08003678        0x0 linker stubs
 *(.eh_frame)
 .eh_frame      0x08003678        0x0 /opt/st/stm32cubeide_1.19.0/plugins/com.st.stm32cube.ide.mcu.externaltools.gnu-tools-for-stm32.13.3.rel1.linux64_1.0.0.202410170706/tools/bin/../lib/gcc/arm-none-eabi/13.3.1/thumb/v7-m/nofp/crtbegin.o
 *(.init)
 .init          0x08003678        0x4 /opt/st/stm32cubeide_1.19.0/plugins/com.st.stm32cube.ide.mcu.externaltools.gnu-tools-for-stm32.13.3.rel1.linux64_1.0.0.202410170706/tools/bin/../lib/gcc/arm-none-eabi/13.3.1/thumb/v7-m/nofp/crti.o
                0x08003678                _init
 .init          0x0800367c        0x8 /opt/st/stm32cubeide_1.19.0/plugins/com.st.stm32cube.ide.mcu.externaltools.gnu-tools-for-stm32.13.3.rel1.linux64_1.0.0.202410170706/tools/bin/../lib/gcc/arm-none-eabi/13.3.1/thumb/v7-m/nofp/crtn.o
 *(.fini)
 .fini          0x08003684        0x4 /opt/st/stm32cubeide_1.19.0/plugins/com.st.stm32cube.ide.mcu.externaltools.gnu-tools-for-stm32.13.3.rel1.linux64_1.0.0.202410170706/tools/bin/../lib/gcc/arm-none-eabi/13.3.1/thumb/v7-m/nofp/crti.o
                0x08003684                _fini
 .fini          0x08003688        0x8 /opt/st/stm32cubeide_1.19.0/plugins/com.st.stm32cube.ide.mcu.externaltools.gnu-tools-for-stm32.13.3.rel1.linux64_1.0.0.202410170706/tools/bin/../lib/gcc/arm-none-eabi/13.3.1/thumb/v7-m/nofp/crtn.o
                0x08003690                        . = ALIGN (0x4)
                0x08003690                        _etext = .

.vfp11_veneer   0x08003690        0x0
 .vfp11_veneer  0x08003690        0x0 linker stubs

.v4_bx          0x08003690        0x0
 .v4_bx         0x08003690        0x0 linker stubs

.iplt           0x08003690        0x0
 .iplt          0x08003690        0x0 /opt/st/stm32cubeide_1.19.0/plugins/com.st.stm32cube.ide.mcu.externaltools.gnu-tools-for-stm32.13.3.rel1.linux64_1.0.0.202410170706/tools/bin/../lib/gcc/arm-none-eabi/13.3.1/thumb/v7-m/nofp/crtbegin.o

.rodata         0x08003690       0x24
                0x08003690                        . = ALIGN (0x4)
 *(.rodata)
 *(.rodata*)
 .rodata.AHBPrescTable
                0x08003690       0x10 ./Core/Src/system_stm32f1xx.o
                0x08003690                AHBPrescTable
 .rodata.aPLLMULFactorTable.1
                0x080036a0       0x10 ./Drivers/STM32F1xx_HAL_Driver/Src/stm32f1xx_hal_rcc.o
 .rodata.aPredivFactorTable.0
                0x080036b0        0x2 ./Drivers/STM32F1xx_HAL_Driver/Src/stm32f1xx_hal_rcc.o
                0x080036b4                        . = ALIGN (0x4)
 *fill*         0x080036b2        0x2 

.ARM.extab      0x080036b4        0x0
                0x080036b4                        . = ALIGN (0x4)
 *(.ARM.extab* .gnu.linkonce.armextab.*)
                0x080036b4                        . = ALIGN (0x4)

.ARM            0x080036b4        0x0
                0x080036b4                        . = ALIGN (0x4)
                0x080036b4                        __exidx_start = .
 *(.ARM.exidx*)
                0x080036b4                        __exidx_end = .
                0x080036b4                        . = ALIGN (0x4)

.preinit_array  0x080036b4        0x0
                0x080036b4                        . = ALIGN (0x4)
                0x080036b4                        PROVIDE (__preinit_array_start = .)
 *(.preinit_array*)
                0x080036b4                        PROVIDE (__preinit_array_end = .)
                0x080036b4                        . = ALIGN (0x4)

.init_array     0x080036b4        0x4
                0x080036b4                        . = ALIGN (0x4)
                0x080036b4                        PROVIDE (__init_array_start = .)
 *(SORT_BY_NAME(.init_array.*))
 *(.init_array*)
 .init_array    0x080036b4        0x4 /opt/st/stm32cubeide_1.19.0/plugins/com.st.stm32cube.ide.mcu.externaltools.gnu-tools-for-stm32.13.3.rel1.linux64_1.0.0.202410170706/tools/bin/../lib/gcc/arm-none-eabi/13.3.1/thumb/v7-m/nofp/crtbegin.o
                0x080036b8                        PROVIDE (__init_array_end = .)
                0x080036b8                        . = ALIGN (0x4)

.fini_array     0x080036b8        0x4
                0x080036b8                        . = ALIGN (0x4)
                [!provide]                        PROVIDE (__fini_array_start = .)
 *(SORT_BY_NAME(.fini_array.*))
 *(.fini_array*)
 .fini_array    0x080036b8        0x4 /opt/st/stm32cubeide_1.19.0/plugins/com.st.stm32cube.ide.mcu.externaltools.gnu-tools-for-stm32.13.3.rel1.linux64_1.0.0.202410170706/tools/bin/../lib/gcc/arm-none-eabi/13.3.1/thumb/v7-m/nofp/crtbegin.o
                [!provide]                        PROVIDE (__fini_array_end = .)
                0x080036bc                        . = ALIGN (0x4)
                0x080036bc                        _sidata = LOADADDR (.data)

.rel.dyn        0x080036bc        0x0
 .rel.iplt      0x080036bc        0x0 /opt/st/stm32cubeide_1.19.0/plugins/com.st.stm32cube.ide.mcu.externaltools.gnu-tools-for-stm32.13.3.rel1.linux64_1.0.0.202410170706/tools/bin/../lib/gcc/arm-none-eabi/13.3.1/thumb/v7-m/nofp/crtbegin.o

.data           0x20000000       0x10 load address 0x080036bc
                0x20000000                        . = ALIGN (0x4)
                0x20000000                        _sdata = .
 *(.data)
 *(.data*)
 .data.addrRx   0x20000000        0x4 ./Core/Src/main.o
                0x20000000                addrRx
 .data.SystemCoreClock
                0x20000004        0x4 ./Core/Src/system_stm32f1xx.o
                0x20000004                SystemCoreClock
 .data.uwTickPrio
                0x20000008        0x4 ./Drivers/STM32F1xx_HAL_Driver/Src/stm32f1xx_hal.o
                0x20000008                uwTickPrio
 .data.uwTickFreq
                0x2000000c        0x1 ./Drivers/STM32F1xx_HAL_Driver/Src/stm32f1xx_hal.o
                0x2000000c                uwTickFreq
 *(.RamFunc)
 *(.RamFunc*)
                0x20000010                        . = ALIGN (0x4)
 *fill*         0x2000000d        0x3 
                0x20000010                        _edata = .

.igot.plt       0x20000010        0x0 load address 0x080036cc
 .igot.plt      0x20000010        0x0 /opt/st/stm32cubeide_1.19.0/plugins/com.st.stm32cube.ide.mcu.externaltools.gnu-tools-for-stm32.13.3.rel1.linux64_1.0.0.202410170706/tools/bin/../lib/gcc/arm-none-eabi/13.3.1/thumb/v7-m/nofp/crtbegin.o
                0x20000010                        . = ALIGN (0x4)

.bss            0x20000010      0x118 load address 0x080036cc
                0x20000010                        _sbss = .
                0x20000010                        __bss_start__ = _sbss
 *(.bss)
 .bss           0x20000010       0x1c /opt/st/stm32cubeide_1.19.0/plugins/com.st.stm32cube.ide.mcu.externaltools.gnu-tools-for-stm32.13.3.rel1.linux64_1.0.0.202410170706/tools/bin/../lib/gcc/arm-none-eabi/13.3.1/thumb/v7-m/nofp/crtbegin.o
 *(.bss*)
 .bss.hspi2     0x2000002c       0x58 ./Core/Src/main.o
                0x2000002c                hspi2
 .bss.htim2     0x20000084       0x48 ./Core/Src/main.o
                0x20000084                htim2
 .bss.htim3     0x200000cc       0x48 ./Core/Src/main.o
                0x200000cc                htim3
 .bss.rxData    0x20000114        0x8 ./Core/Src/main.o
                0x20000114                rxData
 .bss.dataRx    0x2000011c        0x8 ./Core/Src/main.o
                0x2000011c                dataRx
 .bss.uwTick    0x20000124        0x4 ./Drivers/STM32F1xx_HAL_Driver/Src/stm32f1xx_hal.o
                0x20000124                uwTick
 *(COMMON)
                0x20000128                        . = ALIGN (0x4)
                0x20000128                        _ebss = .
                0x20000128                        __bss_end__ = _ebss

._user_heap_stack
                0x20000128      0x600 load address 0x080036cc
                0x20000128                        . = ALIGN (0x8)
                [!provide]                        PROVIDE (end = .)
                0x20000128                        PROVIDE (_end = .)
                0x20000328                        . = (. + _Min_Heap_Size)
 *fill*         0x20000128      0x200 
                0x20000728                        . = (. + _Min_Stack_Size)
 *fill*         0x20000328      0x400 
                0x20000728                        . = ALIGN (0x8)

/DISCARD/
 libc.a(*)
 libm.a(*)
 libgcc.a(*)

.ARM.attributes
                0x00000000       0x29
 *(.ARM.attributes)
 .ARM.attributes
                0x00000000       0x1d /opt/st/stm32cubeide_1.19.0/plugins/com.st.stm32cube.ide.mcu.externaltools.gnu-tools-for-stm32.13.3.rel1.linux64_1.0.0.202410170706/tools/bin/../lib/gcc/arm-none-eabi/13.3.1/thumb/v7-m/nofp/crti.o
 .ARM.attributes
                0x0000001d       0x2d /opt/st/stm32cubeide_1.19.0/plugins/com.st.stm32cube.ide.mcu.externaltools.gnu-tools-for-stm32.13.3.rel1.linux64_1.0.0.202410170706/tools/bin/../lib/gcc/arm-none-eabi/13.3.1/thumb/v7-m/nofp/crtbegin.o
 .ARM.attributes
                0x0000004a       0x2d ./Core/Src/NRF24.o
 .ARM.attributes
                0x00000077       0x2d ./Core/Src/conf.o
 .ARM.attributes
                0x000000a4       0x2d ./Core/Src/main.o
 .ARM.attributes
                0x000000d1       0x2d ./Core/Src/stm32f1xx_hal_msp.o
 .ARM.attributes
                0x000000fe       0x2d ./Core/Src/stm32f1xx_it.o
 .ARM.attributes
                0x0000012b       0x2d ./Core/Src/system_stm32f1xx.o
 .ARM.attributes
                0x00000158       0x21 ./Core/Startup/startup_stm32f103c8tx.o
 .ARM.attributes
                0x00000179       0x2d ./Drivers/STM32F1xx_HAL_Driver/Src/stm32f1xx_hal.o
 .ARM.attributes
                0x000001a6       0x2d ./Drivers/STM32F1xx_HAL_Driver/Src/stm32f1xx_hal_cortex.o
 .ARM.attributes
                0x000001d3       0x2d ./Drivers/STM32F1xx_HAL_Driver/Src/stm32f1xx_hal_dma.o
 .ARM.attributes
                0x00000200       0x2d ./Drivers/STM32F1xx_HAL_Driver/Src/stm32f1xx_hal_gpio.o
 .ARM.attributes
                0x0000022d       0x2d ./Drivers/STM32F1xx_HAL_Driver/Src/stm32f1xx_hal_rcc.o
 .ARM.attributes
                0x0000025a       0x2d ./Drivers/STM32F1xx_HAL_Driver/Src/stm32f1xx_hal_spi.o
 .ARM.attributes
                0x00000287       0x2d ./Drivers/STM32F1xx_HAL_Driver/Src/stm32f1xx_hal_tim.o
 .ARM.attributes
                0x000002b4       0x2d ./Drivers/STM32F1xx_HAL_Driver/Src/stm32f1xx_hal_tim_ex.o
 .ARM.attributes
                0x000002e1       0x2d /opt/st/stm32cubeide_1.19.0/plugins/com.st.stm32cube.ide.mcu.externaltools.gnu-tools-for-stm32.13.3.rel1.linux64_1.0.0.202410170706/tools/bin/../lib/gcc/arm-none-eabi/13.3.1/../../../../arm-none-eabi/lib/thumb/v7-m/nofp/libc_nano.a(libc_a-memset.o)
 .ARM.attributes
                0x0000030e       0x2d /opt/st/stm32cubeide_1.19.0/plugins/com.st.stm32cube.ide.mcu.externaltools.gnu-tools-for-stm32.13.3.rel1.linux64_1.0.0.202410170706/tools/bin/../lib/gcc/arm-none-eabi/13.3.1/../../../../arm-none-eabi/lib/thumb/v7-m/nofp/libc_nano.a(libc_a-init.o)
 .ARM.attributes
                0x0000033b       0x1d /opt/st/stm32cubeide_1.19.0/plugins/com.st.stm32cube.ide.mcu.externaltools.gnu-tools-for-stm32.13.3.rel1.linux64_1.0.0.202410170706/tools/bin/../lib/gcc/arm-none-eabi/13.3.1/thumb/v7-m/nofp/libgcc.a(_arm_addsubsf3.o)
 .ARM.attributes
                0x00000358       0x1d /opt/st/stm32cubeide_1.19.0/plugins/com.st.stm32cube.ide.mcu.externaltools.gnu-tools-for-stm32.13.3.rel1.linux64_1.0.0.202410170706/tools/bin/../lib/gcc/arm-none-eabi/13.3.1/thumb/v7-m/nofp/libgcc.a(_arm_fixunssfsi.o)
 .ARM.attributes
                0x00000375       0x1d /opt/st/stm32cubeide_1.19.0/plugins/com.st.stm32cube.ide.mcu.externaltools.gnu-tools-for-stm32.13.3.rel1.linux64_1.0.0.202410170706/tools/bin/../lib/gcc/arm-none-eabi/13.3.1/thumb/v7-m/nofp/crtn.o
OUTPUT(CARRITOBLPRX.elf elf32-littlearm)
LOAD linker stubs
LOAD /opt/st/stm32cubeide_1.19.0/plugins/com.st.stm32cube.ide.mcu.externaltools.gnu-tools-for-stm32.13.3.rel1.linux64_1.0.0.202410170706/tools/bin/../lib/gcc/arm-none-eabi/13.3.1/../../../../arm-none-eabi/lib/thumb/v7-m/nofp/libc.a
LOAD /opt/st/stm32cubeide_1.19.0/plugins/com.st.stm32cube.ide.mcu.externaltools.gnu-tools-for-stm32.13.3.rel1.linux64_1.0.0.202410170706/tools/bin/../lib/gcc/arm-none-eabi/13.3.1/../../../../arm-none-eabi/lib/thumb/v7-m/nofp/libm.a
LOAD /opt/st/stm32cubeide_1.19.0/plugins/com.st.stm32cube.ide.mcu.externaltools.gnu-tools-for-stm32.13.3.rel1.linux64_1.0.0.202410170706/tools/bin/../lib/gcc/arm-none-eabi/13.3.1/thumb/v7-m/nofp/libgcc.a

.debug_info     0x00000000     0xb3c5
 .debug_info    0x00000000     0x1058 ./Core/Src/NRF24.o
 .debug_info    0x00001058      0x445 ./Core/Src/conf.o
 .debug_info    0x0000149d     0x10d1 ./Core/Src/main.o
 .debug_info    0x0000256e      0xdf4 ./Core/Src/stm32f1xx_hal_msp.o
 .debug_info    0x00003362      0x613 ./Core/Src/stm32f1xx_it.o
 .debug_info    0x00003975      0x222 ./Core/Src/system_stm32f1xx.o
 .debug_info    0x00003b97       0x30 ./Core/Startup/startup_stm32f103c8tx.o
 .debug_info    0x00003bc7      0x704 ./Drivers/STM32F1xx_HAL_Driver/Src/stm32f1xx_hal.o
 .debug_info    0x000042cb      0xa87 ./Drivers/STM32F1xx_HAL_Driver/Src/stm32f1xx_hal_cortex.o
 .debug_info    0x00004d52      0x6d2 ./Drivers/STM32F1xx_HAL_Driver/Src/stm32f1xx_hal_dma.o
 .debug_info    0x00005424      0x5ab ./Drivers/STM32F1xx_HAL_Driver/Src/stm32f1xx_hal_gpio.o
 .debug_info    0x000059cf      0x7d5 ./Drivers/STM32F1xx_HAL_Driver/Src/stm32f1xx_hal_rcc.o
 .debug_info    0x000061a4     0x142d ./Drivers/STM32F1xx_HAL_Driver/Src/stm32f1xx_hal_spi.o
 .debug_info    0x000075d1     0x2959 ./Drivers/STM32F1xx_HAL_Driver/Src/stm32f1xx_hal_tim.o
 .debug_info    0x00009f2a     0x149b ./Drivers/STM32F1xx_HAL_Driver/Src/stm32f1xx_hal_tim_ex.o

.debug_abbrev   0x00000000     0x1f02
 .debug_abbrev  0x00000000      0x31d ./Core/Src/NRF24.o
 .debug_abbrev  0x0000031d      0x134 ./Core/Src/conf.o
 .debug_abbrev  0x00000451      0x2d9 ./Core/Src/main.o
 .debug_abbrev  0x0000072a      0x1fb ./Core/Src/stm32f1xx_hal_msp.o
 .debug_abbrev  0x00000925      0x186 ./Core/Src/stm32f1xx_it.o
 .debug_abbrev  0x00000aab      0x13f ./Core/Src/system_stm32f1xx.o
 .debug_abbrev  0x00000bea       0x24 ./Core/Startup/startup_stm32f103c8tx.o
 .debug_abbrev  0x00000c0e      0x201 ./Drivers/STM32F1xx_HAL_Driver/Src/stm32f1xx_hal.o
 .debug_abbrev  0x00000e0f      0x2f8 ./Drivers/STM32F1xx_HAL_Driver/Src/stm32f1xx_hal_cortex.o
 .debug_abbrev  0x00001107      0x20b ./Drivers/STM32F1xx_HAL_Driver/Src/stm32f1xx_hal_dma.o
 .debug_abbrev  0x00001312      0x1ca ./Drivers/STM32F1xx_HAL_Driver/Src/stm32f1xx_hal_gpio.o
 .debug_abbrev  0x000014dc      0x2b3 ./Drivers/STM32F1xx_HAL_Driver/Src/stm32f1xx_hal_rcc.o
 .debug_abbrev  0x0000178f      0x27a ./Drivers/STM32F1xx_HAL_Driver/Src/stm32f1xx_hal_spi.o
 .debug_abbrev  0x00001a09      0x277 ./Drivers/STM32F1xx_HAL_Driver/Src/stm32f1xx_hal_tim.o
 .debug_abbrev  0x00001c80      0x282 ./Drivers/STM32F1xx_HAL_Driver/Src/stm32f1xx_hal_tim_ex.o

.debug_aranges  0x00000000      0xda8
 .debug_aranges
                0x00000000      0x1a0 ./Core/Src/NRF24.o
 .debug_aranges
                0x000001a0       0x68 ./Core/Src/conf.o
 .debug_aranges
                0x00000208       0x50 ./Core/Src/main.o
 .debug_aranges
                0x00000258       0x48 ./Core/Src/stm32f1xx_hal_msp.o
 .debug_aranges
                0x000002a0       0x68 ./Core/Src/stm32f1xx_it.o
 .debug_aranges
                0x00000308       0x28 ./Core/Src/system_stm32f1xx.o
 .debug_aranges
                0x00000330       0x28 ./Core/Startup/startup_stm32f103c8tx.o
 .debug_aranges
                0x00000358       0xe0 ./Drivers/STM32F1xx_HAL_Driver/Src/stm32f1xx_hal.o
 .debug_aranges
                0x00000438      0x100 ./Drivers/STM32F1xx_HAL_Driver/Src/stm32f1xx_hal_cortex.o
 .debug_aranges
                0x00000538       0x80 ./Drivers/STM32F1xx_HAL_Driver/Src/stm32f1xx_hal_dma.o
 .debug_aranges
                0x000005b8       0x58 ./Drivers/STM32F1xx_HAL_Driver/Src/stm32f1xx_hal_gpio.o
 .debug_aranges
                0x00000610       0x90 ./Drivers/STM32F1xx_HAL_Driver/Src/stm32f1xx_hal_rcc.o
 .debug_aranges
                0x000006a0      0x1d0 ./Drivers/STM32F1xx_HAL_Driver/Src/stm32f1xx_hal_spi.o
 .debug_aranges
                0x00000870      0x3d0 ./Drivers/STM32F1xx_HAL_Driver/Src/stm32f1xx_hal_tim.o
 .debug_aranges
                0x00000c40      0x168 ./Drivers/STM32F1xx_HAL_Driver/Src/stm32f1xx_hal_tim_ex.o

.debug_rnglists
                0x00000000      0xa84
 .debug_rnglists
                0x00000000      0x136 ./Core/Src/NRF24.o
 .debug_rnglists
                0x00000136       0x49 ./Core/Src/conf.o
 .debug_rnglists
                0x0000017f       0x3c ./Core/Src/main.o
 .debug_rnglists
                0x000001bb       0x33 ./Core/Src/stm32f1xx_hal_msp.o
 .debug_rnglists
                0x000001ee       0x49 ./Core/Src/stm32f1xx_it.o
 .debug_rnglists
                0x00000237       0x1a ./Core/Src/system_stm32f1xx.o
 .debug_rnglists
                0x00000251       0x19 ./Core/Startup/startup_stm32f103c8tx.o
 .debug_rnglists
                0x0000026a       0xa3 ./Drivers/STM32F1xx_HAL_Driver/Src/stm32f1xx_hal.o
 .debug_rnglists
                0x0000030d       0xbb ./Drivers/STM32F1xx_HAL_Driver/Src/stm32f1xx_hal_cortex.o
 .debug_rnglists
                0x000003c8       0x64 ./Drivers/STM32F1xx_HAL_Driver/Src/stm32f1xx_hal_dma.o
 .debug_rnglists
                0x0000042c       0x3f ./Drivers/STM32F1xx_HAL_Driver/Src/stm32f1xx_hal_gpio.o
 .debug_rnglists
                0x0000046b       0x6c ./Drivers/STM32F1xx_HAL_Driver/Src/stm32f1xx_hal_rcc.o
 .debug_rnglists
                0x000004d7      0x16e ./Drivers/STM32F1xx_HAL_Driver/Src/stm32f1xx_hal_spi.o
 .debug_rnglists
                0x00000645      0x31a ./Drivers/STM32F1xx_HAL_Driver/Src/stm32f1xx_hal_tim.o
 .debug_rnglists
                0x0000095f      0x125 ./Drivers/STM32F1xx_HAL_Driver/Src/stm32f1xx_hal_tim_ex.o

.debug_macro    0x00000000    0x181d0
 .debug_macro   0x00000000      0x291 ./Core/Src/NRF24.o
 .debug_macro   0x00000291      0xacc ./Core/Src/NRF24.o
 .debug_macro   0x00000d5d       0x22 ./Core/Src/NRF24.o
 .debug_macro   0x00000d7f       0x5b ./Core/Src/NRF24.o
 .debug_macro   0x00000dda       0x24 ./Core/Src/NRF24.o
 .debug_macro   0x00000dfe       0x94 ./Core/Src/NRF24.o
 .debug_macro   0x00000e92       0x43 ./Core/Src/NRF24.o
 .debug_macro   0x00000ed5       0x34 ./Core/Src/NRF24.o
 .debug_macro   0x00000f09       0x16 ./Core/Src/NRF24.o
 .debug_macro   0x00000f1f       0x57 ./Core/Src/NRF24.o
 .debug_macro   0x00000f76       0x9e ./Core/Src/NRF24.o
 .debug_macro   0x00001014      0x370 ./Core/Src/NRF24.o
 .debug_macro   0x00001384      0x112 ./Core/Src/NRF24.o
 .debug_macro   0x00001496       0x10 ./Core/Src/NRF24.o
 .debug_macro   0x000014a6       0x16 ./Core/Src/NRF24.o
 .debug_macro   0x000014bc       0x4a ./Core/Src/NRF24.o
 .debug_macro   0x00001506       0x34 ./Core/Src/NRF24.o
 .debug_macro   0x0000153a       0x10 ./Core/Src/NRF24.o
 .debug_macro   0x0000154a       0x58 ./Core/Src/NRF24.o
 .debug_macro   0x000015a2       0x8e ./Core/Src/NRF24.o
 .debug_macro   0x00001630       0x1c ./Core/Src/NRF24.o
 .debug_macro   0x0000164c      0x185 ./Core/Src/NRF24.o
 .debug_macro   0x000017d1       0x16 ./Core/Src/NRF24.o
 .debug_macro   0x000017e7       0x16 ./Core/Src/NRF24.o
 .debug_macro   0x000017fd      0x146 ./Core/Src/NRF24.o
 .debug_macro   0x00001943      0x21b ./Core/Src/NRF24.o
 .debug_macro   0x00001b5e       0x2e ./Core/Src/NRF24.o
 .debug_macro   0x00001b8c       0x22 ./Core/Src/NRF24.o
 .debug_macro   0x00001bae      0x103 ./Core/Src/NRF24.o
 .debug_macro   0x00001cb1       0x6a ./Core/Src/NRF24.o
 .debug_macro   0x00001d1b      0x1df ./Core/Src/NRF24.o
 .debug_macro   0x00001efa       0x1c ./Core/Src/NRF24.o
 .debug_macro   0x00001f16       0x22 ./Core/Src/NRF24.o
 .debug_macro   0x00001f38       0xbd ./Core/Src/NRF24.o
 .debug_macro   0x00001ff5      0xd23 ./Core/Src/NRF24.o
 .debug_macro   0x00002d18     0xe09e ./Core/Src/NRF24.o
 .debug_macro   0x00010db6       0x6d ./Core/Src/NRF24.o
 .debug_macro   0x00010e23     0x34a2 ./Core/Src/NRF24.o
 .debug_macro   0x000142c5       0x56 ./Core/Src/NRF24.o
 .debug_macro   0x0001431b      0x5bc ./Core/Src/NRF24.o
 .debug_macro   0x000148d7      0x289 ./Core/Src/NRF24.o
 .debug_macro   0x00014b60      0x1cb ./Core/Src/NRF24.o
 .debug_macro   0x00014d2b      0x114 ./Core/Src/NRF24.o
 .debug_macro   0x00014e3f      0x1b2 ./Core/Src/NRF24.o
 .debug_macro   0x00014ff1       0x27 ./Core/Src/NRF24.o
 .debug_macro   0x00015018      0x136 ./Core/Src/NRF24.o
 .debug_macro   0x0001514e      0x1bc ./Core/Src/NRF24.o
 .debug_macro   0x0001530a       0x34 ./Core/Src/NRF24.o
 .debug_macro   0x0001533e       0x3c ./Core/Src/NRF24.o
 .debug_macro   0x0001537a       0x57 ./Core/Src/NRF24.o
 .debug_macro   0x000153d1       0x87 ./Core/Src/NRF24.o
 .debug_macro   0x00015458      0x240 ./Core/Src/NRF24.o
 .debug_macro   0x00015698      0x140 ./Core/Src/NRF24.o
 .debug_macro   0x000157d8      0x217 ./Core/Src/NRF24.o
 .debug_macro   0x000159ef      0x8ed ./Core/Src/NRF24.o
 .debug_macro   0x000162dc       0x83 ./Core/Src/NRF24.o
 .debug_macro   0x0001635f       0x3a ./Core/Src/NRF24.o
 .debug_macro   0x00016399      0x232 ./Core/Src/NRF24.o
 .debug_macro   0x000165cb      0x299 ./Core/Src/conf.o
 .debug_macro   0x00016864       0x8e ./Core/Src/conf.o
 .debug_macro   0x000168f2       0x51 ./Core/Src/conf.o
 .debug_macro   0x00016943      0x190 ./Core/Src/conf.o
 .debug_macro   0x00016ad3       0x5c ./Core/Src/conf.o
 .debug_macro   0x00016b2f       0x61 ./Core/Src/conf.o
 .debug_macro   0x00016b90       0x10 ./Core/Src/conf.o
 .debug_macro   0x00016ba0       0x3c ./Core/Src/conf.o
 .debug_macro   0x00016bdc       0x20 ./Core/Src/conf.o
 .debug_macro   0x00016bfc      0x2a9 ./Core/Src/main.o
 .debug_macro   0x00016ea5       0x58 ./Core/Src/main.o
 .debug_macro   0x00016efd      0x1b2 ./Core/Src/stm32f1xx_hal_msp.o
 .debug_macro   0x000170af      0x1bc ./Core/Src/stm32f1xx_it.o
 .debug_macro   0x0001726b      0x1a3 ./Core/Src/system_stm32f1xx.o
 .debug_macro   0x0001740e      0x1c7 ./Drivers/STM32F1xx_HAL_Driver/Src/stm32f1xx_hal.o
 .debug_macro   0x000175d5      0x1a3 ./Drivers/STM32F1xx_HAL_Driver/Src/stm32f1xx_hal_cortex.o
 .debug_macro   0x00017778      0x1a3 ./Drivers/STM32F1xx_HAL_Driver/Src/stm32f1xx_hal_dma.o
 .debug_macro   0x0001791b      0x20e ./Drivers/STM32F1xx_HAL_Driver/Src/stm32f1xx_hal_gpio.o
 .debug_macro   0x00017b29      0x1b5 ./Drivers/STM32F1xx_HAL_Driver/Src/stm32f1xx_hal_rcc.o
 .debug_macro   0x00017cde      0x1ab ./Drivers/STM32F1xx_HAL_Driver/Src/stm32f1xx_hal_spi.o
 .debug_macro   0x00017e89      0x1a4 ./Drivers/STM32F1xx_HAL_Driver/Src/stm32f1xx_hal_tim.o
 .debug_macro   0x0001802d      0x1a3 ./Drivers/STM32F1xx_HAL_Driver/Src/stm32f1xx_hal_tim_ex.o

.debug_line     0x00000000     0xd5ea
 .debug_line    0x00000000      0xee0 ./Core/Src/NRF24.o
 .debug_line    0x00000ee0      0x8f4 ./Core/Src/conf.o
 .debug_line    0x000017d4      0x9ea ./Core/Src/main.o
 .debug_line    0x000021be      0x73b ./Core/Src/stm32f1xx_hal_msp.o
 .debug_line    0x000028f9      0x707 ./Core/Src/stm32f1xx_it.o
 .debug_line    0x00003000      0x6bf ./Core/Src/system_stm32f1xx.o
 .debug_line    0x000036bf       0x78 ./Core/Startup/startup_stm32f103c8tx.o
 .debug_line    0x00003737      0x8f0 ./Drivers/STM32F1xx_HAL_Driver/Src/stm32f1xx_hal.o
 .debug_line    0x00004027      0xaba ./Drivers/STM32F1xx_HAL_Driver/Src/stm32f1xx_hal_cortex.o
 .debug_line    0x00004ae1      0xcfa ./Drivers/STM32F1xx_HAL_Driver/Src/stm32f1xx_hal_dma.o
 .debug_line    0x000057db      0x94d ./Drivers/STM32F1xx_HAL_Driver/Src/stm32f1xx_hal_gpio.o
 .debug_line    0x00006128      0xda9 ./Drivers/STM32F1xx_HAL_Driver/Src/stm32f1xx_hal_rcc.o
 .debug_line    0x00006ed1     0x1b87 ./Drivers/STM32F1xx_HAL_Driver/Src/stm32f1xx_hal_spi.o
 .debug_line    0x00008a58     0x33de ./Drivers/STM32F1xx_HAL_Driver/Src/stm32f1xx_hal_tim.o
 .debug_line    0x0000be36     0x17b4 ./Drivers/STM32F1xx_HAL_Driver/Src/stm32f1xx_hal_tim_ex.o

.debug_str      0x00000000    0x8a2f3
 .debug_str     0x00000000    0x8a2f3 ./Core/Src/NRF24.o
                              0x8744b (size before relaxing)
 .debug_str     0x0008a2f3    0x8625a ./Core/Src/conf.o
 .debug_str     0x0008a2f3    0x8733a ./Core/Src/main.o
 .debug_str     0x0008a2f3    0x83b4c ./Core/Src/stm32f1xx_hal_msp.o
 .debug_str     0x0008a2f3    0x834d2 ./Core/Src/stm32f1xx_it.o
 .debug_str     0x0008a2f3    0x82f98 ./Core/Src/system_stm32f1xx.o
 .debug_str     0x0008a2f3       0x79 ./Core/Startup/startup_stm32f103c8tx.o
 .debug_str     0x0008a2f3    0x836cb ./Drivers/STM32F1xx_HAL_Driver/Src/stm32f1xx_hal.o
 .debug_str     0x0008a2f3    0x83617 ./Drivers/STM32F1xx_HAL_Driver/Src/stm32f1xx_hal_cortex.o
 .debug_str     0x0008a2f3    0x83341 ./Drivers/STM32F1xx_HAL_Driver/Src/stm32f1xx_hal_dma.o
 .debug_str     0x0008a2f3    0x8331e ./Drivers/STM32F1xx_HAL_Driver/Src/stm32f1xx_hal_gpio.o
 .debug_str     0x0008a2f3    0x833c7 ./Drivers/STM32F1xx_HAL_Driver/Src/stm32f1xx_hal_rcc.o
 .debug_str     0x0008a2f3    0x838be ./Drivers/STM32F1xx_HAL_Driver/Src/stm32f1xx_hal_spi.o
 .debug_str     0x0008a2f3    0x843c9 ./Drivers/STM32F1xx_HAL_Driver/Src/stm32f1xx_hal_tim.o
 .debug_str     0x0008a2f3    0x83bd5 ./Drivers/STM32F1xx_HAL_Driver/Src/stm32f1xx_hal_tim_ex.o

.comment        0x00000000       0x43
 .comment       0x00000000       0x43 ./Core/Src/NRF24.o
                                 0x44 (size before relaxing)
 .comment       0x00000043       0x44 ./Core/Src/conf.o
 .comment       0x00000043       0x44 ./Core/Src/main.o
 .comment       0x00000043       0x44 ./Core/Src/stm32f1xx_hal_msp.o
 .comment       0x00000043       0x44 ./Core/Src/stm32f1xx_it.o
 .comment       0x00000043       0x44 ./Core/Src/system_stm32f1xx.o
 .comment       0x00000043       0x44 ./Drivers/STM32F1xx_HAL_Driver/Src/stm32f1xx_hal.o
 .comment       0x00000043       0x44 ./Drivers/STM32F1xx_HAL_Driver/Src/stm32f1xx_hal_cortex.o
 .comment       0x00000043       0x44 ./Drivers/STM32F1xx_HAL_Driver/Src/stm32f1xx_hal_dma.o
 .comment       0x00000043       0x44 ./Drivers/STM32F1xx_HAL_Driver/Src/stm32f1xx_hal_gpio.o
 .comment       0x00000043       0x44 ./Drivers/STM32F1xx_HAL_Driver/Src/stm32f1xx_hal_rcc.o
 .comment       0x00000043       0x44 ./Drivers/STM32F1xx_HAL_Driver/Src/stm32f1xx_hal_spi.o
 .comment       0x00000043       0x44 ./Drivers/STM32F1xx_HAL_Driver/Src/stm32f1xx_hal_tim.o
 .comment       0x00000043       0x44 ./Drivers/STM32F1xx_HAL_Driver/Src/stm32f1xx_hal_tim_ex.o

.debug_frame    0x00000000     0x3914
 .debug_frame   0x00000000      0x6bc ./Core/Src/NRF24.o
 .debug_frame   0x000006bc      0x160 ./Core/Src/conf.o
 .debug_frame   0x0000081c       0xf4 ./Core/Src/main.o
 .debug_frame   0x00000910       0xf4 ./Core/Src/stm32f1xx_hal_msp.o
 .debug_frame   0x00000a04      0x120 ./Core/Src/stm32f1xx_it.o
 .debug_frame   0x00000b24       0x58 ./Core/Src/system_stm32f1xx.o
 .debug_frame   0x00000b7c      0x334 ./Drivers/STM32F1xx_HAL_Driver/Src/stm32f1xx_hal.o
 .debug_frame   0x00000eb0      0x428 ./Drivers/STM32F1xx_HAL_Driver/Src/stm32f1xx_hal_cortex.o
 .debug_frame   0x000012d8      0x208 ./Drivers/STM32F1xx_HAL_Driver/Src/stm32f1xx_hal_dma.o
 .debug_frame   0x000014e0      0x14c ./Drivers/STM32F1xx_HAL_Driver/Src/stm32f1xx_hal_gpio.o
 .debug_frame   0x0000162c      0x218 ./Drivers/STM32F1xx_HAL_Driver/Src/stm32f1xx_hal_rcc.o
 .debug_frame   0x00001844      0x824 ./Drivers/STM32F1xx_HAL_Driver/Src/stm32f1xx_hal_spi.o
 .debug_frame   0x00002068     0x11b8 ./Drivers/STM32F1xx_HAL_Driver/Src/stm32f1xx_hal_tim.o
 .debug_frame   0x00003220      0x638 ./Drivers/STM32F1xx_HAL_Driver/Src/stm32f1xx_hal_tim_ex.o
 .debug_frame   0x00003858       0x20 /opt/st/stm32cubeide_1.19.0/plugins/com.st.stm32cube.ide.mcu.externaltools.gnu-tools-for-stm32.13.3.rel1.linux64_1.0.0.202410170706/tools/bin/../lib/gcc/arm-none-eabi/13.3.1/../../../../arm-none-eabi/lib/thumb/v7-m/nofp/libc_nano.a(libc_a-memset.o)
 .debug_frame   0x00003878       0x2c /opt/st/stm32cubeide_1.19.0/plugins/com.st.stm32cube.ide.mcu.externaltools.gnu-tools-for-stm32.13.3.rel1.linux64_1.0.0.202410170706/tools/bin/../lib/gcc/arm-none-eabi/13.3.1/../../../../arm-none-eabi/lib/thumb/v7-m/nofp/libc_nano.a(libc_a-init.o)
 .debug_frame   0x000038a4       0x4c /opt/st/stm32cubeide_1.19.0/plugins/com.st.stm32cube.ide.mcu.externaltools.gnu-tools-for-stm32.13.3.rel1.linux64_1.0.0.202410170706/tools/bin/../lib/gcc/arm-none-eabi/13.3.1/thumb/v7-m/nofp/libgcc.a(_arm_addsubsf3.o)
 .debug_frame   0x000038f0       0x24 /opt/st/stm32cubeide_1.19.0/plugins/com.st.stm32cube.ide.mcu.externaltools.gnu-tools-for-stm32.13.3.rel1.linux64_1.0.0.202410170706/tools/bin/../lib/gcc/arm-none-eabi/13.3.1/thumb/v7-m/nofp/libgcc.a(_arm_fixunssfsi.o)

.debug_line_str
                0x00000000       0x5d
 .debug_line_str
                0x00000000       0x5d ./Core/Startup/startup_stm32f103c8tx.o
