Archive member included to satisfy reference by file (symbol)

C:/ST/STM32CubeIDE_1.19.0/STM32CubeIDE/plugins/com.st.stm32cube.ide.mcu.externaltools.gnu-tools-for-stm32.13.3.rel1.win32_1.0.0.202411081344/tools/bin/../lib/gcc/arm-none-eabi/13.3.1/../../../../arm-none-eabi/lib/thumb/v7-m/nofp\libc_nano.a(libc_a-exit.o)
                              C:/ST/STM32CubeIDE_1.19.0/STM32CubeIDE/plugins/com.st.stm32cube.ide.mcu.externaltools.gnu-tools-for-stm32.13.3.rel1.win32_1.0.0.202411081344/tools/bin/../lib/gcc/arm-none-eabi/13.3.1/../../../../arm-none-eabi/lib/thumb/v7-m/nofp/crt0.o (exit)
C:/ST/STM32CubeIDE_1.19.0/STM32CubeIDE/plugins/com.st.stm32cube.ide.mcu.externaltools.gnu-tools-for-stm32.13.3.rel1.win32_1.0.0.202411081344/tools/bin/../lib/gcc/arm-none-eabi/13.3.1/../../../../arm-none-eabi/lib/thumb/v7-m/nofp\libc_nano.a(libc_a-findfp.o)
                              C:/ST/STM32CubeIDE_1.19.0/STM32CubeIDE/plugins/com.st.stm32cube.ide.mcu.externaltools.gnu-tools-for-stm32.13.3.rel1.win32_1.0.0.202411081344/tools/bin/../lib/gcc/arm-none-eabi/13.3.1/../../../../arm-none-eabi/lib/thumb/v7-m/nofp\libc_nano.a(libc_a-exit.o) (__stdio_exit_handler)
C:/ST/STM32CubeIDE_1.19.0/STM32CubeIDE/plugins/com.st.stm32cube.ide.mcu.externaltools.gnu-tools-for-stm32.13.3.rel1.win32_1.0.0.202411081344/tools/bin/../lib/gcc/arm-none-eabi/13.3.1/../../../../arm-none-eabi/lib/thumb/v7-m/nofp\libc_nano.a(libc_a-fwalk.o)
                              C:/ST/STM32CubeIDE_1.19.0/STM32CubeIDE/plugins/com.st.stm32cube.ide.mcu.externaltools.gnu-tools-for-stm32.13.3.rel1.win32_1.0.0.202411081344/tools/bin/../lib/gcc/arm-none-eabi/13.3.1/../../../../arm-none-eabi/lib/thumb/v7-m/nofp\libc_nano.a(libc_a-findfp.o) (_fwalk_sglue)
C:/ST/STM32CubeIDE_1.19.0/STM32CubeIDE/plugins/com.st.stm32cube.ide.mcu.externaltools.gnu-tools-for-stm32.13.3.rel1.win32_1.0.0.202411081344/tools/bin/../lib/gcc/arm-none-eabi/13.3.1/../../../../arm-none-eabi/lib/thumb/v7-m/nofp\libc_nano.a(libc_a-stdio.o)
                              C:/ST/STM32CubeIDE_1.19.0/STM32CubeIDE/plugins/com.st.stm32cube.ide.mcu.externaltools.gnu-tools-for-stm32.13.3.rel1.win32_1.0.0.202411081344/tools/bin/../lib/gcc/arm-none-eabi/13.3.1/../../../../arm-none-eabi/lib/thumb/v7-m/nofp\libc_nano.a(libc_a-findfp.o) (__sread)
C:/ST/STM32CubeIDE_1.19.0/STM32CubeIDE/plugins/com.st.stm32cube.ide.mcu.externaltools.gnu-tools-for-stm32.13.3.rel1.win32_1.0.0.202411081344/tools/bin/../lib/gcc/arm-none-eabi/13.3.1/../../../../arm-none-eabi/lib/thumb/v7-m/nofp\libc_nano.a(libc_a-memset.o)
                              C:/ST/STM32CubeIDE_1.19.0/STM32CubeIDE/plugins/com.st.stm32cube.ide.mcu.externaltools.gnu-tools-for-stm32.13.3.rel1.win32_1.0.0.202411081344/tools/bin/../lib/gcc/arm-none-eabi/13.3.1/../../../../arm-none-eabi/lib/thumb/v7-m/nofp/crt0.o (memset)
C:/ST/STM32CubeIDE_1.19.0/STM32CubeIDE/plugins/com.st.stm32cube.ide.mcu.externaltools.gnu-tools-for-stm32.13.3.rel1.win32_1.0.0.202411081344/tools/bin/../lib/gcc/arm-none-eabi/13.3.1/../../../../arm-none-eabi/lib/thumb/v7-m/nofp\libc_nano.a(libc_a-closer.o)
                              C:/ST/STM32CubeIDE_1.19.0/STM32CubeIDE/plugins/com.st.stm32cube.ide.mcu.externaltools.gnu-tools-for-stm32.13.3.rel1.win32_1.0.0.202411081344/tools/bin/../lib/gcc/arm-none-eabi/13.3.1/../../../../arm-none-eabi/lib/thumb/v7-m/nofp\libc_nano.a(libc_a-stdio.o) (_close_r)
C:/ST/STM32CubeIDE_1.19.0/STM32CubeIDE/plugins/com.st.stm32cube.ide.mcu.externaltools.gnu-tools-for-stm32.13.3.rel1.win32_1.0.0.202411081344/tools/bin/../lib/gcc/arm-none-eabi/13.3.1/../../../../arm-none-eabi/lib/thumb/v7-m/nofp\libc_nano.a(libc_a-reent.o)
                              C:/ST/STM32CubeIDE_1.19.0/STM32CubeIDE/plugins/com.st.stm32cube.ide.mcu.externaltools.gnu-tools-for-stm32.13.3.rel1.win32_1.0.0.202411081344/tools/bin/../lib/gcc/arm-none-eabi/13.3.1/../../../../arm-none-eabi/lib/thumb/v7-m/nofp\libc_nano.a(libc_a-closer.o) (errno)
C:/ST/STM32CubeIDE_1.19.0/STM32CubeIDE/plugins/com.st.stm32cube.ide.mcu.externaltools.gnu-tools-for-stm32.13.3.rel1.win32_1.0.0.202411081344/tools/bin/../lib/gcc/arm-none-eabi/13.3.1/../../../../arm-none-eabi/lib/thumb/v7-m/nofp\libc_nano.a(libc_a-impure.o)
                              C:/ST/STM32CubeIDE_1.19.0/STM32CubeIDE/plugins/com.st.stm32cube.ide.mcu.externaltools.gnu-tools-for-stm32.13.3.rel1.win32_1.0.0.202411081344/tools/bin/../lib/gcc/arm-none-eabi/13.3.1/../../../../arm-none-eabi/lib/thumb/v7-m/nofp\libc_nano.a(libc_a-reent.o) (_impure_ptr)
C:/ST/STM32CubeIDE_1.19.0/STM32CubeIDE/plugins/com.st.stm32cube.ide.mcu.externaltools.gnu-tools-for-stm32.13.3.rel1.win32_1.0.0.202411081344/tools/bin/../lib/gcc/arm-none-eabi/13.3.1/../../../../arm-none-eabi/lib/thumb/v7-m/nofp\libc_nano.a(libc_a-lseekr.o)
[...]
Memory Configuration

Name             Origin             Length             Attributes
RAM              0x20000000         0x00005000         xrw
FLASH            0x08000000         0x00010000         xr
*default*        0x00000000         0xffffffff

Linker script and memory map

LOAD C:/ST/STM32CubeIDE_1.19.0/STM32CubeIDE/plugins/com.st.stm32cube.ide.mcu.externaltools.gnu-tools-for-stm32.13.3.rel1.win32_1.0.0.202411081344/tools/bin/../lib/gcc/arm-none-eabi/13.3.1/thumb/v7-m/nofp/crti.o
LOAD C:/ST/STM32CubeIDE_1.19.0/STM32CubeIDE/plugins/com.st.stm32cube.ide.mcu.externaltools.gnu-tools-for-stm32.13.3.rel1.win32_1.0.0.202411081344/tools/bin/../lib/gcc/arm-none-eabi/13.3.1/thumb/v7-m/nofp/crtbegin.o
LOAD C:/ST/STM32CubeIDE_1.19.0/STM32CubeIDE/plugins/com.st.stm32cube.ide.mcu.externaltools.gnu-tools-for-stm32.13.3.rel1.win32_1.0.0.202411081344/tools/bin/../lib/gcc/arm-none-eabi/13.3.1/../../../../arm-none-eabi/lib/thumb/v7-m/nofp/crt0.o
LOAD ./Core/Src/NRF24.o
LOAD ./Core/Src/conf.o
LOAD ./Core/Src/main.o
LOAD ./Core/Src/stm32f1xx_hal_msp.o
LOAD ./Core/Src/stm32f1xx_it.o
LOAD ./Core/Src/syscalls.o
LOAD ./Core/Src/sysmem.o
LOAD ./Core/Src/system_stm32f1xx.o
LOAD ./Core/Startup/startup_stm32f103c8tx.o
LOAD ./Drivers/STM32F1xx_HAL_Driver/Src/stm32f1xx_hal.o
LOAD ./Drivers/STM32F1xx_HAL_Driver/Src/stm32f1xx_hal_cortex.o
LOAD ./Drivers/STM32F1xx_HAL_Driver/Src/stm32f1xx_hal_dma.o
LOAD ./Drivers/STM32F1xx_HAL_Driver/Src/stm32f1xx_hal_exti.o
LOAD ./Drivers/STM32F1xx_HAL_Driver/Src/stm32f1xx_hal_flash.o
LOAD ./Drivers/STM32F1xx_HAL_Driver/Src/stm32f1xx_hal_flash_ex.o
LOAD ./Drivers/STM32F1xx_HAL_Driver/Src/stm32f1xx_hal_gpio.o
LOAD ./Drivers/STM32F1xx_HAL_Driver/Src/stm32f1xx_hal_gpio_ex.o
LOAD ./Drivers/STM32F1xx_HAL_Driver/Src/stm32f1xx_hal_pwr.o
LOAD ./Drivers/STM32F1xx_HAL_Driver/Src/stm32f1xx_hal_rcc.o
LOAD ./Drivers/STM32F1xx_HAL_Driver/Src/stm32f1xx_hal_rcc_ex.o
LOAD ./Drivers/STM32F1xx_HAL_Driver/Src/stm32f1xx_hal_spi.o
LOAD ./Drivers/STM32F1xx_HAL_Driver/Src/stm32f1xx_hal_tim.o
LOAD ./Drivers/STM32F1xx_HAL_Driver/Src/stm32f1xx_hal_tim_ex.o
START GROUP
LOAD C:/ST/STM32CubeIDE_1.19.0/STM32CubeIDE/plugins/com.st.stm32cube.ide.mcu.externaltools.gnu-tools-for-stm32.13.3.rel1.win32_1.0.0.202411081344/tools/bin/../lib/gcc/arm-none-eabi/13.3.1/../../../../arm-none-eabi/lib/thumb/v7-m/nofp\libc_nano.a
LOAD C:/ST/STM32CubeIDE_1.19.0/STM32CubeIDE/plugins/com.st.stm32cube.ide.mcu.externaltools.gnu-tools-for-stm32.13.3.rel1.win32_1.0.0.202411081344/tools/bin/../lib/gcc/arm-none-eabi/13.3.1/../../../../arm-none-eabi/lib/thumb/v7-m/nofp\libm.a
END GROUP
START GROUP
LOAD C:/ST/STM32CubeIDE_1.19.0/STM32CubeIDE/plugins/com.st.stm32cube.ide.mcu.externaltools.gnu-tools-for-stm32.13.3.rel1.win32_1.0.0.202411081344/tools/bin/../lib/gcc/arm-none-eabi/13.3.1/thumb/v7-m/nofp\libgcc.a
LOAD C:/ST/STM32CubeIDE_1.19.0/STM32CubeIDE/plugins/com.st.stm32cube.ide.mcu.externaltools.gnu-tools-for-stm32.13.3.rel1.win32_1.0.0.202411081344/tools/bin/../lib/gcc/arm-none-eabi/13.3.1/../../../../arm-none-eabi/lib/thumb/v7-m/nofp\libc_nano.a
END GROUP
START GROUP
LOAD C:/ST/STM32CubeIDE_1.19.0/STM32CubeIDE/plugins/com.st.stm32cube.ide.mcu.externaltools.gnu-tools-for-stm32.13.3.rel1.win32_1.0.0.202411081344/tools/bin/../lib/gcc/arm-none-eabi/13.3.1/thumb/v7-m/nofp\libgcc.a
LOAD C:/ST/STM32CubeIDE_1.19.0/STM32CubeIDE/plugins/com.st.stm32cube.ide.mcu.externaltools.gnu-tools-for-stm32.13.3.rel1.win32_1.0.0.202411081344/tools/bin/../lib/gcc/arm-none-eabi/13.3.1/../../../../arm-none-eabi/lib/thumb/v7-m/nofp\libc_nano.a
LOAD C:/ST/STM32CubeIDE_1.19.0/STM32CubeIDE/plugins/com.st.stm32cube.ide.mcu.externaltools.gnu-tools-for-stm32.13.3.rel1.win32_1.0.0.202411081344/tools/bin/../lib/gcc/arm-none-eabi/13.3.1/../../../../arm-none-eabi/lib/thumb/v7-m/nofp\libnosys.a
END GROUP
START GROUP
LOAD C:/ST/STM32CubeIDE_1.19.0/STM32CubeIDE/plugins/com.st.stm32cube.ide.mcu.externaltools.gnu-tools-for-stm32.13.3.rel1.win32_1.0.0.202411081344/tools/bin/../lib/gcc/arm-none-eabi/13.3.1/thumb/v7-m/nofp\libgcc.a
LOAD C:/ST/STM32CubeIDE_1.19.0/STM32CubeIDE/plugins/com.st.stm32cube.ide.mcu.externaltools.gnu-tools-for-stm32.13.3.rel1.win32_1.0.0.202411081344/tools/bin/../lib/gcc/arm-none-eabi/13.3.1/../../../../arm-none-eabi/lib/thumb/v7-m/nofp\libc_nano.a
LOAD C:/ST/STM32CubeIDE_1.19.0/STM32CubeIDE/plugins/com.st.stm32cube.ide.mcu.externaltools.gnu-tools-for-stm32.13.3.rel1.win32_1.0.0.202411081344/tools/bin/../lib/gcc/arm-none-eabi/13.3.1/../../../../arm-none-eabi/lib/thumb/v7-m/nofp\libnosys.a
END GROUP
LOAD C:/ST/STM32CubeIDE_1.19.0/STM32CubeIDE/plugins/com.st.stm32cube.ide.mcu.externaltools.gnu-tools-for-stm32.13.3.rel1.win32_1.0.0.202411081344/tools/bin/../lib/gcc/arm-none-eabi/13.3.1/thumb/v7-m/nofp/crtend.o
LOAD C:/ST/STM32CubeIDE_1.19.0/STM32CubeIDE/plugins/com.st.stm32cube.ide.mcu.externaltools.gnu-tools-for-stm32.13.3.rel1.win32_1.0.0.202411081344/tools/bin/../lib/gcc/arm-none-eabi/13.3.1/thumb/v7-m/nofp/crtn.o
                0x20005000                        _estack = (ORIGIN (RAM) + LENGTH (RAM))
                0x00000200                        _Min_Heap_Size = 0x200
                0x00000400                        _Min_Stack_Size = 0x400

.isr_vector     0x08000000      0x10c
                0x08000000                        . = ALIGN (0x4)
 *(.isr_vector)
 .isr_vector    0x08000000      0x10c ./Core/Startup/startup_stm32f103c8tx.o
                0x08000000                g_pfnVectors
                0x0800010c                        . = ALIGN (0x4)

.text           0x08000110     0x3da0
                0x08000110                        . = ALIGN (0x4)
 *(.text)
 .text          0x08000110       0x40 C:/ST/STM32CubeIDE_1.19.0/STM32CubeIDE/plugins/com.st.stm32cube.ide.mcu.externaltools.gnu-tools-for-stm32.13.3.rel1.win32_1.0.0.202411081344/tools/bin/../lib/gcc/arm-none-eabi/13.3.1/thumb/v7-m/nofp/crtbegin.o
 .text          0x08000150      0x168 C:/ST/STM32CubeIDE_1.19.0/STM32CubeIDE/plugins/com.st.stm32cube.ide.mcu.externaltools.gnu-tools-for-stm32.13.3.rel1.win32_1.0.0.202411081344/tools/bin/../lib/gcc/arm-none-eabi/13.3.1/thumb/v7-m/nofp\libgcc.a(_arm_mulsf3.o)
                0x08000150                __aeabi_fmul
                0x08000150                __mulsf3
 .text          0x080002b8      0x378 C:/ST/STM32CubeIDE_1.19.0/STM32CubeIDE/plugins/com.st.stm32cube.ide.mcu.externaltools.gnu-tools-for-stm32.13.3.rel1.win32_1.0.0.202411081344/tools/bin/../lib/gcc/arm-none-eabi/13.3.1/thumb/v7-m/nofp\libgcc.a(_arm_addsubdf3.o)
                0x080002b8                __aeabi_drsub
                0x080002c0                __aeabi_dsub
                0x080002c0                __subdf3
                0x080002c4                __aeabi_dadd
                0x080002c4                __adddf3
                0x0800053c                __floatunsidf
                0x0800053c                __aeabi_ui2d
                0x0800055c                __floatsidf
                0x0800055c                __aeabi_i2d
                0x08000580                __aeabi_f2d
                0x08000580                __extendsfdf2
                0x080005c4                __floatundidf
                0x080005c4                __aeabi_ul2d
                0x080005d4                __floatdidf
                0x080005d4                __aeabi_l2d
 .text          0x08000630      0x424 C:/ST/STM32CubeIDE_1.19.0/STM32CubeIDE/plugins/com.st.stm32cube.ide.mcu.externaltools.gnu-tools-for-stm32.13.3.rel1.win32_1.0.0.202411081344/tools/bin/../lib/gcc/arm-none-eabi/13.3.1/thumb/v7-m/nofp\libgcc.a(_arm_muldivdf3.o)
                0x08000630                __aeabi_dmul
                0x08000630                __muldf3
                0x08000884                __divdf3
                0x08000884                __aeabi_ddiv
 .text          0x08000a54      0x110 C:/ST/STM32CubeIDE_1.19.0/STM32CubeIDE/plugins/com.st.stm32cube.ide.mcu.externaltools.gnu-tools-for-stm32.13.3.rel1.win32_1.0.0.202411081344/tools/bin/../lib/gcc/arm-none-eabi/13.3.1/thumb/v7-m/nofp\libgcc.a(_arm_cmpdf2.o)
                0x08000a54                __gtdf2
                0x08000a54                __gedf2
                0x08000a5c                __ltdf2
                0x08000a5c                __ledf2
                0x08000a64                __nedf2
                0x08000a64                __eqdf2
                0x08000a64                __cmpdf2
                0x08000ae0                __aeabi_cdrcmple
                0x08000af0                __aeabi_cdcmpeq
                0x08000af0                __aeabi_cdcmple
                0x08000b00                __aeabi_dcmpeq
                0x08000b14                __aeabi_dcmplt
                0x08000b28                __aeabi_dcmple
                0x08000b3c                __aeabi_dcmpge
                0x08000b50                __aeabi_dcmpgt
 .text          0x08000b64       0x40 C:/ST/STM32CubeIDE_1.19.0/STM32CubeIDE/plugins/com.st.stm32cube.ide.mcu.externaltools.gnu-tools-for-stm32.13.3.rel1.win32_1.0.0.202411081344/tools/bin/../lib/gcc/arm-none-eabi/13.3.1/thumb/v7-m/nofp\libgcc.a(_arm_fixunsdfsi.o)
                0x08000b64                __aeabi_d2uiz
                0x08000b64                __fixunsdfsi
 *(.text*)
 .text.csn_high
                0x08000ba4       0x18 ./Core/Src/NRF24.o
                0x08000ba4                csn_high
 .text.csn_low  0x08000bbc       0x18 ./Core/Src/NRF24.o
                0x08000bbc                csn_low
 .text.ce_high  0x08000bd4       0x18 ./Core/Src/NRF24.o
                0x08000bd4                ce_high
 .text.nrf24_w_reg
                0x08000bec       0x50 ./Core/Src/NRF24.o
                0x08000bec                nrf24_w_reg
 .text.nrf24_r_reg
                0x08000c3c       0x50 ./Core/Src/NRF24.o
                0x08000c3c                nrf24_r_reg
 .text.nrf24_w_spec_cmd
                0x08000c8c       0x24 ./Core/Src/NRF24.o
                0x08000c8c                nrf24_w_spec_cmd
 .text.nrf24_pwr_up
                0x08000cb0       0x34 ./Core/Src/NRF24.o
                0x08000cb0                nrf24_pwr_up
 .text.nrf24_tx_pwr
                0x08000ce4       0x4e ./Core/Src/NRF24.o
                0x08000ce4                nrf24_tx_pwr
 .text.nrf24_data_rate
                0x08000d32       0x5c ./Core/Src/NRF24.o
                0x08000d32                nrf24_data_rate
 .text.nrf24_set_channel
                0x08000d8e       0x1e ./Core/Src/NRF24.o
                0x08000d8e                nrf24_set_channel
 .text.nrf24_open_tx_pipe
                0x08000dac       0x1a ./Core/Src/NRF24.o
                0x08000dac                nrf24_open_tx_pipe
 *fill*         0x08000dc6        0x2 
 .text.nrf24_pipe_pld_size
                0x08000dc8       0x9c ./Core/Src/NRF24.o
                0x08000dc8                nrf24_pipe_pld_size
 .text.nrf24_open_rx_pipe
                0x08000e64       0xdc ./Core/Src/NRF24.o
                0x08000e64                nrf24_open_rx_pipe
 .text.nrf24_set_crc
                0x08000f40       0x5c ./Core/Src/NRF24.o
                0x08000f40                nrf24_set_crc
 .text.nrf24_flush_tx
                0x08000f9c       0x16 ./Core/Src/NRF24.o
                0x08000f9c                nrf24_flush_tx
 .text.nrf24_flush_rx
                0x08000fb2       0x16 ./Core/Src/NRF24.o
                0x08000fb2                nrf24_flush_rx
 .text.nrf24_r_status
                0x08000fc8       0x38 ./Core/Src/NRF24.o
                0x08000fc8                nrf24_r_status
 .text.nrf24_clear_rx_dr
                0x08001000       0x30 ./Core/Src/NRF24.o
                0x08001000                nrf24_clear_rx_dr
 .text.nrf24_clear_tx_ds
                0x08001030       0x30 ./Core/Src/NRF24.o
                0x08001030                nrf24_clear_tx_ds
 .text.nrf24_clear_max_rt
                0x08001060       0x30 ./Core/Src/NRF24.o
                0x08001060                nrf24_clear_max_rt
 .text.nrf24_listen
                0x08001090       0x38 ./Core/Src/NRF24.o
                0x08001090                nrf24_listen
 .text.nrf24_data_available
                0x080010c8       0x2a ./Core/Src/NRF24.o
                0x080010c8                nrf24_data_available
 *fill*         0x080010f2        0x2 
 .text.nrf24_receive
                0x080010f4       0x48 ./Core/Src/NRF24.o
                0x080010f4                nrf24_receive
 .text.nrf24_init
                0x0800113c       0x20 ./Core/Src/NRF24.o
                0x0800113c                nrf24_init
 .text.CAR_Speed
                0x0800115c       0x58 ./Core/Src/conf.o
                0x0800115c                CAR_Speed
 .text.CAR_Front
                0x080011b4       0x28 ./Core/Src/conf.o
                0x080011b4                CAR_Front
 .text.CAR_Back
                0x080011dc       0x28 ./Core/Src/conf.o
                0x080011dc                CAR_Back
 *fill*         0x08001204        0x4 
 .text.CAR_Direction
                0x08001208       0xdc ./Core/Src/conf.o
                0x08001208                CAR_Direction
 .text.main     0x080012e4      0x104 ./Core/Src/main.o
                0x080012e4                main
 .text.SystemClock_Config
                0x080013e8       0x80 ./Core/Src/main.o
                0x080013e8                SystemClock_Config
 .text.MX_SPI2_Init
                0x08001468       0x6c ./Core/Src/main.o
 .text.MX_TIM2_Init
                0x080014d4       0xc8 ./Core/Src/main.o
 .text.MX_TIM3_Init
                0x0800159c       0xb4 ./Core/Src/main.o
 .text.MX_GPIO_Init
                0x08001650       0x9c ./Core/Src/main.o
 .text.Error_Handler
                0x080016ec        0xc ./Core/Src/main.o
                0x080016ec                Error_Handler
 .text.HAL_MspInit
                0x080016f8       0x64 ./Core/Src/stm32f1xx_hal_msp.o
                0x080016f8                HAL_MspInit
 .text.HAL_SPI_MspInit
                0x0800175c       0xa8 ./Core/Src/stm32f1xx_hal_msp.o
                0x0800175c                HAL_SPI_MspInit
 .text.HAL_TIM_PWM_MspInit
                0x08001804       0x60 ./Core/Src/stm32f1xx_hal_msp.o
                0x08001804                HAL_TIM_PWM_MspInit
 .text.HAL_TIM_MspPostInit
                0x08001864       0xcc ./Core/Src/stm32f1xx_hal_msp.o
                0x08001864                HAL_TIM_MspPostInit
 .text.NMI_Handler
                0x08001930        0x8 ./Core/Src/stm32f1xx_it.o
                0x08001930                NMI_Handler
 .text.HardFault_Handler
                0x08001938        0x8 ./Core/Src/stm32f1xx_it.o
                0x08001938                HardFault_Handler
 .text.MemManage_Handler
                0x08001940        0x8 ./Core/Src/stm32f1xx_it.o
                0x08001940                MemManage_Handler
 .text.BusFault_Handler
                0x08001948        0x8 ./Core/Src/stm32f1xx_it.o
                0x08001948                BusFault_Handler
 .text.UsageFault_Handler
                0x08001950        0x8 ./Core/Src/stm32f1xx_it.o
                0x08001950                UsageFault_Handler
 .text.SVC_Handler
                0x08001958        0xc ./Core/Src/stm32f1xx_it.o
                0x08001958                SVC_Handler
 .text.DebugMon_Handler
                0x08001964        0xc ./Core/Src/stm32f1xx_it.o
                0x08001964                DebugMon_Handler
 .text.PendSV_Handler
                0x08001970        0xc ./Core/Src/stm32f1xx_it.o
                0x08001970                PendSV_Handler
 .text.SysTick_Handler
                0x0800197c        0xc ./Core/Src/stm32f1xx_it.o
                0x0800197c                SysTick_Handler
 .text.SPI2_IRQHandler
                0x08001988       0x14 ./Core/Src/stm32f1xx_it.o
                0x08001988                SPI2_IRQHandler
 .text.SystemInit
                0x0800199c        0xc ./Core/Src/system_stm32f1xx.o
                0x0800199c                SystemInit
 .text.Reset_Handler
                0x080019a8       0x48 ./Core/Startup/startup_stm32f103c8tx.o
                0x080019a8                Reset_Handler
 .text.Default_Handler
                0x080019f0        0x2 ./Core/Startup/startup_stm32f103c8tx.o
                0x080019f0                RTC_Alarm_IRQHandler
                0x080019f0                EXTI2_IRQHandler
                0x080019f0                TIM1_CC_IRQHandler
                0x080019f0                PVD_IRQHandler
                0x080019f0                EXTI3_IRQHandler
                0x080019f0                EXTI0_IRQHandler
                0x080019f0                I2C2_EV_IRQHandler
                0x080019f0                ADC1_2_IRQHandler
                0x080019f0                SPI1_IRQHandler
                0x080019f0                TAMPER_IRQHandler
                0x080019f0                DMA1_Channel4_IRQHandler
                0x080019f0                USART3_IRQHandler
                0x080019f0                RTC_IRQHandler
                0x080019f0                DMA1_Channel7_IRQHandler
                0x080019f0                CAN1_RX1_IRQHandler
                0x080019f0                TIM4_IRQHandler
                0x080019f0                I2C1_EV_IRQHandler
                0x080019f0                DMA1_Channel6_IRQHandler
                0x080019f0                TIM3_IRQHandler
                0x080019f0                RCC_IRQHandler
                0x080019f0                TIM1_TRG_COM_IRQHandler
                0x080019f0                DMA1_Channel1_IRQHandler
                0x080019f0                Default_Handler
                0x080019f0                EXTI15_10_IRQHandler
                0x080019f0                EXTI9_5_IRQHandler
                0x080019f0                DMA1_Channel5_IRQHandler
                0x080019f0                EXTI4_IRQHandler
                0x080019f0                USB_LP_CAN1_RX0_IRQHandler
                0x080019f0                USB_HP_CAN1_TX_IRQHandler
                0x080019f0                DMA1_Channel3_IRQHandler
                0x080019f0                TIM1_UP_IRQHandler
                0x080019f0                WWDG_IRQHandler
                0x080019f0                TIM2_IRQHandler
                0x080019f0                TIM1_BRK_IRQHandler
                0x080019f0                EXTI1_IRQHandler
                0x080019f0                USART2_IRQHandler
                0x080019f0                I2C2_ER_IRQHandler
                0x080019f0                DMA1_Channel2_IRQHandler
                0x080019f0                CAN1_SCE_IRQHandler
                0x080019f0                FLASH_IRQHandler
                0x080019f0                USART1_IRQHandler
                0x080019f0                I2C1_ER_IRQHandler
                0x080019f0                USBWakeUp_IRQHandler
 *fill*         0x080019f2        0x2 
 .text.HAL_Init
                0x080019f4       0x2c ./Drivers/STM32F1xx_HAL_Driver/Src/stm32f1xx_hal.o
                0x080019f4                HAL_Init
 .text.HAL_InitTick
                0x08001a20       0x60 ./Drivers/STM32F1xx_HAL_Driver/Src/stm32f1xx_hal.o
                0x08001a20                HAL_InitTick
 .text.HAL_IncTick
                0x08001a80       0x24 ./Drivers/STM32F1xx_HAL_Driver/Src/stm32f1xx_hal.o
                0x08001a80                HAL_IncTick
 .text.HAL_GetTick
                0x08001aa4       0x14 ./Drivers/STM32F1xx_HAL_Driver/Src/stm32f1xx_hal.o
                0x08001aa4                HAL_GetTick
 .text.__NVIC_SetPriorityGrouping
                0x08001ab8       0x48 ./Drivers/STM32F1xx_HAL_Driver/Src/stm32f1xx_hal_cortex.o
 .text.__NVIC_GetPriorityGrouping
                0x08001b00       0x1c ./Drivers/STM32F1xx_HAL_Driver/Src/stm32f1xx_hal_cortex.o
 .text.__NVIC_EnableIRQ
                0x08001b1c       0x38 ./Drivers/STM32F1xx_HAL_Driver/Src/stm32f1xx_hal_cortex.o
 .text.__NVIC_SetPriority
                0x08001b54       0x54 ./Drivers/STM32F1xx_HAL_Driver/Src/stm32f1xx_hal_cortex.o
 .text.NVIC_EncodePriority
                0x08001ba8       0x64 ./Drivers/STM32F1xx_HAL_Driver/Src/stm32f1xx_hal_cortex.o
 .text.SysTick_Config
                0x08001c0c       0x44 ./Drivers/STM32F1xx_HAL_Driver/Src/stm32f1xx_hal_cortex.o
 .text.HAL_NVIC_SetPriorityGrouping
                0x08001c50       0x16 ./Drivers/STM32F1xx_HAL_Driver/Src/stm32f1xx_hal_cortex.o
                0x08001c50                HAL_NVIC_SetPriorityGrouping
 .text.HAL_NVIC_SetPriority
                0x08001c66       0x38 ./Drivers/STM32F1xx_HAL_Driver/Src/stm32f1xx_hal_cortex.o
                0x08001c66                HAL_NVIC_SetPriority
 .text.HAL_NVIC_EnableIRQ
                0x08001c9e       0x1c ./Drivers/STM32F1xx_HAL_Driver/Src/stm32f1xx_hal_cortex.o
                0x08001c9e                HAL_NVIC_EnableIRQ
 .text.HAL_SYSTICK_Config
                0x08001cba       0x18 ./Drivers/STM32F1xx_HAL_Driver/Src/stm32f1xx_hal_cortex.o
                0x08001cba                HAL_SYSTICK_Config
 *fill*         0x08001cd2        0x2 
 .text.HAL_DMA_Abort_IT
                0x08001cd4       0xf0 ./Drivers/STM32F1xx_HAL_Driver/Src/stm32f1xx_hal_dma.o
                0x08001cd4                HAL_DMA_Abort_IT
 .text.HAL_GPIO_Init
                0x08001dc4      0x308 ./Drivers/STM32F1xx_HAL_Driver/Src/stm32f1xx_hal_gpio.o
                0x08001dc4                HAL_GPIO_Init
 .text.HAL_GPIO_WritePin
                0x080020cc       0x30 ./Drivers/STM32F1xx_HAL_Driver/Src/stm32f1xx_hal_gpio.o
                0x080020cc                HAL_GPIO_WritePin
 .text.HAL_RCC_OscConfig
                0x080020fc      0x504 ./Drivers/STM32F1xx_HAL_Driver/Src/stm32f1xx_hal_rcc.o
                0x080020fc                HAL_RCC_OscConfig
 .text.HAL_RCC_ClockConfig
                0x08002600      0x1d4 ./Drivers/STM32F1xx_HAL_Driver/Src/stm32f1xx_hal_rcc.o
                0x08002600                HAL_RCC_ClockConfig
 .text.HAL_RCC_GetSysClockFreq
                0x080027d4       0xa8 ./Drivers/STM32F1xx_HAL_Driver/Src/stm32f1xx_hal_rcc.o
                0x080027d4                HAL_RCC_GetSysClockFreq
 .text.RCC_Delay
                0x0800287c       0x3c ./Drivers/STM32F1xx_HAL_Driver/Src/stm32f1xx_hal_rcc.o
 .text.HAL_SPI_Init
                0x080028b8      0x108 ./Drivers/STM32F1xx_HAL_Driver/Src/stm32f1xx_hal_spi.o
                0x080028b8                HAL_SPI_Init
 .text.HAL_SPI_Transmit
                0x080029c0      0x288 ./Drivers/STM32F1xx_HAL_Driver/Src/stm32f1xx_hal_spi.o
                0x080029c0                HAL_SPI_Transmit
 .text.HAL_SPI_Receive
                0x08002c48      0x232 ./Drivers/STM32F1xx_HAL_Driver/Src/stm32f1xx_hal_spi.o
                0x08002c48                HAL_SPI_Receive
 .text.HAL_SPI_TransmitReceive
                0x08002e7a      0x352 ./Drivers/STM32F1xx_HAL_Driver/Src/stm32f1xx_hal_spi.o
                0x08002e7a                HAL_SPI_TransmitReceive
 .text.HAL_SPI_IRQHandler
                0x080031cc      0x1cc ./Drivers/STM32F1xx_HAL_Driver/Src/stm32f1xx_hal_spi.o
                0x080031cc                HAL_SPI_IRQHandler
 .text.HAL_SPI_ErrorCallback
                0x08003398       0x12 ./Drivers/STM32F1xx_HAL_Driver/Src/stm32f1xx_hal_spi.o
                0x08003398                HAL_SPI_ErrorCallback
 .text.SPI_DMAAbortOnError
                0x080033aa       0x28 ./Drivers/STM32F1xx_HAL_Driver/Src/stm32f1xx_hal_spi.o
 *fill*         0x080033d2        0x2 
 .text.SPI_WaitFlagStateUntilTimeout
                0x080033d4      0x110 ./Drivers/STM32F1xx_HAL_Driver/Src/stm32f1xx_hal_spi.o
 .text.SPI_EndRxTransaction
                0x080034e4       0xa4 ./Drivers/STM32F1xx_HAL_Driver/Src/stm32f1xx_hal_spi.o
 .text.SPI_EndRxTxTransaction
                0x08003588       0x62 ./Drivers/STM32F1xx_HAL_Driver/Src/stm32f1xx_hal_spi.o
 .text.HAL_TIM_PWM_Init
                0x080035ea       0x9e ./Drivers/STM32F1xx_HAL_Driver/Src/stm32f1xx_hal_tim.o
                0x080035ea                HAL_TIM_PWM_Init
 .text.HAL_TIM_PWM_Start
                0x08003688      0x144 ./Drivers/STM32F1xx_HAL_Driver/Src/stm32f1xx_hal_tim.o
                0x08003688                HAL_TIM_PWM_Start
 .text.HAL_TIM_PWM_ConfigChannel
                0x080037cc      0x184 ./Drivers/STM32F1xx_HAL_Driver/Src/stm32f1xx_hal_tim.o
                0x080037cc                HAL_TIM_PWM_ConfigChannel
 .text.TIM_Base_SetConfig
                0x08003950       0xdc ./Drivers/STM32F1xx_HAL_Driver/Src/stm32f1xx_hal_tim.o
                0x08003950                TIM_Base_SetConfig
 .text.TIM_OC1_SetConfig
                0x08003a2c       0xcc ./Drivers/STM32F1xx_HAL_Driver/Src/stm32f1xx_hal_tim.o
 .text.TIM_OC2_SetConfig
                0x08003af8       0xd4 ./Drivers/STM32F1xx_HAL_Driver/Src/stm32f1xx_hal_tim.o
                0x08003af8                TIM_OC2_SetConfig
 .text.TIM_OC3_SetConfig
                0x08003bcc       0xd4 ./Drivers/STM32F1xx_HAL_Driver/Src/stm32f1xx_hal_tim.o
 .text.TIM_OC4_SetConfig
                0x08003ca0       0x9c ./Drivers/STM32F1xx_HAL_Driver/Src/stm32f1xx_hal_tim.o
 .text.TIM_CCxChannelCmd
                0x08003d3c       0x48 ./Drivers/STM32F1xx_HAL_Driver/Src/stm32f1xx_hal_tim.o
                0x08003d3c                TIM_CCxChannelCmd
 .text.HAL_TIMEx_MasterConfigSynchronization
                0x08003d84       0xbc ./Drivers/STM32F1xx_HAL_Driver/Src/stm32f1xx_hal_tim_ex.o
                0x08003d84                HAL_TIMEx_MasterConfigSynchronization
 .text.memset   0x08003e40       0x10 C:/ST/STM32CubeIDE_1.19.0/STM32CubeIDE/plugins/com.st.stm32cube.ide.mcu.externaltools.gnu-tools-for-stm32.13.3.rel1.win32_1.0.0.202411081344/tools/bin/../lib/gcc/arm-none-eabi/13.3.1/../../../../arm-none-eabi/lib/thumb/v7-m/nofp\libc_nano.a(libc_a-memset.o)
                0x08003e40                memset
 .text.__libc_init_array
                0x08003e50       0x48 C:/ST/STM32CubeIDE_1.19.0/STM32CubeIDE/plugins/com.st.stm32cube.ide.mcu.externaltools.gnu-tools-for-stm32.13.3.rel1.win32_1.0.0.202411081344/tools/bin/../lib/gcc/arm-none-eabi/13.3.1/../../../../arm-none-eabi/lib/thumb/v7-m/nofp\libc_nano.a(libc_a-init.o)
                0x08003e50                __libc_init_array
 *(.glue_7)
 .glue_7        0x08003e98        0x0 linker stubs
 *(.glue_7t)
 .glue_7t       0x08003e98        0x0 linker stubs
 *(.eh_frame)
 .eh_frame      0x08003e98        0x0 C:/ST/STM32CubeIDE_1.19.0/STM32CubeIDE/plugins/com.st.stm32cube.ide.mcu.externaltools.gnu-tools-for-stm32.13.3.rel1.win32_1.0.0.202411081344/tools/bin/../lib/gcc/arm-none-eabi/13.3.1/thumb/v7-m/nofp/crtbegin.o
 *(.init)
 .init          0x08003e98        0x4 C:/ST/STM32CubeIDE_1.19.0/STM32CubeIDE/plugins/com.st.stm32cube.ide.mcu.externaltools.gnu-tools-for-stm32.13.3.rel1.win32_1.0.0.202411081344/tools/bin/../lib/gcc/arm-none-eabi/13.3.1/thumb/v7-m/nofp/crti.o
                0x08003e98                _init
 .init          0x08003e9c        0x8 C:/ST/STM32CubeIDE_1.19.0/STM32CubeIDE/plugins/com.st.stm32cube.ide.mcu.externaltools.gnu-tools-for-stm32.13.3.rel1.win32_1.0.0.202411081344/tools/bin/../lib/gcc/arm-none-eabi/13.3.1/thumb/v7-m/nofp/crtn.o
 *(.fini)
 .fini          0x08003ea4        0x4 C:/ST/STM32CubeIDE_1.19.0/STM32CubeIDE/plugins/com.st.stm32cube.ide.mcu.externaltools.gnu-tools-for-stm32.13.3.rel1.win32_1.0.0.202411081344/tools/bin/../lib/gcc/arm-none-eabi/13.3.1/thumb/v7-m/nofp/crti.o
                0x08003ea4                _fini
 .fini          0x08003ea8        0x8 C:/ST/STM32CubeIDE_1.19.0/STM32CubeIDE/plugins/com.st.stm32cube.ide.mcu.externaltools.gnu-tools-for-stm32.13.3.rel1.win32_1.0.0.202411081344/tools/bin/../lib/gcc/arm-none-eabi/13.3.1/thumb/v7-m/nofp/crtn.o
                0x08003eb0                        . = ALIGN (0x4)
                0x08003eb0                        _etext = .

.vfp11_veneer   0x08003eb0        0x0
 .vfp11_veneer  0x08003eb0        0x0 linker stubs

.v4_bx          0x08003eb0        0x0
 .v4_bx         0x08003eb0        0x0 linker stubs

.iplt           0x08003eb0        0x0
 .iplt          0x08003eb0        0x0 C:/ST/STM32CubeIDE_1.19.0/STM32CubeIDE/plugins/com.st.stm32cube.ide.mcu.externaltools.gnu-tools-for-stm32.13.3.rel1.win32_1.0.0.202411081344/tools/bin/../lib/gcc/arm-none-eabi/13.3.1/thumb/v7-m/nofp/crtbegin.o

.rodata         0x08003eb0       0x24
                0x08003eb0                        . = ALIGN (0x4)
 *(.rodata)
 *(.rodata*)
 .rodata.AHBPrescTable
                0x08003eb0       0x10 ./Core/Src/system_stm32f1xx.o
                0x08003eb0                AHBPrescTable
 .rodata.aPLLMULFactorTable.1
                0x08003ec0       0x10 ./Drivers/STM32F1xx_HAL_Driver/Src/stm32f1xx_hal_rcc.o
 .rodata.aPredivFactorTable.0
                0x08003ed0        0x2 ./Drivers/STM32F1xx_HAL_Driver/Src/stm32f1xx_hal_rcc.o
                0x08003ed4                        . = ALIGN (0x4)
 *fill*         0x08003ed2        0x2 

.ARM.extab      0x08003ed4        0x0
                0x08003ed4                        . = ALIGN (0x4)
 *(.ARM.extab* .gnu.linkonce.armextab.*)
                0x08003ed4                        . = ALIGN (0x4)

.ARM            0x08003ed4        0x0
                0x08003ed4                        . = ALIGN (0x4)
                0x08003ed4                        __exidx_start = .
 *(.ARM.exidx*)
                0x08003ed4                        __exidx_end = .
                0x08003ed4                        . = ALIGN (0x4)

.preinit_array  0x08003ed4        0x0
                0x08003ed4                        . = ALIGN (0x4)
                0x08003ed4                        PROVIDE (__preinit_array_start = .)
 *(.preinit_array*)
                0x08003ed4                        PROVIDE (__preinit_array_end = .)
                0x08003ed4                        . = ALIGN (0x4)

.init_array     0x08003ed4        0x4
                0x08003ed4                        . = ALIGN (0x4)
                0x08003ed4                        PROVIDE (__init_array_start = .)
 *(SORT_BY_NAME(.init_array.*))
 *(.init_array*)
 .init_array    0x08003ed4        0x4 C:/ST/STM32CubeIDE_1.19.0/STM32CubeIDE/plugins/com.st.stm32cube.ide.mcu.externaltools.gnu-tools-for-stm32.13.3.rel1.win32_1.0.0.202411081344/tools/bin/../lib/gcc/arm-none-eabi/13.3.1/thumb/v7-m/nofp/crtbegin.o
                0x08003ed8                        PROVIDE (__init_array_end = .)
                0x08003ed8                        . = ALIGN (0x4)

.fini_array     0x08003ed8        0x4
                0x08003ed8                        . = ALIGN (0x4)
                [!provide]                        PROVIDE (__fini_array_start = .)
 *(SORT_BY_NAME(.fini_array.*))
 *(.fini_array*)
 .fini_array    0x08003ed8        0x4 C:/ST/STM32CubeIDE_1.19.0/STM32CubeIDE/plugins/com.st.stm32cube.ide.mcu.externaltools.gnu-tools-for-stm32.13.3.rel1.win32_1.0.0.202411081344/tools/bin/../lib/gcc/arm-none-eabi/13.3.1/thumb/v7-m/nofp/crtbegin.o
                [!provide]                        PROVIDE (__fini_array_end = .)
                0x08003edc                        . = ALIGN (0x4)
                0x08003edc                        _sidata = LOADADDR (.data)

.rel.dyn        0x08003edc        0x0
 .rel.iplt      0x08003edc        0x0 C:/ST/STM32CubeIDE_1.19.0/STM32CubeIDE/plugins/com.st.stm32cube.ide.mcu.externaltools.gnu-tools-for-stm32.13.3.rel1.win32_1.0.0.202411081344/tools/bin/../lib/gcc/arm-none-eabi/13.3.1/thumb/v7-m/nofp/crtbegin.o

.data           0x20000000       0x10 load address 0x08003edc
                0x20000000                        . = ALIGN (0x4)
                0x20000000                        _sdata = .
 *(.data)
 *(.data*)
 .data.addrRx   0x20000000        0x4 ./Core/Src/main.o
                0x20000000                addrRx
 .data.SystemCoreClock
                0x20000004        0x4 ./Core/Src/system_stm32f1xx.o
                0x20000004                SystemCoreClock
 .data.uwTickPrio
                0x20000008        0x4 ./Drivers/STM32F1xx_HAL_Driver/Src/stm32f1xx_hal.o
                0x20000008                uwTickPrio
 .data.uwTickFreq
                0x2000000c        0x1 ./Drivers/STM32F1xx_HAL_Driver/Src/stm32f1xx_hal.o
                0x2000000c                uwTickFreq
 *(.RamFunc)
 *(.RamFunc*)
                0x20000010                        . = ALIGN (0x4)
 *fill*         0x2000000d        0x3 
                0x20000010                        _edata = .

.igot.plt       0x20000010        0x0 load address 0x08003eec
 .igot.plt      0x20000010        0x0 C:/ST/STM32CubeIDE_1.19.0/STM32CubeIDE/plugins/com.st.stm32cube.ide.mcu.externaltools.gnu-tools-for-stm32.13.3.rel1.win32_1.0.0.202411081344/tools/bin/../lib/gcc/arm-none-eabi/13.3.1/thumb/v7-m/nofp/crtbegin.o
                0x20000010                        . = ALIGN (0x4)

.bss            0x20000010      0x118 load address 0x08003eec
                0x20000010                        _sbss = .
                0x20000010                        __bss_start__ = _sbss
 *(.bss)
 .bss           0x20000010       0x1c C:/ST/STM32CubeIDE_1.19.0/STM32CubeIDE/plugins/com.st.stm32cube.ide.mcu.externaltools.gnu-tools-for-stm32.13.3.rel1.win32_1.0.0.202411081344/tools/bin/../lib/gcc/arm-none-eabi/13.3.1/thumb/v7-m/nofp/crtbegin.o
 *(.bss*)
 .bss.hspi2     0x2000002c       0x58 ./Core/Src/main.o
                0x2000002c                hspi2
 .bss.htim2     0x20000084       0x48 ./Core/Src/main.o
                0x20000084                htim2
 .bss.htim3     0x200000cc       0x48 ./Core/Src/main.o
                0x200000cc                htim3
 .bss.rxData    0x20000114        0x8 ./Core/Src/main.o
                0x20000114                rxData
 .bss.dataRx    0x2000011c        0x8 ./Core/Src/main.o
                0x2000011c                dataRx
 .bss.uwTick    0x20000124        0x4 ./Drivers/STM32F1xx_HAL_Driver/Src/stm32f1xx_hal.o
                0x20000124                uwTick
 *(COMMON)
                0x20000128                        . = ALIGN (0x4)
                0x20000128                        _ebss = .
                0x20000128                        __bss_end__ = _ebss

._user_heap_stack
                0x20000128      0x600 load address 0x08003eec
                0x20000128                        . = ALIGN (0x8)
                [!provide]                        PROVIDE (end = .)
                0x20000128                        PROVIDE (_end = .)
                0x20000328                        . = (. + _Min_Heap_Size)
 *fill*         0x20000128      0x200 
                0x20000728                        . = (. + _Min_Stack_Size)
 *fill*         0x20000328      0x400 
                0x20000728                        . = ALIGN (0x8)

/DISCARD/
 libc.a(*)
 libm.a(*)
 libgcc.a(*)

.ARM.attributes
                0x00000000       0x29
 *(.ARM.attributes)
 .ARM.attributes
                0x00000000       0x1d C:/ST/STM32CubeIDE_1.19.0/STM32CubeIDE/plugins/com.st.stm32cube.ide.mcu.externaltools.gnu-tools-for-stm32.13.3.rel1.win32_1.0.0.202411081344/tools/bin/../lib/gcc/arm-none-eabi/13.3.1/thumb/v7-m/nofp/crti.o
 .ARM.attributes
                0x0000001d       0x2d C:/ST/STM32CubeIDE_1.19.0/STM32CubeIDE/plugins/com.st.stm32cube.ide.mcu.externaltools.gnu-tools-for-stm32.13.3.rel1.win32_1.0.0.202411081344/tools/bin/../lib/gcc/arm-none-eabi/13.3.1/thumb/v7-m/nofp/crtbegin.o
 .ARM.attributes
                0x0000004a       0x2d ./Core/Src/NRF24.o
 .ARM.attributes
                0x00000077       0x2d ./Core/Src/conf.o
 .ARM.attributes
                0x000000a4       0x2d ./Core/Src/main.o
 .ARM.attributes
                0x000000d1       0x2d ./Core/Src/stm32f1xx_hal_msp.o
 .ARM.attributes
                0x000000fe       0x2d ./Core/Src/stm32f1xx_it.o
 .ARM.attributes
                0x0000012b       0x2d ./Core/Src/system_stm32f1xx.o
 .ARM.attributes
                0x00000158       0x21 ./Core/Startup/startup_stm32f103c8tx.o
 .ARM.attributes
                0x00000179       0x2d ./Drivers/STM32F1xx_HAL_Driver/Src/stm32f1xx_hal.o
 .ARM.attributes
                0x000001a6       0x2d ./Drivers/STM32F1xx_HAL_Driver/Src/stm32f1xx_hal_cortex.o
 .ARM.attributes
                0x000001d3       0x2d ./Drivers/STM32F1xx_HAL_Driver/Src/stm32f1xx_hal_dma.o
 .ARM.attributes
                0x00000200       0x2d ./Drivers/STM32F1xx_HAL_Driver/Src/stm32f1xx_hal_gpio.o
 .ARM.attributes
                0x0000022d       0x2d ./Drivers/STM32F1xx_HAL_Driver/Src/stm32f1xx_hal_rcc.o
 .ARM.attributes
                0x0000025a       0x2d ./Drivers/STM32F1xx_HAL_Driver/Src/stm32f1xx_hal_spi.o
 .ARM.attributes
                0x00000287       0x2d ./Drivers/STM32F1xx_HAL_Driver/Src/stm32f1xx_hal_tim.o
 .ARM.attributes
                0x000002b4       0x2d ./Drivers/STM32F1xx_HAL_Driver/Src/stm32f1xx_hal_tim_ex.o
 .ARM.attributes
                0x000002e1       0x2d C:/ST/STM32CubeIDE_1.19.0/STM32CubeIDE/plugins/com.st.stm32cube.ide.mcu.externaltools.gnu-tools-for-stm32.13.3.rel1.win32_1.0.0.202411081344/tools/bin/../lib/gcc/arm-none-eabi/13.3.1/../../../../arm-none-eabi/lib/thumb/v7-m/nofp\libc_nano.a(libc_a-memset.o)
 .ARM.attributes
                0x0000030e       0x2d C:/ST/STM32CubeIDE_1.19.0/STM32CubeIDE/plugins/com.st.stm32cube.ide.mcu.externaltools.gnu-tools-for-stm32.13.3.rel1.win32_1.0.0.202411081344/tools/bin/../lib/gcc/arm-none-eabi/13.3.1/../../../../arm-none-eabi/lib/thumb/v7-m/nofp\libc_nano.a(libc_a-init.o)
 .ARM.attributes
                0x0000033b       0x1d C:/ST/STM32CubeIDE_1.19.0/STM32CubeIDE/plugins/com.st.stm32cube.ide.mcu.externaltools.gnu-tools-for-stm32.13.3.rel1.win32_1.0.0.202411081344/tools/bin/../lib/gcc/arm-none-eabi/13.3.1/thumb/v7-m/nofp\libgcc.a(_arm_mulsf3.o)
 .ARM.attributes
                0x00000358       0x1d C:/ST/STM32CubeIDE_1.19.0/STM32CubeIDE/plugins/com.st.stm32cube.ide.mcu.externaltools.gnu-tools-for-stm32.13.3.rel1.win32_1.0.0.202411081344/tools/bin/../lib/gcc/arm-none-eabi/13.3.1/thumb/v7-m/nofp\libgcc.a(_arm_addsubdf3.o)
 .ARM.attributes
                0x00000375       0x1d C:/ST/STM32CubeIDE_1.19.0/STM32CubeIDE/plugins/com.st.stm32cube.ide.mcu.externaltools.gnu-tools-for-stm32.13.3.rel1.win32_1.0.0.202411081344/tools/bin/../lib/gcc/arm-none-eabi/13.3.1/thumb/v7-m/nofp\libgcc.a(_arm_muldivdf3.o)
 .ARM.attributes
                0x00000392       0x1d C:/ST/STM32CubeIDE_1.19.0/STM32CubeIDE/plugins/com.st.stm32cube.ide.mcu.externaltools.gnu-tools-for-stm32.13.3.rel1.win32_1.0.0.202411081344/tools/bin/../lib/gcc/arm-none-eabi/13.3.1/thumb/v7-m/nofp\libgcc.a(_arm_cmpdf2.o)
 .ARM.attributes
                0x000003af       0x1d C:/ST/STM32CubeIDE_1.19.0/STM32CubeIDE/plugins/com.st.stm32cube.ide.mcu.externaltools.gnu-tools-for-stm32.13.3.rel1.win32_1.0.0.202411081344/tools/bin/../lib/gcc/arm-none-eabi/13.3.1/thumb/v7-m/nofp\libgcc.a(_arm_fixunsdfsi.o)
 .ARM.attributes
                0x000003cc       0x1d C:/ST/STM32CubeIDE_1.19.0/STM32CubeIDE/plugins/com.st.stm32cube.ide.mcu.externaltools.gnu-tools-for-stm32.13.3.rel1.win32_1.0.0.202411081344/tools/bin/../lib/gcc/arm-none-eabi/13.3.1/thumb/v7-m/nofp/crtn.o
OUTPUT(CARRITOBLPRX.elf elf32-littlearm)
LOAD linker stubs
LOAD C:/ST/STM32CubeIDE_1.19.0/STM32CubeIDE/plugins/com.st.stm32cube.ide.mcu.externaltools.gnu-tools-for-stm32.13.3.rel1.win32_1.0.0.202411081344/tools/bin/../lib/gcc/arm-none-eabi/13.3.1/../../../../arm-none-eabi/lib/thumb/v7-m/nofp\libc.a
LOAD C:/ST/STM32CubeIDE_1.19.0/STM32CubeIDE/plugins/com.st.stm32cube.ide.mcu.externaltools.gnu-tools-for-stm32.13.3.rel1.win32_1.0.0.202411081344/tools/bin/../lib/gcc/arm-none-eabi/13.3.1/../../../../arm-none-eabi/lib/thumb/v7-m/nofp\libm.a
LOAD C:/ST/STM32CubeIDE_1.19.0/STM32CubeIDE/plugins/com.st.stm32cube.ide.mcu.externaltools.gnu-tools-for-stm32.13.3.rel1.win32_1.0.0.202411081344/tools/bin/../lib/gcc/arm-none-eabi/13.3.1/thumb/v7-m/nofp\libgcc.a

.debug_info     0x00000000     0xb3c0
 .debug_info    0x00000000     0x1058 ./Core/Src/NRF24.o
 .debug_info    0x00001058      0x46c ./Core/Src/conf.o
 .debug_info    0x000014c4     0x10a5 ./Core/Src/main.o
 .debug_info    0x00002569      0xdf4 ./Core/Src/stm32f1xx_hal_msp.o
 .debug_info    0x0000335d      0x613 ./Core/Src/stm32f1xx_it.o
 .debug_info    0x00003970      0x222 ./Core/Src/system_stm32f1xx.o
 .debug_info    0x00003b92       0x30 ./Core/Startup/startup_stm32f103c8tx.o
 .debug_info    0x00003bc2      0x704 ./Drivers/STM32F1xx_HAL_Driver/Src/stm32f1xx_hal.o
 .debug_info    0x000042c6      0xa87 ./Drivers/STM32F1xx_HAL_Driver/Src/stm32f1xx_hal_cortex.o
 .debug_info    0x00004d4d      0x6d2 ./Drivers/STM32F1xx_HAL_Driver/Src/stm32f1xx_hal_dma.o
 .debug_info    0x0000541f      0x5ab ./Drivers/STM32F1xx_HAL_Driver/Src/stm32f1xx_hal_gpio.o
 .debug_info    0x000059ca      0x7d5 ./Drivers/STM32F1xx_HAL_Driver/Src/stm32f1xx_hal_rcc.o
 .debug_info    0x0000619f     0x142d ./Drivers/STM32F1xx_HAL_Driver/Src/stm32f1xx_hal_spi.o
 .debug_info    0x000075cc     0x2959 ./Drivers/STM32F1xx_HAL_Driver/Src/stm32f1xx_hal_tim.o
 .debug_info    0x00009f25     0x149b ./Drivers/STM32F1xx_HAL_Driver/Src/stm32f1xx_hal_tim_ex.o

.debug_abbrev   0x00000000     0x1f18
 .debug_abbrev  0x00000000      0x31d ./Core/Src/NRF24.o
 .debug_abbrev  0x0000031d      0x145 ./Core/Src/conf.o
 .debug_abbrev  0x00000462      0x2de ./Core/Src/main.o
 .debug_abbrev  0x00000740      0x1fb ./Core/Src/stm32f1xx_hal_msp.o
 .debug_abbrev  0x0000093b      0x186 ./Core/Src/stm32f1xx_it.o
 .debug_abbrev  0x00000ac1      0x13f ./Core/Src/system_stm32f1xx.o
 .debug_abbrev  0x00000c00       0x24 ./Core/Startup/startup_stm32f103c8tx.o
 .debug_abbrev  0x00000c24      0x201 ./Drivers/STM32F1xx_HAL_Driver/Src/stm32f1xx_hal.o
 .debug_abbrev  0x00000e25      0x2f8 ./Drivers/STM32F1xx_HAL_Driver/Src/stm32f1xx_hal_cortex.o
 .debug_abbrev  0x0000111d      0x20b ./Drivers/STM32F1xx_HAL_Driver/Src/stm32f1xx_hal_dma.o
 .debug_abbrev  0x00001328      0x1ca ./Drivers/STM32F1xx_HAL_Driver/Src/stm32f1xx_hal_gpio.o
 .debug_abbrev  0x000014f2      0x2b3 ./Drivers/STM32F1xx_HAL_Driver/Src/stm32f1xx_hal_rcc.o
 .debug_abbrev  0x000017a5      0x27a ./Drivers/STM32F1xx_HAL_Driver/Src/stm32f1xx_hal_spi.o
 .debug_abbrev  0x00001a1f      0x277 ./Drivers/STM32F1xx_HAL_Driver/Src/stm32f1xx_hal_tim.o
 .debug_abbrev  0x00001c96      0x282 ./Drivers/STM32F1xx_HAL_Driver/Src/stm32f1xx_hal_tim_ex.o

.debug_aranges  0x00000000      0xda8
 .debug_aranges
                0x00000000      0x1a0 ./Core/Src/NRF24.o
 .debug_aranges
                0x000001a0       0x68 ./Core/Src/conf.o
 .debug_aranges
                0x00000208       0x50 ./Core/Src/main.o
 .debug_aranges
                0x00000258       0x48 ./Core/Src/stm32f1xx_hal_msp.o
 .debug_aranges
                0x000002a0       0x68 ./Core/Src/stm32f1xx_it.o
 .debug_aranges
                0x00000308       0x28 ./Core/Src/system_stm32f1xx.o
 .debug_aranges
                0x00000330       0x28 ./Core/Startup/startup_stm32f103c8tx.o
 .debug_aranges
                0x00000358       0xe0 ./Drivers/STM32F1xx_HAL_Driver/Src/stm32f1xx_hal.o
 .debug_aranges
                0x00000438      0x100 ./Drivers/STM32F1xx_HAL_Driver/Src/stm32f1xx_hal_cortex.o
 .debug_aranges
                0x00000538       0x80 ./Drivers/STM32F1xx_HAL_Driver/Src/stm32f1xx_hal_dma.o
 .debug_aranges
                0x000005b8       0x58 ./Drivers/STM32F1xx_HAL_Driver/Src/stm32f1xx_hal_gpio.o
 .debug_aranges
                0x00000610       0x90 ./Drivers/STM32F1xx_HAL_Driver/Src/stm32f1xx_hal_rcc.o
 .debug_aranges
                0x000006a0      0x1d0 ./Drivers/STM32F1xx_HAL_Driver/Src/stm32f1xx_hal_spi.o
 .debug_aranges
                0x00000870      0x3d0 ./Drivers/STM32F1xx_HAL_Driver/Src/stm32f1xx_hal_tim.o
 .debug_aranges
                0x00000c40      0x168 ./Drivers/STM32F1xx_HAL_Driver/Src/stm32f1xx_hal_tim_ex.o

.debug_rnglists
                0x00000000      0xa85
 .debug_rnglists
                0x00000000      0x136 ./Core/Src/NRF24.o
 .debug_rnglists
                0x00000136       0x4a ./Core/Src/conf.o
 .debug_rnglists
                0x00000180       0x3c ./Core/Src/main.o
 .debug_rnglists
                0x000001bc       0x33 ./Core/Src/stm32f1xx_hal_msp.o
 .debug_rnglists
                0x000001ef       0x49 ./Core/Src/stm32f1xx_it.o
 .debug_rnglists
                0x00000238       0x1a ./Core/Src/system_stm32f1xx.o
 .debug_rnglists
                0x00000252       0x19 ./Core/Startup/startup_stm32f103c8tx.o
 .debug_rnglists
                0x0000026b       0xa3 ./Drivers/STM32F1xx_HAL_Driver/Src/stm32f1xx_hal.o
 .debug_rnglists
                0x0000030e       0xbb ./Drivers/STM32F1xx_HAL_Driver/Src/stm32f1xx_hal_cortex.o
 .debug_rnglists
                0x000003c9       0x64 ./Drivers/STM32F1xx_HAL_Driver/Src/stm32f1xx_hal_dma.o
 .debug_rnglists
                0x0000042d       0x3f ./Drivers/STM32F1xx_HAL_Driver/Src/stm32f1xx_hal_gpio.o
 .debug_rnglists
                0x0000046c       0x6c ./Drivers/STM32F1xx_HAL_Driver/Src/stm32f1xx_hal_rcc.o
 .debug_rnglists
                0x000004d8      0x16e ./Drivers/STM32F1xx_HAL_Driver/Src/stm32f1xx_hal_spi.o
 .debug_rnglists
                0x00000646      0x31a ./Drivers/STM32F1xx_HAL_Driver/Src/stm32f1xx_hal_tim.o
 .debug_rnglists
                0x00000960      0x125 ./Drivers/STM32F1xx_HAL_Driver/Src/stm32f1xx_hal_tim_ex.o

.debug_macro    0x00000000    0x181d0
 .debug_macro   0x00000000      0x291 ./Core/Src/NRF24.o
 .debug_macro   0x00000291      0xacc ./Core/Src/NRF24.o
 .debug_macro   0x00000d5d       0x22 ./Core/Src/NRF24.o
 .debug_macro   0x00000d7f       0x5b ./Core/Src/NRF24.o
 .debug_macro   0x00000dda       0x24 ./Core/Src/NRF24.o
 .debug_macro   0x00000dfe       0x94 ./Core/Src/NRF24.o
 .debug_macro   0x00000e92       0x43 ./Core/Src/NRF24.o
 .debug_macro   0x00000ed5       0x34 ./Core/Src/NRF24.o
 .debug_macro   0x00000f09       0x16 ./Core/Src/NRF24.o
 .debug_macro   0x00000f1f       0x57 ./Core/Src/NRF24.o
 .debug_macro   0x00000f76       0x9e ./Core/Src/NRF24.o
 .debug_macro   0x00001014      0x370 ./Core/Src/NRF24.o
 .debug_macro   0x00001384      0x112 ./Core/Src/NRF24.o
 .debug_macro   0x00001496       0x10 ./Core/Src/NRF24.o
 .debug_macro   0x000014a6       0x16 ./Core/Src/NRF24.o
 .debug_macro   0x000014bc       0x4a ./Core/Src/NRF24.o
 .debug_macro   0x00001506       0x34 ./Core/Src/NRF24.o
 .debug_macro   0x0000153a       0x10 ./Core/Src/NRF24.o
 .debug_macro   0x0000154a       0x58 ./Core/Src/NRF24.o
 .debug_macro   0x000015a2       0x8e ./Core/Src/NRF24.o
 .debug_macro   0x00001630       0x1c ./Core/Src/NRF24.o
 .debug_macro   0x0000164c      0x185 ./Core/Src/NRF24.o
 .debug_macro   0x000017d1       0x16 ./Core/Src/NRF24.o
 .debug_macro   0x000017e7       0x16 ./Core/Src/NRF24.o
 .debug_macro   0x000017fd      0x146 ./Core/Src/NRF24.o
 .debug_macro   0x00001943      0x21b ./Core/Src/NRF24.o
 .debug_macro   0x00001b5e       0x2e ./Core/Src/NRF24.o
 .debug_macro   0x00001b8c       0x22 ./Core/Src/NRF24.o
 .debug_macro   0x00001bae      0x103 ./Core/Src/NRF24.o
 .debug_macro   0x00001cb1       0x6a ./Core/Src/NRF24.o
 .debug_macro   0x00001d1b      0x1df ./Core/Src/NRF24.o
 .debug_macro   0x00001efa       0x1c ./Core/Src/NRF24.o
 .debug_macro   0x00001f16       0x22 ./Core/Src/NRF24.o
 .debug_macro   0x00001f38       0xbd ./Core/Src/NRF24.o
 .debug_macro   0x00001ff5      0xd23 ./Core/Src/NRF24.o
 .debug_macro   0x00002d18     0xe09e ./Core/Src/NRF24.o
 .debug_macro   0x00010db6       0x6d ./Core/Src/NRF24.o
 .debug_macro   0x00010e23     0x34a2 ./Core/Src/NRF24.o
 .debug_macro   0x000142c5       0x56 ./Core/Src/NRF24.o
 .debug_macro   0x0001431b      0x5bc ./Core/Src/NRF24.o
 .debug_macro   0x000148d7      0x289 ./Core/Src/NRF24.o
 .debug_macro   0x00014b60      0x1cb ./Core/Src/NRF24.o
 .debug_macro   0x00014d2b      0x114 ./Core/Src/NRF24.o
 .debug_macro   0x00014e3f      0x1b2 ./Core/Src/NRF24.o
 .debug_macro   0x00014ff1       0x27 ./Core/Src/NRF24.o
 .debug_macro   0x00015018      0x136 ./Core/Src/NRF24.o
 .debug_macro   0x0001514e      0x1bc ./Core/Src/NRF24.o
 .debug_macro   0x0001530a       0x34 ./Core/Src/NRF24.o
 .debug_macro   0x0001533e       0x3c ./Core/Src/NRF24.o
 .debug_macro   0x0001537a       0x57 ./Core/Src/NRF24.o
 .debug_macro   0x000153d1       0x87 ./Core/Src/NRF24.o
 .debug_macro   0x00015458      0x240 ./Core/Src/NRF24.o
 .debug_macro   0x00015698      0x140 ./Core/Src/NRF24.o
 .debug_macro   0x000157d8      0x217 ./Core/Src/NRF24.o
 .debug_macro   0x000159ef      0x8ed ./Core/Src/NRF24.o
 .debug_macro   0x000162dc       0x83 ./Core/Src/NRF24.o
 .debug_macro   0x0001635f       0x3a ./Core/Src/NRF24.o
 .debug_macro   0x00016399      0x232 ./Core/Src/NRF24.o
 .debug_macro   0x000165cb      0x299 ./Core/Src/conf.o
 .debug_macro   0x00016864       0x8e ./Core/Src/conf.o
 .debug_macro   0x000168f2       0x51 ./Core/Src/conf.o
 .debug_macro   0x00016943      0x190 ./Core/Src/conf.o
 .debug_macro   0x00016ad3       0x5c ./Core/Src/conf.o
 .debug_macro   0x00016b2f       0x61 ./Core/Src/conf.o
 .debug_macro   0x00016b90       0x10 ./Core/Src/conf.o
 .debug_macro   0x00016ba0       0x3c ./Core/Src/conf.o
 .debug_macro   0x00016bdc       0x20 ./Core/Src/conf.o
 .debug_macro   0x00016bfc      0x2a9 ./Core/Src/main.o
 .debug_macro   0x00016ea5       0x58 ./Core/Src/main.o
 .debug_macro   0x00016efd      0x1b2 ./Core/Src/stm32f1xx_hal_msp.o
 .debug_macro   0x000170af      0x1bc ./Core/Src/stm32f1xx_it.o
 .debug_macro   0x0001726b      0x1a3 ./Core/Src/system_stm32f1xx.o
 .debug_macro   0x0001740e      0x1c7 ./Drivers/STM32F1xx_HAL_Driver/Src/stm32f1xx_hal.o
 .debug_macro   0x000175d5      0x1a3 ./Drivers/STM32F1xx_HAL_Driver/Src/stm32f1xx_hal_cortex.o
 .debug_macro   0x00017778      0x1a3 ./Drivers/STM32F1xx_HAL_Driver/Src/stm32f1xx_hal_dma.o
 .debug_macro   0x0001791b      0x20e ./Drivers/STM32F1xx_HAL_Driver/Src/stm32f1xx_hal_gpio.o
 .debug_macro   0x00017b29      0x1b5 ./Drivers/STM32F1xx_HAL_Driver/Src/stm32f1xx_hal_rcc.o
 .debug_macro   0x00017cde      0x1ab ./Drivers/STM32F1xx_HAL_Driver/Src/stm32f1xx_hal_spi.o
 .debug_macro   0x00017e89      0x1a4 ./Drivers/STM32F1xx_HAL_Driver/Src/stm32f1xx_hal_tim.o
 .debug_macro   0x0001802d      0x1a3 ./Drivers/STM32F1xx_HAL_Driver/Src/stm32f1xx_hal_tim_ex.o

.debug_line     0x00000000     0xe05b
 .debug_line    0x00000000      0xfab ./Core/Src/NRF24.o
 .debug_line    0x00000fab      0x9dc ./Core/Src/conf.o
 .debug_line    0x00001987      0xa9f ./Core/Src/main.o
 .debug_line    0x00002426      0x7f6 ./Core/Src/stm32f1xx_hal_msp.o
 .debug_line    0x00002c1c      0x7c2 ./Core/Src/stm32f1xx_it.o
 .debug_line    0x000033de      0x77a ./Core/Src/system_stm32f1xx.o
 .debug_line    0x00003b58       0x78 ./Core/Startup/startup_stm32f103c8tx.o
 .debug_line    0x00003bd0      0x9ab ./Drivers/STM32F1xx_HAL_Driver/Src/stm32f1xx_hal.o
 .debug_line    0x0000457b      0xb75 ./Drivers/STM32F1xx_HAL_Driver/Src/stm32f1xx_hal_cortex.o
 .debug_line    0x000050f0      0xdb5 ./Drivers/STM32F1xx_HAL_Driver/Src/stm32f1xx_hal_dma.o
 .debug_line    0x00005ea5      0xa08 ./Drivers/STM32F1xx_HAL_Driver/Src/stm32f1xx_hal_gpio.o
 .debug_line    0x000068ad      0xe64 ./Drivers/STM32F1xx_HAL_Driver/Src/stm32f1xx_hal_rcc.o
 .debug_line    0x00007711     0x1c42 ./Drivers/STM32F1xx_HAL_Driver/Src/stm32f1xx_hal_spi.o
 .debug_line    0x00009353     0x3499 ./Drivers/STM32F1xx_HAL_Driver/Src/stm32f1xx_hal_tim.o
 .debug_line    0x0000c7ec     0x186f ./Drivers/STM32F1xx_HAL_Driver/Src/stm32f1xx_hal_tim_ex.o

.debug_str      0x00000000    0x8a33c
 .debug_str     0x00000000    0x8a33c ./Core/Src/NRF24.o
                              0x87461 (size before relaxing)
 .debug_str     0x0008a33c    0x86289 ./Core/Src/conf.o
 .debug_str     0x0008a33c    0x87346 ./Core/Src/main.o
 .debug_str     0x0008a33c    0x83b62 ./Core/Src/stm32f1xx_hal_msp.o
 .debug_str     0x0008a33c    0x834e8 ./Core/Src/stm32f1xx_it.o
 .debug_str     0x0008a33c    0x82fae ./Core/Src/system_stm32f1xx.o
 .debug_str     0x0008a33c       0xa5 ./Core/Startup/startup_stm32f103c8tx.o
 .debug_str     0x0008a33c    0x836e1 ./Drivers/STM32F1xx_HAL_Driver/Src/stm32f1xx_hal.o
 .debug_str     0x0008a33c    0x8362d ./Drivers/STM32F1xx_HAL_Driver/Src/stm32f1xx_hal_cortex.o
 .debug_str     0x0008a33c    0x83357 ./Drivers/STM32F1xx_HAL_Driver/Src/stm32f1xx_hal_dma.o
 .debug_str     0x0008a33c    0x83334 ./Drivers/STM32F1xx_HAL_Driver/Src/stm32f1xx_hal_gpio.o
 .debug_str     0x0008a33c    0x833dd ./Drivers/STM32F1xx_HAL_Driver/Src/stm32f1xx_hal_rcc.o
 .debug_str     0x0008a33c    0x838d4 ./Drivers/STM32F1xx_HAL_Driver/Src/stm32f1xx_hal_spi.o
 .debug_str     0x0008a33c    0x843df ./Drivers/STM32F1xx_HAL_Driver/Src/stm32f1xx_hal_tim.o
 .debug_str     0x0008a33c    0x83beb ./Drivers/STM32F1xx_HAL_Driver/Src/stm32f1xx_hal_tim_ex.o

.comment        0x00000000       0x43
 .comment       0x00000000       0x43 ./Core/Src/NRF24.o
                                 0x44 (size before relaxing)
 .comment       0x00000043       0x44 ./Core/Src/conf.o
 .comment       0x00000043       0x44 ./Core/Src/main.o
 .comment       0x00000043       0x44 ./Core/Src/stm32f1xx_hal_msp.o
 .comment       0x00000043       0x44 ./Core/Src/stm32f1xx_it.o
 .comment       0x00000043       0x44 ./Core/Src/system_stm32f1xx.o
 .comment       0x00000043       0x44 ./Drivers/STM32F1xx_HAL_Driver/Src/stm32f1xx_hal.o
 .comment       0x00000043       0x44 ./Drivers/STM32F1xx_HAL_Driver/Src/stm32f1xx_hal_cortex.o
 .comment       0x00000043       0x44 ./Drivers/STM32F1xx_HAL_Driver/Src/stm32f1xx_hal_dma.o
 .comment       0x00000043       0x44 ./Drivers/STM32F1xx_HAL_Driver/Src/stm32f1xx_hal_gpio.o
 .comment       0x00000043       0x44 ./Drivers/STM32F1xx_HAL_Driver/Src/stm32f1xx_hal_rcc.o
 .comment       0x00000043       0x44 ./Drivers/STM32F1xx_HAL_Driver/Src/stm32f1xx_hal_spi.o
 .comment       0x00000043       0x44 ./Drivers/STM32F1xx_HAL_Driver/Src/stm32f1xx_hal_tim.o
 .comment       0x00000043       0x44 ./Drivers/STM32F1xx_HAL_Driver/Src/stm32f1xx_hal_tim_ex.o

.debug_frame    0x00000000     0x3aa8
 .debug_frame   0x00000000      0x6bc ./Core/Src/NRF24.o
 .debug_frame   0x000006bc      0x160 ./Core/Src/conf.o
 .debug_frame   0x0000081c       0xf0 ./Core/Src/main.o
 .debug_frame   0x0000090c       0xf4 ./Core/Src/stm32f1xx_hal_msp.o
 .debug_frame   0x00000a00      0x120 ./Core/Src/stm32f1xx_it.o
 .debug_frame   0x00000b20       0x58 ./Core/Src/system_stm32f1xx.o
 .debug_frame   0x00000b78      0x334 ./Drivers/STM32F1xx_HAL_Driver/Src/stm32f1xx_hal.o
 .debug_frame   0x00000eac      0x428 ./Drivers/STM32F1xx_HAL_Driver/Src/stm32f1xx_hal_cortex.o
 .debug_frame   0x000012d4      0x208 ./Drivers/STM32F1xx_HAL_Driver/Src/stm32f1xx_hal_dma.o
 .debug_frame   0x000014dc      0x14c ./Drivers/STM32F1xx_HAL_Driver/Src/stm32f1xx_hal_gpio.o
 .debug_frame   0x00001628      0x218 ./Drivers/STM32F1xx_HAL_Driver/Src/stm32f1xx_hal_rcc.o
 .debug_frame   0x00001840      0x824 ./Drivers/STM32F1xx_HAL_Driver/Src/stm32f1xx_hal_spi.o
 .debug_frame   0x00002064     0x11b8 ./Drivers/STM32F1xx_HAL_Driver/Src/stm32f1xx_hal_tim.o
 .debug_frame   0x0000321c      0x638 ./Drivers/STM32F1xx_HAL_Driver/Src/stm32f1xx_hal_tim_ex.o
 .debug_frame   0x00003854       0x20 C:/ST/STM32CubeIDE_1.19.0/STM32CubeIDE/plugins/com.st.stm32cube.ide.mcu.externaltools.gnu-tools-for-stm32.13.3.rel1.win32_1.0.0.202411081344/tools/bin/../lib/gcc/arm-none-eabi/13.3.1/../../../../arm-none-eabi/lib/thumb/v7-m/nofp\libc_nano.a(libc_a-memset.o)
 .debug_frame   0x00003874       0x2c C:/ST/STM32CubeIDE_1.19.0/STM32CubeIDE/plugins/com.st.stm32cube.ide.mcu.externaltools.gnu-tools-for-stm32.13.3.rel1.win32_1.0.0.202411081344/tools/bin/../lib/gcc/arm-none-eabi/13.3.1/../../../../arm-none-eabi/lib/thumb/v7-m/nofp\libc_nano.a(libc_a-init.o)
 .debug_frame   0x000038a0       0x24 C:/ST/STM32CubeIDE_1.19.0/STM32CubeIDE/plugins/com.st.stm32cube.ide.mcu.externaltools.gnu-tools-for-stm32.13.3.rel1.win32_1.0.0.202411081344/tools/bin/../lib/gcc/arm-none-eabi/13.3.1/thumb/v7-m/nofp\libgcc.a(_arm_mulsf3.o)
 .debug_frame   0x000038c4       0xac C:/ST/STM32CubeIDE_1.19.0/STM32CubeIDE/plugins/com.st.stm32cube.ide.mcu.externaltools.gnu-tools-for-stm32.13.3.rel1.win32_1.0.0.202411081344/tools/bin/../lib/gcc/arm-none-eabi/13.3.1/thumb/v7-m/nofp\libgcc.a(_arm_addsubdf3.o)
 .debug_frame   0x00003970       0x50 C:/ST/STM32CubeIDE_1.19.0/STM32CubeIDE/plugins/com.st.stm32cube.ide.mcu.externaltools.gnu-tools-for-stm32.13.3.rel1.win32_1.0.0.202411081344/tools/bin/../lib/gcc/arm-none-eabi/13.3.1/thumb/v7-m/nofp\libgcc.a(_arm_muldivdf3.o)
 .debug_frame   0x000039c0       0xc4 C:/ST/STM32CubeIDE_1.19.0/STM32CubeIDE/plugins/com.st.stm32cube.ide.mcu.externaltools.gnu-tools-for-stm32.13.3.rel1.win32_1.0.0.202411081344/tools/bin/../lib/gcc/arm-none-eabi/13.3.1/thumb/v7-m/nofp\libgcc.a(_arm_cmpdf2.o)
 .debug_frame   0x00003a84       0x24 C:/ST/STM32CubeIDE_1.19.0/STM32CubeIDE/plugins/com.st.stm32cube.ide.mcu.externaltools.gnu-tools-for-stm32.13.3.rel1.win32_1.0.0.202411081344/tools/bin/../lib/gcc/arm-none-eabi/13.3.1/thumb/v7-m/nofp\libgcc.a(_arm_fixunsdfsi.o)

.debug_line_str
                0x00000000       0x89
 .debug_line_str
                0x00000000       0x89 ./Core/Startup/startup_stm32f103c8tx.o
