Archive member included to satisfy reference by file (symbol)

C:/ST/STM32CubeIDE_1.19.0/STM32CubeIDE/plugins/com.st.stm32cube.ide.mcu.externaltools.gnu-tools-for-stm32.13.3.rel1.win32_1.0.0.202411081344/tools/bin/../lib/gcc/arm-none-eabi/13.3.1/../../../../arm-none-eabi/lib/thumb/v7-m/nofp\libc_nano.a(libc_a-exit.o)
                              C:/ST/STM32CubeIDE_1.19.0/STM32CubeIDE/plugins/com.st.stm32cube.ide.mcu.externaltools.gnu-tools-for-stm32.13.3.rel1.win32_1.0.0.202411081344/tools/bin/../lib/gcc/arm-none-eabi/13.3.1/../../../../arm-none-eabi/lib/thumb/v7-m/nofp/crt0.o (exit)
C:/ST/STM32CubeIDE_1.19.0/STM32CubeIDE/plugins/com.st.stm32cube.ide.mcu.externaltools.gnu-tools-for-stm32.13.3.rel1.win32_1.0.0.202411081344/tools/bin/../lib/gcc/arm-none-eabi/13.3.1/../../../../arm-none-eabi/lib/thumb/v7-m/nofp\libc_nano.a(libc_a-findfp.o)
                              C:/ST/STM32CubeIDE_1.19.0/STM32CubeIDE/plugins/com.st.stm32cube.ide.mcu.externaltools.gnu-tools-for-stm32.13.3.rel1.win32_1.0.0.202411081344/tools/bin/../lib/gcc/arm-none-eabi/13.3.1/../../../../arm-none-eabi/lib/thumb/v7-m/nofp\libc_nano.a(libc_a-exit.o) (__stdio_exit_handler)
C:/ST/STM32CubeIDE_1.19.0/STM32CubeIDE/plugins/com.st.stm32cube.ide.mcu.externaltools.gnu-tools-for-stm32.13.3.rel1.win32_1.0.0.202411081344/tools/bin/../lib/gcc/arm-none-eabi/13.3.1/../../../../arm-none-eabi/lib/thumb/v7-m/nofp\libc_nano.a(libc_a-fwalk.o)
                              C:/ST/STM32CubeIDE_1.19.0/STM32CubeIDE/plugins/com.st.stm32cube.ide.mcu.externaltools.gnu-tools-for-stm32.13.3.rel1.win32_1.0.0.202411081344/tools/bin/../lib/gcc/arm-none-eabi/13.3.1/../../../../arm-none-eabi/lib/thumb/v7-m/nofp\libc_nano.a(libc_a-findfp.o) (_fwalk_sglue)
C:/ST/STM32CubeIDE_1.19.0/STM32CubeIDE/plugins/com.st.stm32cube.ide.mcu.externaltools.gnu-tools-for-stm32.13.3.rel1.win32_1.0.0.202411081344/tools/bin/../lib/gcc/arm-none-eabi/13.3.1/../../../../arm-none-eabi/lib/thumb/v7-m/nofp\libc_nano.a(libc_a-stdio.o)
                              C:/ST/STM32CubeIDE_1.19.0/STM32CubeIDE/plugins/com.st.stm32cube.ide.mcu.externaltools.gnu-tools-for-stm32.13.3.rel1.win32_1.0.0.202411081344/tools/bin/../lib/gcc/arm-none-eabi/13.3.1/../../../../arm-none-eabi/lib/thumb/v7-m/nofp\libc_nano.a(libc_a-findfp.o) (__sread)
C:/ST/STM32CubeIDE_1.19.0/STM32CubeIDE/plugins/com.st.stm32cube.ide.mcu.externaltools.gnu-tools-for-stm32.13.3.rel1.win32_1.0.0.202411081344/tools/bin/../lib/gcc/arm-none-eabi/13.3.1/../../../../arm-none-eabi/lib/thumb/v7-m/nofp\libc_nano.a(libc_a-memset.o)
                              C:/ST/STM32CubeIDE_1.19.0/STM32CubeIDE/plugins/com.st.stm32cube.ide.mcu.externaltools.gnu-tools-for-stm32.13.3.rel1.win32_1.0.0.202411081344/tools/bin/../lib/gcc/arm-none-eabi/13.3.1/../../../../arm-none-eabi/lib/thumb/v7-m/nofp/crt0.o (memset)
C:/ST/STM32CubeIDE_1.19.0/STM32CubeIDE/plugins/com.st.stm32cube.ide.mcu.externaltools.gnu-tools-for-stm32.13.3.rel1.win32_1.0.0.202411081344/tools/bin/../lib/gcc/arm-none-eabi/13.3.1/../../../../arm-none-eabi/lib/thumb/v7-m/nofp\libc_nano.a(libc_a-closer.o)
                              C:/ST/STM32CubeIDE_1.19.0/STM32CubeIDE/plugins/com.st.stm32cube.ide.mcu.externaltools.gnu-tools-for-stm32.13.3.rel1.win32_1.0.0.202411081344/tools/bin/../lib/gcc/arm-none-eabi/13.3.1/../../../../arm-none-eabi/lib/thumb/v7-m/nofp\libc_nano.a(libc_a-stdio.o) (_close_r)
C:/ST/STM32CubeIDE_1.19.0/STM32CubeIDE/plugins/com.st.stm32cube.ide.mcu.externaltools.gnu-tools-for-stm32.13.3.rel1.win32_1.0.0.202411081344/tools/bin/../lib/gcc/arm-none-eabi/13.3.1/../../../../arm-none-eabi/lib/thumb/v7-m/nofp\libc_nano.a(libc_a-reent.o)
                              C:/ST/STM32CubeIDE_1.19.0/STM32CubeIDE/plugins/com.st.stm32cube.ide.mcu.externaltools.gnu-tools-for-stm32.13.3.rel1.win32_1.0.0.202411081344/tools/bin/../lib/gcc/arm-none-eabi/13.3.1/../../../../arm-none-eabi/lib/thumb/v7-m/nofp\libc_nano.a(libc_a-closer.o) (errno)
C:/ST/STM32CubeIDE_1.19.0/STM32CubeIDE/plugins/com.st.stm32cube.ide.mcu.externaltools.gnu-tools-for-stm32.13.3.rel1.win32_1.0.0.202411081344/tools/bin/../lib/gcc/arm-none-eabi/13.3.1/../../../../arm-none-eabi/lib/thumb/v7-m/nofp\libc_nano.a(libc_a-impure.o)
                              C:/ST/STM32CubeIDE_1.19.0/STM32CubeIDE/plugins/com.st.stm32cube.ide.mcu.externaltools.gnu-tools-for-stm32.13.3.rel1.win32_1.0.0.202411081344/tools/bin/../lib/gcc/arm-none-eabi/13.3.1/../../../../arm-none-eabi/lib/thumb/v7-m/nofp\libc_nano.a(libc_a-reent.o) (_impure_ptr)
C:/ST/STM32CubeIDE_1.19.0/STM32CubeIDE/plugins/com.st.stm32cube.ide.mcu.externaltools.gnu-tools-for-stm32.13.3.rel1.win32_1.0.0.202411081344/tools/bin/../lib/gcc/arm-none-eabi/13.3.1/../../../../arm-none-eabi/lib/thumb/v7-m/nofp\libc_nano.a(libc_a-lseekr.o)
[...]
Memory Configuration

Name             Origin             Length             Attributes
RAM              0x20000000         0x00005000         xrw
FLASH            0x08000000         0x00010000         xr
*default*        0x00000000         0xffffffff

Linker script and memory map

LOAD C:/ST/STM32CubeIDE_1.19.0/STM32CubeIDE/plugins/com.st.stm32cube.ide.mcu.externaltools.gnu-tools-for-stm32.13.3.rel1.win32_1.0.0.202411081344/tools/bin/../lib/gcc/arm-none-eabi/13.3.1/thumb/v7-m/nofp/crti.o
LOAD C:/ST/STM32CubeIDE_1.19.0/STM32CubeIDE/plugins/com.st.stm32cube.ide.mcu.externaltools.gnu-tools-for-stm32.13.3.rel1.win32_1.0.0.202411081344/tools/bin/../lib/gcc/arm-none-eabi/13.3.1/thumb/v7-m/nofp/crtbegin.o
LOAD C:/ST/STM32CubeIDE_1.19.0/STM32CubeIDE/plugins/com.st.stm32cube.ide.mcu.externaltools.gnu-tools-for-stm32.13.3.rel1.win32_1.0.0.202411081344/tools/bin/../lib/gcc/arm-none-eabi/13.3.1/../../../../arm-none-eabi/lib/thumb/v7-m/nofp/crt0.o
LOAD ./Core/Src/NRF24.o
LOAD ./Core/Src/main.o
LOAD ./Core/Src/mpu6050.o
LOAD ./Core/Src/stm32f1xx_hal_msp.o
LOAD ./Core/Src/stm32f1xx_it.o
LOAD ./Core/Src/syscalls.o
LOAD ./Core/Src/sysmem.o
LOAD ./Core/Src/system_stm32f1xx.o
LOAD ./Core/Startup/startup_stm32f103c8tx.o
LOAD ./Drivers/STM32F1xx_HAL_Driver/Src/stm32f1xx_hal.o
LOAD ./Drivers/STM32F1xx_HAL_Driver/Src/stm32f1xx_hal_adc.o
LOAD ./Drivers/STM32F1xx_HAL_Driver/Src/stm32f1xx_hal_adc_ex.o
LOAD ./Drivers/STM32F1xx_HAL_Driver/Src/stm32f1xx_hal_cortex.o
LOAD ./Drivers/STM32F1xx_HAL_Driver/Src/stm32f1xx_hal_dma.o
LOAD ./Drivers/STM32F1xx_HAL_Driver/Src/stm32f1xx_hal_exti.o
LOAD ./Drivers/STM32F1xx_HAL_Driver/Src/stm32f1xx_hal_flash.o
LOAD ./Drivers/STM32F1xx_HAL_Driver/Src/stm32f1xx_hal_flash_ex.o
LOAD ./Drivers/STM32F1xx_HAL_Driver/Src/stm32f1xx_hal_gpio.o
LOAD ./Drivers/STM32F1xx_HAL_Driver/Src/stm32f1xx_hal_gpio_ex.o
LOAD ./Drivers/STM32F1xx_HAL_Driver/Src/stm32f1xx_hal_i2c.o
LOAD ./Drivers/STM32F1xx_HAL_Driver/Src/stm32f1xx_hal_pwr.o
LOAD ./Drivers/STM32F1xx_HAL_Driver/Src/stm32f1xx_hal_rcc.o
LOAD ./Drivers/STM32F1xx_HAL_Driver/Src/stm32f1xx_hal_rcc_ex.o
LOAD ./Drivers/STM32F1xx_HAL_Driver/Src/stm32f1xx_hal_spi.o
START GROUP
LOAD C:/ST/STM32CubeIDE_1.19.0/STM32CubeIDE/plugins/com.st.stm32cube.ide.mcu.externaltools.gnu-tools-for-stm32.13.3.rel1.win32_1.0.0.202411081344/tools/bin/../lib/gcc/arm-none-eabi/13.3.1/../../../../arm-none-eabi/lib/thumb/v7-m/nofp\libc_nano.a
LOAD C:/ST/STM32CubeIDE_1.19.0/STM32CubeIDE/plugins/com.st.stm32cube.ide.mcu.externaltools.gnu-tools-for-stm32.13.3.rel1.win32_1.0.0.202411081344/tools/bin/../lib/gcc/arm-none-eabi/13.3.1/../../../../arm-none-eabi/lib/thumb/v7-m/nofp\libm.a
END GROUP
START GROUP
LOAD C:/ST/STM32CubeIDE_1.19.0/STM32CubeIDE/plugins/com.st.stm32cube.ide.mcu.externaltools.gnu-tools-for-stm32.13.3.rel1.win32_1.0.0.202411081344/tools/bin/../lib/gcc/arm-none-eabi/13.3.1/thumb/v7-m/nofp\libgcc.a
LOAD C:/ST/STM32CubeIDE_1.19.0/STM32CubeIDE/plugins/com.st.stm32cube.ide.mcu.externaltools.gnu-tools-for-stm32.13.3.rel1.win32_1.0.0.202411081344/tools/bin/../lib/gcc/arm-none-eabi/13.3.1/../../../../arm-none-eabi/lib/thumb/v7-m/nofp\libc_nano.a
END GROUP
START GROUP
LOAD C:/ST/STM32CubeIDE_1.19.0/STM32CubeIDE/plugins/com.st.stm32cube.ide.mcu.externaltools.gnu-tools-for-stm32.13.3.rel1.win32_1.0.0.202411081344/tools/bin/../lib/gcc/arm-none-eabi/13.3.1/thumb/v7-m/nofp\libgcc.a
LOAD C:/ST/STM32CubeIDE_1.19.0/STM32CubeIDE/plugins/com.st.stm32cube.ide.mcu.externaltools.gnu-tools-for-stm32.13.3.rel1.win32_1.0.0.202411081344/tools/bin/../lib/gcc/arm-none-eabi/13.3.1/../../../../arm-none-eabi/lib/thumb/v7-m/nofp\libc_nano.a
LOAD C:/ST/STM32CubeIDE_1.19.0/STM32CubeIDE/plugins/com.st.stm32cube.ide.mcu.externaltools.gnu-tools-for-stm32.13.3.rel1.win32_1.0.0.202411081344/tools/bin/../lib/gcc/arm-none-eabi/13.3.1/../../../../arm-none-eabi/lib/thumb/v7-m/nofp\libnosys.a
END GROUP
START GROUP
LOAD C:/ST/STM32CubeIDE_1.19.0/STM32CubeIDE/plugins/com.st.stm32cube.ide.mcu.externaltools.gnu-tools-for-stm32.13.3.rel1.win32_1.0.0.202411081344/tools/bin/../lib/gcc/arm-none-eabi/13.3.1/thumb/v7-m/nofp\libgcc.a
LOAD C:/ST/STM32CubeIDE_1.19.0/STM32CubeIDE/plugins/com.st.stm32cube.ide.mcu.externaltools.gnu-tools-for-stm32.13.3.rel1.win32_1.0.0.202411081344/tools/bin/../lib/gcc/arm-none-eabi/13.3.1/../../../../arm-none-eabi/lib/thumb/v7-m/nofp\libc_nano.a
LOAD C:/ST/STM32CubeIDE_1.19.0/STM32CubeIDE/plugins/com.st.stm32cube.ide.mcu.externaltools.gnu-tools-for-stm32.13.3.rel1.win32_1.0.0.202411081344/tools/bin/../lib/gcc/arm-none-eabi/13.3.1/../../../../arm-none-eabi/lib/thumb/v7-m/nofp\libnosys.a
END GROUP
LOAD C:/ST/STM32CubeIDE_1.19.0/STM32CubeIDE/plugins/com.st.stm32cube.ide.mcu.externaltools.gnu-tools-for-stm32.13.3.rel1.win32_1.0.0.202411081344/tools/bin/../lib/gcc/arm-none-eabi/13.3.1/thumb/v7-m/nofp/crtend.o
LOAD C:/ST/STM32CubeIDE_1.19.0/STM32CubeIDE/plugins/com.st.stm32cube.ide.mcu.externaltools.gnu-tools-for-stm32.13.3.rel1.win32_1.0.0.202411081344/tools/bin/../lib/gcc/arm-none-eabi/13.3.1/thumb/v7-m/nofp/crtn.o
                0x20005000                        _estack = (ORIGIN (RAM) + LENGTH (RAM))
                0x00000200                        _Min_Heap_Size = 0x200
                0x00000400                        _Min_Stack_Size = 0x400

.isr_vector     0x08000000      0x10c
                0x08000000                        . = ALIGN (0x4)
 *(.isr_vector)
 .isr_vector    0x08000000      0x10c ./Core/Startup/startup_stm32f103c8tx.o
                0x08000000                g_pfnVectors
                0x0800010c                        . = ALIGN (0x4)

.text           0x08000110     0x4fbc
                0x08000110                        . = ALIGN (0x4)
 *(.text)
 .text          0x08000110       0x40 C:/ST/STM32CubeIDE_1.19.0/STM32CubeIDE/plugins/com.st.stm32cube.ide.mcu.externaltools.gnu-tools-for-stm32.13.3.rel1.win32_1.0.0.202411081344/tools/bin/../lib/gcc/arm-none-eabi/13.3.1/thumb/v7-m/nofp/crtbegin.o
 .text          0x08000150      0x254 C:/ST/STM32CubeIDE_1.19.0/STM32CubeIDE/plugins/com.st.stm32cube.ide.mcu.externaltools.gnu-tools-for-stm32.13.3.rel1.win32_1.0.0.202411081344/tools/bin/../lib/gcc/arm-none-eabi/13.3.1/thumb/v7-m/nofp\libgcc.a(_arm_muldf3.o)
                0x08000150                __muldf3
                0x08000150                __aeabi_dmul
 .text          0x080003a4      0x378 C:/ST/STM32CubeIDE_1.19.0/STM32CubeIDE/plugins/com.st.stm32cube.ide.mcu.externaltools.gnu-tools-for-stm32.13.3.rel1.win32_1.0.0.202411081344/tools/bin/../lib/gcc/arm-none-eabi/13.3.1/thumb/v7-m/nofp\libgcc.a(_arm_addsubdf3.o)
                0x080003a4                __aeabi_drsub
                0x080003ac                __aeabi_dsub
                0x080003ac                __subdf3
                0x080003b0                __aeabi_dadd
                0x080003b0                __adddf3
                0x08000628                __floatunsidf
                0x08000628                __aeabi_ui2d
                0x08000648                __floatsidf
                0x08000648                __aeabi_i2d
                0x0800066c                __aeabi_f2d
                0x0800066c                __extendsfdf2
                0x080006b0                __floatundidf
                0x080006b0                __aeabi_ul2d
                0x080006c0                __floatdidf
                0x080006c0                __aeabi_l2d
 .text          0x0800071c      0x110 C:/ST/STM32CubeIDE_1.19.0/STM32CubeIDE/plugins/com.st.stm32cube.ide.mcu.externaltools.gnu-tools-for-stm32.13.3.rel1.win32_1.0.0.202411081344/tools/bin/../lib/gcc/arm-none-eabi/13.3.1/thumb/v7-m/nofp\libgcc.a(_arm_cmpdf2.o)
                0x0800071c                __gtdf2
                0x0800071c                __gedf2
                0x08000724                __ltdf2
                0x08000724                __ledf2
                0x0800072c                __nedf2
                0x0800072c                __eqdf2
                0x0800072c                __cmpdf2
                0x080007a8                __aeabi_cdrcmple
                0x080007b8                __aeabi_cdcmpeq
                0x080007b8                __aeabi_cdcmple
                0x080007c8                __aeabi_dcmpeq
                0x080007dc                __aeabi_dcmplt
                0x080007f0                __aeabi_dcmple
                0x08000804                __aeabi_dcmpge
                0x08000818                __aeabi_dcmpgt
 .text          0x0800082c       0xa0 C:/ST/STM32CubeIDE_1.19.0/STM32CubeIDE/plugins/com.st.stm32cube.ide.mcu.externaltools.gnu-tools-for-stm32.13.3.rel1.win32_1.0.0.202411081344/tools/bin/../lib/gcc/arm-none-eabi/13.3.1/thumb/v7-m/nofp\libgcc.a(_arm_truncdfsf2.o)
                0x0800082c                __truncdfsf2
                0x0800082c                __aeabi_d2f
 .text          0x080008cc      0x21c C:/ST/STM32CubeIDE_1.19.0/STM32CubeIDE/plugins/com.st.stm32cube.ide.mcu.externaltools.gnu-tools-for-stm32.13.3.rel1.win32_1.0.0.202411081344/tools/bin/../lib/gcc/arm-none-eabi/13.3.1/thumb/v7-m/nofp\libgcc.a(_arm_addsubsf3.o)
                0x080008cc                __aeabi_frsub
                0x080008d4                __subsf3
                0x080008d4                __aeabi_fsub
                0x080008d8                __aeabi_fadd
                0x080008d8                __addsf3
                0x08000a38                __aeabi_ui2f
                0x08000a38                __floatunsisf
                0x08000a40                __aeabi_i2f
                0x08000a40                __floatsisf
                0x08000a5c                __aeabi_ul2f
                0x08000a5c                __floatundisf
                0x08000a6c                __aeabi_l2f
                0x08000a6c                __floatdisf
 .text          0x08000ae8      0x2a0 C:/ST/STM32CubeIDE_1.19.0/STM32CubeIDE/plugins/com.st.stm32cube.ide.mcu.externaltools.gnu-tools-for-stm32.13.3.rel1.win32_1.0.0.202411081344/tools/bin/../lib/gcc/arm-none-eabi/13.3.1/thumb/v7-m/nofp\libgcc.a(_arm_muldivsf3.o)
                0x08000ae8                __mulsf3
                0x08000ae8                __aeabi_fmul
                0x08000c50                __aeabi_fdiv
                0x08000c50                __divsf3
 *(.text*)
 .text.csn_high
                0x08000d88       0x18 ./Core/Src/NRF24.o
                0x08000d88                csn_high
 .text.csn_low  0x08000da0       0x18 ./Core/Src/NRF24.o
                0x08000da0                csn_low
 .text.ce_high  0x08000db8       0x18 ./Core/Src/NRF24.o
                0x08000db8                ce_high
 .text.ce_low   0x08000dd0       0x18 ./Core/Src/NRF24.o
                0x08000dd0                ce_low
 .text.nrf24_w_reg
                0x08000de8       0x50 ./Core/Src/NRF24.o
                0x08000de8                nrf24_w_reg
 .text.nrf24_r_reg
                0x08000e38       0x50 ./Core/Src/NRF24.o
                0x08000e38                nrf24_r_reg
 .text.nrf24_w_spec_cmd
                0x08000e88       0x24 ./Core/Src/NRF24.o
                0x08000e88                nrf24_w_spec_cmd
 .text.nrf24_pwr_up
                0x08000eac       0x34 ./Core/Src/NRF24.o
                0x08000eac                nrf24_pwr_up
 .text.nrf24_tx_pwr
                0x08000ee0       0x4e ./Core/Src/NRF24.o
                0x08000ee0                nrf24_tx_pwr
 .text.nrf24_data_rate
                0x08000f2e       0x5c ./Core/Src/NRF24.o
                0x08000f2e                nrf24_data_rate
 .text.nrf24_set_channel
                0x08000f8a       0x1e ./Core/Src/NRF24.o
                0x08000f8a                nrf24_set_channel
 .text.nrf24_open_tx_pipe
                0x08000fa8       0x1a ./Core/Src/NRF24.o
                0x08000fa8                nrf24_open_tx_pipe
 *fill*         0x08000fc2        0x2 
 .text.nrf24_pipe_pld_size
                0x08000fc4       0x9c ./Core/Src/NRF24.o
                0x08000fc4                nrf24_pipe_pld_size
 .text.nrf24_open_rx_pipe
                0x08001060       0xdc ./Core/Src/NRF24.o
                0x08001060                nrf24_open_rx_pipe
 .text.nrf24_set_crc
                0x0800113c       0x5c ./Core/Src/NRF24.o
                0x0800113c                nrf24_set_crc
 .text.nrf24_flush_tx
                0x08001198       0x16 ./Core/Src/NRF24.o
                0x08001198                nrf24_flush_tx
 .text.nrf24_flush_rx
                0x080011ae       0x16 ./Core/Src/NRF24.o
                0x080011ae                nrf24_flush_rx
 .text.nrf24_r_status
                0x080011c4       0x38 ./Core/Src/NRF24.o
                0x080011c4                nrf24_r_status
 .text.nrf24_clear_rx_dr
                0x080011fc       0x30 ./Core/Src/NRF24.o
                0x080011fc                nrf24_clear_rx_dr
 .text.nrf24_clear_tx_ds
                0x0800122c       0x30 ./Core/Src/NRF24.o
                0x0800122c                nrf24_clear_tx_ds
 .text.nrf24_clear_max_rt
                0x0800125c       0x30 ./Core/Src/NRF24.o
                0x0800125c                nrf24_clear_max_rt
 .text.nrf24_stop_listen
                0x0800128c       0x34 ./Core/Src/NRF24.o
                0x0800128c                nrf24_stop_listen
 .text.nrf24_transmit
                0x080012c0       0x74 ./Core/Src/NRF24.o
                0x080012c0                nrf24_transmit
 .text.nrf24_init
                0x08001334       0x20 ./Core/Src/NRF24.o
                0x08001334                nrf24_init
 *fill*         0x08001354        0x4 
 .text.main     0x08001358      0x1cc ./Core/Src/main.o
                0x08001358                main
 .text.SystemClock_Config
                0x08001524       0xaa ./Core/Src/main.o
                0x08001524                SystemClock_Config
 *fill*         0x080015ce        0x2 
 .text.MX_ADC1_Init
                0x080015d0       0x7c ./Core/Src/main.o
 .text.MX_I2C1_Init
                0x0800164c       0x5c ./Core/Src/main.o
 .text.MX_SPI2_Init
                0x080016a8       0x6c ./Core/Src/main.o
 .text.MX_GPIO_Init
                0x08001714       0x9c ./Core/Src/main.o
 .text.Error_Handler
                0x080017b0        0xc ./Core/Src/main.o
                0x080017b0                Error_Handler
 .text.MPU6050_Init
                0x080017bc       0x4c ./Core/Src/mpu6050.o
                0x080017bc                MPU6050_Init
 .text.MPU6050_Read_Data
                0x08001808       0x58 ./Core/Src/mpu6050.o
                0x08001808                MPU6050_Read_Data
 .text.MPU6050_Get_Ax
                0x08001860       0x34 ./Core/Src/mpu6050.o
                0x08001860                MPU6050_Get_Ax
 .text.MPU6050_Get_Ay
                0x08001894       0x34 ./Core/Src/mpu6050.o
                0x08001894                MPU6050_Get_Ay
 .text.MPU6050_Get_Az
                0x080018c8       0x34 ./Core/Src/mpu6050.o
                0x080018c8                MPU6050_Get_Az
 .text.HAL_MspInit
                0x080018fc       0x64 ./Core/Src/stm32f1xx_hal_msp.o
                0x080018fc                HAL_MspInit
 .text.HAL_ADC_MspInit
                0x08001960       0x78 ./Core/Src/stm32f1xx_hal_msp.o
                0x08001960                HAL_ADC_MspInit
 .text.HAL_I2C_MspInit
                0x080019d8       0x7c ./Core/Src/stm32f1xx_hal_msp.o
                0x080019d8                HAL_I2C_MspInit
 .text.HAL_SPI_MspInit
                0x08001a54       0xa8 ./Core/Src/stm32f1xx_hal_msp.o
                0x08001a54                HAL_SPI_MspInit
 .text.NMI_Handler
                0x08001afc        0x8 ./Core/Src/stm32f1xx_it.o
                0x08001afc                NMI_Handler
 .text.HardFault_Handler
                0x08001b04        0x8 ./Core/Src/stm32f1xx_it.o
                0x08001b04                HardFault_Handler
 .text.MemManage_Handler
                0x08001b0c        0x8 ./Core/Src/stm32f1xx_it.o
                0x08001b0c                MemManage_Handler
 .text.BusFault_Handler
                0x08001b14        0x8 ./Core/Src/stm32f1xx_it.o
                0x08001b14                BusFault_Handler
 .text.UsageFault_Handler
                0x08001b1c        0x8 ./Core/Src/stm32f1xx_it.o
                0x08001b1c                UsageFault_Handler
 .text.SVC_Handler
                0x08001b24        0xc ./Core/Src/stm32f1xx_it.o
                0x08001b24                SVC_Handler
 .text.DebugMon_Handler
                0x08001b30        0xc ./Core/Src/stm32f1xx_it.o
                0x08001b30                DebugMon_Handler
 .text.PendSV_Handler
                0x08001b3c        0xc ./Core/Src/stm32f1xx_it.o
                0x08001b3c                PendSV_Handler
 .text.SysTick_Handler
                0x08001b48        0xc ./Core/Src/stm32f1xx_it.o
                0x08001b48                SysTick_Handler
 .text.SPI2_IRQHandler
                0x08001b54       0x14 ./Core/Src/stm32f1xx_it.o
                0x08001b54                SPI2_IRQHandler
 .text.SystemInit
                0x08001b68        0xc ./Core/Src/system_stm32f1xx.o
                0x08001b68                SystemInit
 .text.Reset_Handler
                0x08001b74       0x48 ./Core/Startup/startup_stm32f103c8tx.o
                0x08001b74                Reset_Handler
 .text.Default_Handler
                0x08001bbc        0x2 ./Core/Startup/startup_stm32f103c8tx.o
                0x08001bbc                RTC_Alarm_IRQHandler
                0x08001bbc                EXTI2_IRQHandler
                0x08001bbc                TIM1_CC_IRQHandler
                0x08001bbc                PVD_IRQHandler
                0x08001bbc                EXTI3_IRQHandler
                0x08001bbc                EXTI0_IRQHandler
                0x08001bbc                I2C2_EV_IRQHandler
                0x08001bbc                ADC1_2_IRQHandler
                0x08001bbc                SPI1_IRQHandler
                0x08001bbc                TAMPER_IRQHandler
                0x08001bbc                DMA1_Channel4_IRQHandler
                0x08001bbc                USART3_IRQHandler
                0x08001bbc                RTC_IRQHandler
                0x08001bbc                DMA1_Channel7_IRQHandler
                0x08001bbc                CAN1_RX1_IRQHandler
                0x08001bbc                TIM4_IRQHandler
                0x08001bbc                I2C1_EV_IRQHandler
                0x08001bbc                DMA1_Channel6_IRQHandler
                0x08001bbc                TIM3_IRQHandler
                0x08001bbc                RCC_IRQHandler
                0x08001bbc                TIM1_TRG_COM_IRQHandler
                0x08001bbc                DMA1_Channel1_IRQHandler
                0x08001bbc                Default_Handler
                0x08001bbc                EXTI15_10_IRQHandler
                0x08001bbc                EXTI9_5_IRQHandler
                0x08001bbc                DMA1_Channel5_IRQHandler
                0x08001bbc                EXTI4_IRQHandler
                0x08001bbc                USB_LP_CAN1_RX0_IRQHandler
                0x08001bbc                USB_HP_CAN1_TX_IRQHandler
                0x08001bbc                DMA1_Channel3_IRQHandler
                0x08001bbc                TIM1_UP_IRQHandler
                0x08001bbc                WWDG_IRQHandler
                0x08001bbc                TIM2_IRQHandler
                0x08001bbc                TIM1_BRK_IRQHandler
                0x08001bbc                EXTI1_IRQHandler
                0x08001bbc                USART2_IRQHandler
                0x08001bbc                I2C2_ER_IRQHandler
                0x08001bbc                DMA1_Channel2_IRQHandler
                0x08001bbc                CAN1_SCE_IRQHandler
                0x08001bbc                FLASH_IRQHandler
                0x08001bbc                USART1_IRQHandler
                0x08001bbc                I2C1_ER_IRQHandler
                0x08001bbc                USBWakeUp_IRQHandler
 *fill*         0x08001bbe        0x2 
 .text.HAL_Init
                0x08001bc0       0x2c ./Drivers/STM32F1xx_HAL_Driver/Src/stm32f1xx_hal.o
                0x08001bc0                HAL_Init
 .text.HAL_InitTick
                0x08001bec       0x60 ./Drivers/STM32F1xx_HAL_Driver/Src/stm32f1xx_hal.o
                0x08001bec                HAL_InitTick
 .text.HAL_IncTick
                0x08001c4c       0x24 ./Drivers/STM32F1xx_HAL_Driver/Src/stm32f1xx_hal.o
                0x08001c4c                HAL_IncTick
 .text.HAL_GetTick
                0x08001c70       0x14 ./Drivers/STM32F1xx_HAL_Driver/Src/stm32f1xx_hal.o
                0x08001c70                HAL_GetTick
 .text.HAL_Delay
                0x08001c84       0x48 ./Drivers/STM32F1xx_HAL_Driver/Src/stm32f1xx_hal.o
                0x08001c84                HAL_Delay
 .text.HAL_ADC_Init
                0x08001ccc      0x1b0 ./Drivers/STM32F1xx_HAL_Driver/Src/stm32f1xx_hal_adc.o
                0x08001ccc                HAL_ADC_Init
 .text.HAL_ADC_Start
                0x08001e7c      0x15c ./Drivers/STM32F1xx_HAL_Driver/Src/stm32f1xx_hal_adc.o
                0x08001e7c                HAL_ADC_Start
 .text.HAL_ADC_GetValue
                0x08001fd8       0x18 ./Drivers/STM32F1xx_HAL_Driver/Src/stm32f1xx_hal_adc.o
                0x08001fd8                HAL_ADC_GetValue
 .text.HAL_ADC_ConfigChannel
                0x08001ff0      0x1f0 ./Drivers/STM32F1xx_HAL_Driver/Src/stm32f1xx_hal_adc.o
                0x08001ff0                HAL_ADC_ConfigChannel
 .text.ADC_Enable
                0x080021e0       0xb4 ./Drivers/STM32F1xx_HAL_Driver/Src/stm32f1xx_hal_adc.o
                0x080021e0                ADC_Enable
 .text.ADC_ConversionStop_Disable
                0x08002294       0x82 ./Drivers/STM32F1xx_HAL_Driver/Src/stm32f1xx_hal_adc.o
                0x08002294                ADC_ConversionStop_Disable
 *fill*         0x08002316        0x2 
 .text.__NVIC_SetPriorityGrouping
                0x08002318       0x48 ./Drivers/STM32F1xx_HAL_Driver/Src/stm32f1xx_hal_cortex.o
 .text.__NVIC_GetPriorityGrouping
                0x08002360       0x1c ./Drivers/STM32F1xx_HAL_Driver/Src/stm32f1xx_hal_cortex.o
 .text.__NVIC_EnableIRQ
                0x0800237c       0x38 ./Drivers/STM32F1xx_HAL_Driver/Src/stm32f1xx_hal_cortex.o
 .text.__NVIC_SetPriority
                0x080023b4       0x54 ./Drivers/STM32F1xx_HAL_Driver/Src/stm32f1xx_hal_cortex.o
 .text.NVIC_EncodePriority
                0x08002408       0x64 ./Drivers/STM32F1xx_HAL_Driver/Src/stm32f1xx_hal_cortex.o
 .text.SysTick_Config
                0x0800246c       0x44 ./Drivers/STM32F1xx_HAL_Driver/Src/stm32f1xx_hal_cortex.o
 .text.HAL_NVIC_SetPriorityGrouping
                0x080024b0       0x16 ./Drivers/STM32F1xx_HAL_Driver/Src/stm32f1xx_hal_cortex.o
                0x080024b0                HAL_NVIC_SetPriorityGrouping
 .text.HAL_NVIC_SetPriority
                0x080024c6       0x38 ./Drivers/STM32F1xx_HAL_Driver/Src/stm32f1xx_hal_cortex.o
                0x080024c6                HAL_NVIC_SetPriority
 .text.HAL_NVIC_EnableIRQ
                0x080024fe       0x1c ./Drivers/STM32F1xx_HAL_Driver/Src/stm32f1xx_hal_cortex.o
                0x080024fe                HAL_NVIC_EnableIRQ
 .text.HAL_SYSTICK_Config
                0x0800251a       0x18 ./Drivers/STM32F1xx_HAL_Driver/Src/stm32f1xx_hal_cortex.o
                0x0800251a                HAL_SYSTICK_Config
 *fill*         0x08002532        0x2 
 .text.HAL_DMA_Abort_IT
                0x08002534       0xf0 ./Drivers/STM32F1xx_HAL_Driver/Src/stm32f1xx_hal_dma.o
                0x08002534                HAL_DMA_Abort_IT
 .text.HAL_GPIO_Init
                0x08002624      0x308 ./Drivers/STM32F1xx_HAL_Driver/Src/stm32f1xx_hal_gpio.o
                0x08002624                HAL_GPIO_Init
 .text.HAL_GPIO_WritePin
                0x0800292c       0x30 ./Drivers/STM32F1xx_HAL_Driver/Src/stm32f1xx_hal_gpio.o
                0x0800292c                HAL_GPIO_WritePin
 .text.HAL_I2C_Init
                0x0800295c      0x288 ./Drivers/STM32F1xx_HAL_Driver/Src/stm32f1xx_hal_i2c.o
                0x0800295c                HAL_I2C_Init
 .text.HAL_I2C_Master_Transmit
                0x08002be4      0x1fc ./Drivers/STM32F1xx_HAL_Driver/Src/stm32f1xx_hal_i2c.o
                0x08002be4                HAL_I2C_Master_Transmit
 .text.HAL_I2C_Master_Receive
                0x08002de0      0x4d8 ./Drivers/STM32F1xx_HAL_Driver/Src/stm32f1xx_hal_i2c.o
                0x08002de0                HAL_I2C_Master_Receive
 .text.I2C_MasterRequestWrite
                0x080032b8      0x104 ./Drivers/STM32F1xx_HAL_Driver/Src/stm32f1xx_hal_i2c.o
 .text.I2C_MasterRequestRead
                0x080033bc      0x19c ./Drivers/STM32F1xx_HAL_Driver/Src/stm32f1xx_hal_i2c.o
 .text.I2C_WaitOnFlagUntilTimeout
                0x08003558       0xf4 ./Drivers/STM32F1xx_HAL_Driver/Src/stm32f1xx_hal_i2c.o
 .text.I2C_WaitOnMasterAddressFlagUntilTimeout
                0x0800364c      0x140 ./Drivers/STM32F1xx_HAL_Driver/Src/stm32f1xx_hal_i2c.o
 .text.I2C_WaitOnTXEFlagUntilTimeout
                0x0800378c       0x90 ./Drivers/STM32F1xx_HAL_Driver/Src/stm32f1xx_hal_i2c.o
 .text.I2C_WaitOnBTFFlagUntilTimeout
                0x0800381c       0x90 ./Drivers/STM32F1xx_HAL_Driver/Src/stm32f1xx_hal_i2c.o
 .text.I2C_WaitOnRXNEFlagUntilTimeout
                0x080038ac       0xba ./Drivers/STM32F1xx_HAL_Driver/Src/stm32f1xx_hal_i2c.o
 .text.I2C_IsAcknowledgeFailed
                0x08003966       0x5c ./Drivers/STM32F1xx_HAL_Driver/Src/stm32f1xx_hal_i2c.o
 *fill*         0x080039c2        0x2 
 .text.HAL_RCC_OscConfig
                0x080039c4      0x504 ./Drivers/STM32F1xx_HAL_Driver/Src/stm32f1xx_hal_rcc.o
                0x080039c4                HAL_RCC_OscConfig
 .text.HAL_RCC_ClockConfig
                0x08003ec8      0x1d4 ./Drivers/STM32F1xx_HAL_Driver/Src/stm32f1xx_hal_rcc.o
                0x08003ec8                HAL_RCC_ClockConfig
 .text.HAL_RCC_GetSysClockFreq
                0x0800409c       0xa8 ./Drivers/STM32F1xx_HAL_Driver/Src/stm32f1xx_hal_rcc.o
                0x0800409c                HAL_RCC_GetSysClockFreq
 .text.HAL_RCC_GetHCLKFreq
                0x08004144       0x14 ./Drivers/STM32F1xx_HAL_Driver/Src/stm32f1xx_hal_rcc.o
                0x08004144                HAL_RCC_GetHCLKFreq
 .text.HAL_RCC_GetPCLK1Freq
                0x08004158       0x28 ./Drivers/STM32F1xx_HAL_Driver/Src/stm32f1xx_hal_rcc.o
                0x08004158                HAL_RCC_GetPCLK1Freq
 .text.RCC_Delay
                0x08004180       0x3c ./Drivers/STM32F1xx_HAL_Driver/Src/stm32f1xx_hal_rcc.o
 .text.HAL_RCCEx_PeriphCLKConfig
                0x080041bc      0x16c ./Drivers/STM32F1xx_HAL_Driver/Src/stm32f1xx_hal_rcc_ex.o
                0x080041bc                HAL_RCCEx_PeriphCLKConfig
 .text.HAL_SPI_Init
                0x08004328      0x108 ./Drivers/STM32F1xx_HAL_Driver/Src/stm32f1xx_hal_spi.o
                0x08004328                HAL_SPI_Init
 .text.HAL_SPI_Transmit
                0x08004430      0x288 ./Drivers/STM32F1xx_HAL_Driver/Src/stm32f1xx_hal_spi.o
                0x08004430                HAL_SPI_Transmit
 .text.HAL_SPI_Receive
                0x080046b8      0x232 ./Drivers/STM32F1xx_HAL_Driver/Src/stm32f1xx_hal_spi.o
                0x080046b8                HAL_SPI_Receive
 .text.HAL_SPI_TransmitReceive
                0x080048ea      0x352 ./Drivers/STM32F1xx_HAL_Driver/Src/stm32f1xx_hal_spi.o
                0x080048ea                HAL_SPI_TransmitReceive
 .text.HAL_SPI_IRQHandler
                0x08004c3c      0x1cc ./Drivers/STM32F1xx_HAL_Driver/Src/stm32f1xx_hal_spi.o
                0x08004c3c                HAL_SPI_IRQHandler
 .text.HAL_SPI_ErrorCallback
                0x08004e08       0x12 ./Drivers/STM32F1xx_HAL_Driver/Src/stm32f1xx_hal_spi.o
                0x08004e08                HAL_SPI_ErrorCallback
 .text.SPI_DMAAbortOnError
                0x08004e1a       0x28 ./Drivers/STM32F1xx_HAL_Driver/Src/stm32f1xx_hal_spi.o
 *fill*         0x08004e42        0x2 
 .text.SPI_WaitFlagStateUntilTimeout
                0x08004e44      0x110 ./Drivers/STM32F1xx_HAL_Driver/Src/stm32f1xx_hal_spi.o
 .text.SPI_EndRxTransaction
                0x08004f54       0xa4 ./Drivers/STM32F1xx_HAL_Driver/Src/stm32f1xx_hal_spi.o
 .text.SPI_EndRxTxTransaction
                0x08004ff8       0x62 ./Drivers/STM32F1xx_HAL_Driver/Src/stm32f1xx_hal_spi.o
 .text.memset   0x0800505a       0x10 C:/ST/STM32CubeIDE_1.19.0/STM32CubeIDE/plugins/com.st.stm32cube.ide.mcu.externaltools.gnu-tools-for-stm32.13.3.rel1.win32_1.0.0.202411081344/tools/bin/../lib/gcc/arm-none-eabi/13.3.1/../../../../arm-none-eabi/lib/thumb/v7-m/nofp\libc_nano.a(libc_a-memset.o)
                0x0800505a                memset
 *fill*         0x0800506a        0x2 
 .text.__libc_init_array
                0x0800506c       0x48 C:/ST/STM32CubeIDE_1.19.0/STM32CubeIDE/plugins/com.st.stm32cube.ide.mcu.externaltools.gnu-tools-for-stm32.13.3.rel1.win32_1.0.0.202411081344/tools/bin/../lib/gcc/arm-none-eabi/13.3.1/../../../../arm-none-eabi/lib/thumb/v7-m/nofp\libc_nano.a(libc_a-init.o)
                0x0800506c                __libc_init_array
 *(.glue_7)
 .glue_7        0x080050b4        0x0 linker stubs
 *(.glue_7t)
 .glue_7t       0x080050b4        0x0 linker stubs
 *(.eh_frame)
 .eh_frame      0x080050b4        0x0 C:/ST/STM32CubeIDE_1.19.0/STM32CubeIDE/plugins/com.st.stm32cube.ide.mcu.externaltools.gnu-tools-for-stm32.13.3.rel1.win32_1.0.0.202411081344/tools/bin/../lib/gcc/arm-none-eabi/13.3.1/thumb/v7-m/nofp/crtbegin.o
 *(.init)
 .init          0x080050b4        0x4 C:/ST/STM32CubeIDE_1.19.0/STM32CubeIDE/plugins/com.st.stm32cube.ide.mcu.externaltools.gnu-tools-for-stm32.13.3.rel1.win32_1.0.0.202411081344/tools/bin/../lib/gcc/arm-none-eabi/13.3.1/thumb/v7-m/nofp/crti.o
                0x080050b4                _init
 .init          0x080050b8        0x8 C:/ST/STM32CubeIDE_1.19.0/STM32CubeIDE/plugins/com.st.stm32cube.ide.mcu.externaltools.gnu-tools-for-stm32.13.3.rel1.win32_1.0.0.202411081344/tools/bin/../lib/gcc/arm-none-eabi/13.3.1/thumb/v7-m/nofp/crtn.o
 *(.fini)
 .fini          0x080050c0        0x4 C:/ST/STM32CubeIDE_1.19.0/STM32CubeIDE/plugins/com.st.stm32cube.ide.mcu.externaltools.gnu-tools-for-stm32.13.3.rel1.win32_1.0.0.202411081344/tools/bin/../lib/gcc/arm-none-eabi/13.3.1/thumb/v7-m/nofp/crti.o
                0x080050c0                _fini
 .fini          0x080050c4        0x8 C:/ST/STM32CubeIDE_1.19.0/STM32CubeIDE/plugins/com.st.stm32cube.ide.mcu.externaltools.gnu-tools-for-stm32.13.3.rel1.win32_1.0.0.202411081344/tools/bin/../lib/gcc/arm-none-eabi/13.3.1/thumb/v7-m/nofp/crtn.o
                0x080050cc                        . = ALIGN (0x4)
                0x080050cc                        _etext = .

.vfp11_veneer   0x080050cc        0x0
 .vfp11_veneer  0x080050cc        0x0 linker stubs

.v4_bx          0x080050cc        0x0
 .v4_bx         0x080050cc        0x0 linker stubs

.iplt           0x080050cc        0x0
 .iplt          0x080050cc        0x0 C:/ST/STM32CubeIDE_1.19.0/STM32CubeIDE/plugins/com.st.stm32cube.ide.mcu.externaltools.gnu-tools-for-stm32.13.3.rel1.win32_1.0.0.202411081344/tools/bin/../lib/gcc/arm-none-eabi/13.3.1/thumb/v7-m/nofp/crtbegin.o

.rodata         0x080050cc       0x2c
                0x080050cc                        . = ALIGN (0x4)
 *(.rodata)
 *(.rodata*)
 .rodata.AHBPrescTable
                0x080050cc       0x10 ./Core/Src/system_stm32f1xx.o
                0x080050cc                AHBPrescTable
 .rodata.APBPrescTable
                0x080050dc        0x8 ./Core/Src/system_stm32f1xx.o
                0x080050dc                APBPrescTable
 .rodata.aPLLMULFactorTable.1
                0x080050e4       0x10 ./Drivers/STM32F1xx_HAL_Driver/Src/stm32f1xx_hal_rcc.o
 .rodata.aPredivFactorTable.0
                0x080050f4        0x2 ./Drivers/STM32F1xx_HAL_Driver/Src/stm32f1xx_hal_rcc.o
                0x080050f8                        . = ALIGN (0x4)
 *fill*         0x080050f6        0x2 

.ARM.extab      0x080050f8        0x0
                0x080050f8                        . = ALIGN (0x4)
 *(.ARM.extab* .gnu.linkonce.armextab.*)
                0x080050f8                        . = ALIGN (0x4)

.ARM            0x080050f8        0x0
                0x080050f8                        . = ALIGN (0x4)
                0x080050f8                        __exidx_start = .
 *(.ARM.exidx*)
                0x080050f8                        __exidx_end = .
                0x080050f8                        . = ALIGN (0x4)

.preinit_array  0x080050f8        0x0
                0x080050f8                        . = ALIGN (0x4)
                0x080050f8                        PROVIDE (__preinit_array_start = .)
 *(.preinit_array*)
                0x080050f8                        PROVIDE (__preinit_array_end = .)
                0x080050f8                        . = ALIGN (0x4)

.init_array     0x080050f8        0x4
                0x080050f8                        . = ALIGN (0x4)
                0x080050f8                        PROVIDE (__init_array_start = .)
 *(SORT_BY_NAME(.init_array.*))
 *(.init_array*)
 .init_array    0x080050f8        0x4 C:/ST/STM32CubeIDE_1.19.0/STM32CubeIDE/plugins/com.st.stm32cube.ide.mcu.externaltools.gnu-tools-for-stm32.13.3.rel1.win32_1.0.0.202411081344/tools/bin/../lib/gcc/arm-none-eabi/13.3.1/thumb/v7-m/nofp/crtbegin.o
                0x080050fc                        PROVIDE (__init_array_end = .)
                0x080050fc                        . = ALIGN (0x4)

.fini_array     0x080050fc        0x4
                0x080050fc                        . = ALIGN (0x4)
                [!provide]                        PROVIDE (__fini_array_start = .)
 *(SORT_BY_NAME(.fini_array.*))
 *(.fini_array*)
 .fini_array    0x080050fc        0x4 C:/ST/STM32CubeIDE_1.19.0/STM32CubeIDE/plugins/com.st.stm32cube.ide.mcu.externaltools.gnu-tools-for-stm32.13.3.rel1.win32_1.0.0.202411081344/tools/bin/../lib/gcc/arm-none-eabi/13.3.1/thumb/v7-m/nofp/crtbegin.o
                [!provide]                        PROVIDE (__fini_array_end = .)
                0x08005100                        . = ALIGN (0x4)
                0x08005100                        _sidata = LOADADDR (.data)

.rel.dyn        0x08005100        0x0
 .rel.iplt      0x08005100        0x0 C:/ST/STM32CubeIDE_1.19.0/STM32CubeIDE/plugins/com.st.stm32cube.ide.mcu.externaltools.gnu-tools-for-stm32.13.3.rel1.win32_1.0.0.202411081344/tools/bin/../lib/gcc/arm-none-eabi/13.3.1/thumb/v7-m/nofp/crtbegin.o

.data           0x20000000       0x14 load address 0x08005100
                0x20000000                        . = ALIGN (0x4)
                0x20000000                        _sdata = .
 *(.data)
 *(.data*)
 .data.addrTx   0x20000000        0x4 ./Core/Src/main.o
                0x20000000                addrTx
 .data.speed    0x20000004        0x1 ./Core/Src/main.o
                0x20000004                speed
 .data.cmd      0x20000005        0x1 ./Core/Src/main.o
                0x20000005                cmd
 *fill*         0x20000006        0x2 
 .data.SystemCoreClock
                0x20000008        0x4 ./Core/Src/system_stm32f1xx.o
                0x20000008                SystemCoreClock
 .data.uwTickPrio
                0x2000000c        0x4 ./Drivers/STM32F1xx_HAL_Driver/Src/stm32f1xx_hal.o
                0x2000000c                uwTickPrio
 .data.uwTickFreq
                0x20000010        0x1 ./Drivers/STM32F1xx_HAL_Driver/Src/stm32f1xx_hal.o
                0x20000010                uwTickFreq
 *(.RamFunc)
 *(.RamFunc*)
                0x20000014                        . = ALIGN (0x4)
 *fill*         0x20000011        0x3 
                0x20000014                        _edata = .

.igot.plt       0x20000014        0x0 load address 0x08005114
 .igot.plt      0x20000014        0x0 C:/ST/STM32CubeIDE_1.19.0/STM32CubeIDE/plugins/com.st.stm32cube.ide.mcu.externaltools.gnu-tools-for-stm32.13.3.rel1.win32_1.0.0.202411081344/tools/bin/../lib/gcc/arm-none-eabi/13.3.1/thumb/v7-m/nofp/crtbegin.o
                0x20000014                        . = ALIGN (0x4)

.bss            0x20000014      0x124 load address 0x08005114
                0x20000014                        _sbss = .
                0x20000014                        __bss_start__ = _sbss
 *(.bss)
 .bss           0x20000014       0x1c C:/ST/STM32CubeIDE_1.19.0/STM32CubeIDE/plugins/com.st.stm32cube.ide.mcu.externaltools.gnu-tools-for-stm32.13.3.rel1.win32_1.0.0.202411081344/tools/bin/../lib/gcc/arm-none-eabi/13.3.1/thumb/v7-m/nofp/crtbegin.o
 *(.bss*)
 .bss.hadc1     0x20000030       0x30 ./Core/Src/main.o
                0x20000030                hadc1
 .bss.hi2c1     0x20000060       0x54 ./Core/Src/main.o
                0x20000060                hi2c1
 .bss.hspi2     0x200000b4       0x58 ./Core/Src/main.o
                0x200000b4                hspi2
 .bss.var       0x2000010c        0x2 ./Core/Src/main.o
                0x2000010c                var
 *fill*         0x2000010e        0x2 
 .bss.ax        0x20000110        0x4 ./Core/Src/main.o
                0x20000110                ax
 .bss.ay        0x20000114        0x4 ./Core/Src/main.o
                0x20000114                ay
 .bss.az        0x20000118        0x4 ./Core/Src/main.o
                0x20000118                az
 .bss.pwm_val   0x2000011c        0x4 ./Core/Src/main.o
                0x2000011c                pwm_val
 .bss.data_tx   0x20000120        0x2 ./Core/Src/mpu6050.o
                0x20000120                data_tx
 *fill*         0x20000122        0x2 
 .bss.data_rx   0x20000124        0xf ./Core/Src/mpu6050.o
                0x20000124                data_rx
 *fill*         0x20000133        0x1 
 .bss.uwTick    0x20000134        0x4 ./Drivers/STM32F1xx_HAL_Driver/Src/stm32f1xx_hal.o
                0x20000134                uwTick
 *(COMMON)
                0x20000138                        . = ALIGN (0x4)
                0x20000138                        _ebss = .
                0x20000138                        __bss_end__ = _ebss

._user_heap_stack
                0x20000138      0x600 load address 0x08005114
                0x20000138                        . = ALIGN (0x8)
                [!provide]                        PROVIDE (end = .)
                0x20000138                        PROVIDE (_end = .)
                0x20000338                        . = (. + _Min_Heap_Size)
 *fill*         0x20000138      0x200 
                0x20000738                        . = (. + _Min_Stack_Size)
 *fill*         0x20000338      0x400 
                0x20000738                        . = ALIGN (0x8)

/DISCARD/
 libc.a(*)
 libm.a(*)
 libgcc.a(*)

.ARM.attributes
                0x00000000       0x29
 *(.ARM.attributes)
 .ARM.attributes
                0x00000000       0x1d C:/ST/STM32CubeIDE_1.19.0/STM32CubeIDE/plugins/com.st.stm32cube.ide.mcu.externaltools.gnu-tools-for-stm32.13.3.rel1.win32_1.0.0.202411081344/tools/bin/../lib/gcc/arm-none-eabi/13.3.1/thumb/v7-m/nofp/crti.o
 .ARM.attributes
                0x0000001d       0x2d C:/ST/STM32CubeIDE_1.19.0/STM32CubeIDE/plugins/com.st.stm32cube.ide.mcu.externaltools.gnu-tools-for-stm32.13.3.rel1.win32_1.0.0.202411081344/tools/bin/../lib/gcc/arm-none-eabi/13.3.1/thumb/v7-m/nofp/crtbegin.o
 .ARM.attributes
                0x0000004a       0x2d ./Core/Src/NRF24.o
 .ARM.attributes
                0x00000077       0x2d ./Core/Src/main.o
 .ARM.attributes
                0x000000a4       0x2d ./Core/Src/mpu6050.o
 .ARM.attributes
                0x000000d1       0x2d ./Core/Src/stm32f1xx_hal_msp.o
 .ARM.attributes
                0x000000fe       0x2d ./Core/Src/stm32f1xx_it.o
 .ARM.attributes
                0x0000012b       0x2d ./Core/Src/system_stm32f1xx.o
 .ARM.attributes
                0x00000158       0x21 ./Core/Startup/startup_stm32f103c8tx.o
 .ARM.attributes
                0x00000179       0x2d ./Drivers/STM32F1xx_HAL_Driver/Src/stm32f1xx_hal.o
 .ARM.attributes
                0x000001a6       0x2d ./Drivers/STM32F1xx_HAL_Driver/Src/stm32f1xx_hal_adc.o
 .ARM.attributes
                0x000001d3       0x2d ./Drivers/STM32F1xx_HAL_Driver/Src/stm32f1xx_hal_cortex.o
 .ARM.attributes
                0x00000200       0x2d ./Drivers/STM32F1xx_HAL_Driver/Src/stm32f1xx_hal_dma.o
 .ARM.attributes
                0x0000022d       0x2d ./Drivers/STM32F1xx_HAL_Driver/Src/stm32f1xx_hal_gpio.o
 .ARM.attributes
                0x0000025a       0x2d ./Drivers/STM32F1xx_HAL_Driver/Src/stm32f1xx_hal_i2c.o
 .ARM.attributes
                0x00000287       0x2d ./Drivers/STM32F1xx_HAL_Driver/Src/stm32f1xx_hal_rcc.o
 .ARM.attributes
                0x000002b4       0x2d ./Drivers/STM32F1xx_HAL_Driver/Src/stm32f1xx_hal_rcc_ex.o
 .ARM.attributes
                0x000002e1       0x2d ./Drivers/STM32F1xx_HAL_Driver/Src/stm32f1xx_hal_spi.o
 .ARM.attributes
                0x0000030e       0x2d C:/ST/STM32CubeIDE_1.19.0/STM32CubeIDE/plugins/com.st.stm32cube.ide.mcu.externaltools.gnu-tools-for-stm32.13.3.rel1.win32_1.0.0.202411081344/tools/bin/../lib/gcc/arm-none-eabi/13.3.1/../../../../arm-none-eabi/lib/thumb/v7-m/nofp\libc_nano.a(libc_a-memset.o)
 .ARM.attributes
                0x0000033b       0x2d C:/ST/STM32CubeIDE_1.19.0/STM32CubeIDE/plugins/com.st.stm32cube.ide.mcu.externaltools.gnu-tools-for-stm32.13.3.rel1.win32_1.0.0.202411081344/tools/bin/../lib/gcc/arm-none-eabi/13.3.1/../../../../arm-none-eabi/lib/thumb/v7-m/nofp\libc_nano.a(libc_a-init.o)
 .ARM.attributes
                0x00000368       0x1d C:/ST/STM32CubeIDE_1.19.0/STM32CubeIDE/plugins/com.st.stm32cube.ide.mcu.externaltools.gnu-tools-for-stm32.13.3.rel1.win32_1.0.0.202411081344/tools/bin/../lib/gcc/arm-none-eabi/13.3.1/thumb/v7-m/nofp\libgcc.a(_arm_muldf3.o)
 .ARM.attributes
                0x00000385       0x1d C:/ST/STM32CubeIDE_1.19.0/STM32CubeIDE/plugins/com.st.stm32cube.ide.mcu.externaltools.gnu-tools-for-stm32.13.3.rel1.win32_1.0.0.202411081344/tools/bin/../lib/gcc/arm-none-eabi/13.3.1/thumb/v7-m/nofp\libgcc.a(_arm_addsubdf3.o)
 .ARM.attributes
                0x000003a2       0x1d C:/ST/STM32CubeIDE_1.19.0/STM32CubeIDE/plugins/com.st.stm32cube.ide.mcu.externaltools.gnu-tools-for-stm32.13.3.rel1.win32_1.0.0.202411081344/tools/bin/../lib/gcc/arm-none-eabi/13.3.1/thumb/v7-m/nofp\libgcc.a(_arm_cmpdf2.o)
 .ARM.attributes
                0x000003bf       0x1d C:/ST/STM32CubeIDE_1.19.0/STM32CubeIDE/plugins/com.st.stm32cube.ide.mcu.externaltools.gnu-tools-for-stm32.13.3.rel1.win32_1.0.0.202411081344/tools/bin/../lib/gcc/arm-none-eabi/13.3.1/thumb/v7-m/nofp\libgcc.a(_arm_truncdfsf2.o)
 .ARM.attributes
                0x000003dc       0x1d C:/ST/STM32CubeIDE_1.19.0/STM32CubeIDE/plugins/com.st.stm32cube.ide.mcu.externaltools.gnu-tools-for-stm32.13.3.rel1.win32_1.0.0.202411081344/tools/bin/../lib/gcc/arm-none-eabi/13.3.1/thumb/v7-m/nofp\libgcc.a(_arm_addsubsf3.o)
 .ARM.attributes
                0x000003f9       0x1d C:/ST/STM32CubeIDE_1.19.0/STM32CubeIDE/plugins/com.st.stm32cube.ide.mcu.externaltools.gnu-tools-for-stm32.13.3.rel1.win32_1.0.0.202411081344/tools/bin/../lib/gcc/arm-none-eabi/13.3.1/thumb/v7-m/nofp\libgcc.a(_arm_muldivsf3.o)
 .ARM.attributes
                0x00000416       0x1d C:/ST/STM32CubeIDE_1.19.0/STM32CubeIDE/plugins/com.st.stm32cube.ide.mcu.externaltools.gnu-tools-for-stm32.13.3.rel1.win32_1.0.0.202411081344/tools/bin/../lib/gcc/arm-none-eabi/13.3.1/thumb/v7-m/nofp/crtn.o
OUTPUT(TXRF.elf elf32-littlearm)
LOAD linker stubs
LOAD C:/ST/STM32CubeIDE_1.19.0/STM32CubeIDE/plugins/com.st.stm32cube.ide.mcu.externaltools.gnu-tools-for-stm32.13.3.rel1.win32_1.0.0.202411081344/tools/bin/../lib/gcc/arm-none-eabi/13.3.1/../../../../arm-none-eabi/lib/thumb/v7-m/nofp\libc.a
LOAD C:/ST/STM32CubeIDE_1.19.0/STM32CubeIDE/plugins/com.st.stm32cube.ide.mcu.externaltools.gnu-tools-for-stm32.13.3.rel1.win32_1.0.0.202411081344/tools/bin/../lib/gcc/arm-none-eabi/13.3.1/../../../../arm-none-eabi/lib/thumb/v7-m/nofp\libm.a
LOAD C:/ST/STM32CubeIDE_1.19.0/STM32CubeIDE/plugins/com.st.stm32cube.ide.mcu.externaltools.gnu-tools-for-stm32.13.3.rel1.win32_1.0.0.202411081344/tools/bin/../lib/gcc/arm-none-eabi/13.3.1/thumb/v7-m/nofp\libgcc.a

.debug_info     0x00000000     0xb1ee
 .debug_info    0x00000000     0x1058 ./Core/Src/NRF24.o
 .debug_info    0x00001058     0x1359 ./Core/Src/main.o
 .debug_info    0x000023b1      0x725 ./Core/Src/mpu6050.o
 .debug_info    0x00002ad6      0xf75 ./Core/Src/stm32f1xx_hal_msp.o
 .debug_info    0x00003a4b      0x613 ./Core/Src/stm32f1xx_it.o
 .debug_info    0x0000405e      0x222 ./Core/Src/system_stm32f1xx.o
 .debug_info    0x00004280       0x30 ./Core/Startup/startup_stm32f103c8tx.o
 .debug_info    0x000042b0      0x704 ./Drivers/STM32F1xx_HAL_Driver/Src/stm32f1xx_hal.o
 .debug_info    0x000049b4      0xc50 ./Drivers/STM32F1xx_HAL_Driver/Src/stm32f1xx_hal_adc.o
 .debug_info    0x00005604      0xa87 ./Drivers/STM32F1xx_HAL_Driver/Src/stm32f1xx_hal_cortex.o
 .debug_info    0x0000608b      0x6d2 ./Drivers/STM32F1xx_HAL_Driver/Src/stm32f1xx_hal_dma.o
 .debug_info    0x0000675d      0x5ab ./Drivers/STM32F1xx_HAL_Driver/Src/stm32f1xx_hal_gpio.o
 .debug_info    0x00006d08     0x2524 ./Drivers/STM32F1xx_HAL_Driver/Src/stm32f1xx_hal_i2c.o
 .debug_info    0x0000922c      0x7d5 ./Drivers/STM32F1xx_HAL_Driver/Src/stm32f1xx_hal_rcc.o
 .debug_info    0x00009a01      0x3c0 ./Drivers/STM32F1xx_HAL_Driver/Src/stm32f1xx_hal_rcc_ex.o
 .debug_info    0x00009dc1     0x142d ./Drivers/STM32F1xx_HAL_Driver/Src/stm32f1xx_hal_spi.o

.debug_abbrev   0x00000000     0x20e8
 .debug_abbrev  0x00000000      0x31d ./Core/Src/NRF24.o
 .debug_abbrev  0x0000031d      0x2ee ./Core/Src/main.o
 .debug_abbrev  0x0000060b      0x1b3 ./Core/Src/mpu6050.o
 .debug_abbrev  0x000007be      0x1f6 ./Core/Src/stm32f1xx_hal_msp.o
 .debug_abbrev  0x000009b4      0x186 ./Core/Src/stm32f1xx_it.o
 .debug_abbrev  0x00000b3a      0x13f ./Core/Src/system_stm32f1xx.o
 .debug_abbrev  0x00000c79       0x24 ./Core/Startup/startup_stm32f103c8tx.o
 .debug_abbrev  0x00000c9d      0x201 ./Drivers/STM32F1xx_HAL_Driver/Src/stm32f1xx_hal.o
 .debug_abbrev  0x00000e9e      0x225 ./Drivers/STM32F1xx_HAL_Driver/Src/stm32f1xx_hal_adc.o
 .debug_abbrev  0x000010c3      0x2f8 ./Drivers/STM32F1xx_HAL_Driver/Src/stm32f1xx_hal_cortex.o
 .debug_abbrev  0x000013bb      0x20b ./Drivers/STM32F1xx_HAL_Driver/Src/stm32f1xx_hal_dma.o
 .debug_abbrev  0x000015c6      0x1ca ./Drivers/STM32F1xx_HAL_Driver/Src/stm32f1xx_hal_gpio.o
 .debug_abbrev  0x00001790      0x2a3 ./Drivers/STM32F1xx_HAL_Driver/Src/stm32f1xx_hal_i2c.o
 .debug_abbrev  0x00001a33      0x2b3 ./Drivers/STM32F1xx_HAL_Driver/Src/stm32f1xx_hal_rcc.o
 .debug_abbrev  0x00001ce6      0x188 ./Drivers/STM32F1xx_HAL_Driver/Src/stm32f1xx_hal_rcc_ex.o
 .debug_abbrev  0x00001e6e      0x27a ./Drivers/STM32F1xx_HAL_Driver/Src/stm32f1xx_hal_spi.o

.debug_aranges  0x00000000      0xc38
 .debug_aranges
                0x00000000      0x1a0 ./Core/Src/NRF24.o
 .debug_aranges
                0x000001a0       0x50 ./Core/Src/main.o
 .debug_aranges
                0x000001f0       0x60 ./Core/Src/mpu6050.o
 .debug_aranges
                0x00000250       0x50 ./Core/Src/stm32f1xx_hal_msp.o
 .debug_aranges
                0x000002a0       0x68 ./Core/Src/stm32f1xx_it.o
 .debug_aranges
                0x00000308       0x28 ./Core/Src/system_stm32f1xx.o
 .debug_aranges
                0x00000330       0x28 ./Core/Startup/startup_stm32f103c8tx.o
 .debug_aranges
                0x00000358       0xe0 ./Drivers/STM32F1xx_HAL_Driver/Src/stm32f1xx_hal.o
 .debug_aranges
                0x00000438       0xf0 ./Drivers/STM32F1xx_HAL_Driver/Src/stm32f1xx_hal_adc.o
 .debug_aranges
                0x00000528      0x100 ./Drivers/STM32F1xx_HAL_Driver/Src/stm32f1xx_hal_cortex.o
 .debug_aranges
                0x00000628       0x80 ./Drivers/STM32F1xx_HAL_Driver/Src/stm32f1xx_hal_dma.o
 .debug_aranges
                0x000006a8       0x58 ./Drivers/STM32F1xx_HAL_Driver/Src/stm32f1xx_hal_gpio.o
 .debug_aranges
                0x00000700      0x2a8 ./Drivers/STM32F1xx_HAL_Driver/Src/stm32f1xx_hal_i2c.o
 .debug_aranges
                0x000009a8       0x90 ./Drivers/STM32F1xx_HAL_Driver/Src/stm32f1xx_hal_rcc.o
 .debug_aranges
                0x00000a38       0x30 ./Drivers/STM32F1xx_HAL_Driver/Src/stm32f1xx_hal_rcc_ex.o
 .debug_aranges
                0x00000a68      0x1d0 ./Drivers/STM32F1xx_HAL_Driver/Src/stm32f1xx_hal_spi.o

.debug_rnglists
                0x00000000      0x95b
 .debug_rnglists
                0x00000000      0x136 ./Core/Src/NRF24.o
 .debug_rnglists
                0x00000136       0x3a ./Core/Src/main.o
 .debug_rnglists
                0x00000170       0x43 ./Core/Src/mpu6050.o
 .debug_rnglists
                0x000001b3       0x38 ./Core/Src/stm32f1xx_hal_msp.o
 .debug_rnglists
                0x000001eb       0x49 ./Core/Src/stm32f1xx_it.o
 .debug_rnglists
                0x00000234       0x1a ./Core/Src/system_stm32f1xx.o
 .debug_rnglists
                0x0000024e       0x19 ./Core/Startup/startup_stm32f103c8tx.o
 .debug_rnglists
                0x00000267       0xa3 ./Drivers/STM32F1xx_HAL_Driver/Src/stm32f1xx_hal.o
 .debug_rnglists
                0x0000030a       0xbc ./Drivers/STM32F1xx_HAL_Driver/Src/stm32f1xx_hal_adc.o
 .debug_rnglists
                0x000003c6       0xbb ./Drivers/STM32F1xx_HAL_Driver/Src/stm32f1xx_hal_cortex.o
 .debug_rnglists
                0x00000481       0x64 ./Drivers/STM32F1xx_HAL_Driver/Src/stm32f1xx_hal_dma.o
 .debug_rnglists
                0x000004e5       0x3f ./Drivers/STM32F1xx_HAL_Driver/Src/stm32f1xx_hal_gpio.o
 .debug_rnglists
                0x00000524      0x23c ./Drivers/STM32F1xx_HAL_Driver/Src/stm32f1xx_hal_i2c.o
 .debug_rnglists
                0x00000760       0x6c ./Drivers/STM32F1xx_HAL_Driver/Src/stm32f1xx_hal_rcc.o
 .debug_rnglists
                0x000007cc       0x21 ./Drivers/STM32F1xx_HAL_Driver/Src/stm32f1xx_hal_rcc_ex.o
 .debug_rnglists
                0x000007ed      0x16e ./Drivers/STM32F1xx_HAL_Driver/Src/stm32f1xx_hal_spi.o

.debug_macro    0x00000000    0x184a3
 .debug_macro   0x00000000      0x29a ./Core/Src/NRF24.o
 .debug_macro   0x0000029a      0xacc ./Core/Src/NRF24.o
 .debug_macro   0x00000d66       0x22 ./Core/Src/NRF24.o
 .debug_macro   0x00000d88       0x5b ./Core/Src/NRF24.o
 .debug_macro   0x00000de3       0x24 ./Core/Src/NRF24.o
 .debug_macro   0x00000e07       0x94 ./Core/Src/NRF24.o
 .debug_macro   0x00000e9b       0x43 ./Core/Src/NRF24.o
 .debug_macro   0x00000ede       0x34 ./Core/Src/NRF24.o
 .debug_macro   0x00000f12       0x16 ./Core/Src/NRF24.o
 .debug_macro   0x00000f28       0x57 ./Core/Src/NRF24.o
 .debug_macro   0x00000f7f       0x9e ./Core/Src/NRF24.o
 .debug_macro   0x0000101d      0x370 ./Core/Src/NRF24.o
 .debug_macro   0x0000138d      0x112 ./Core/Src/NRF24.o
 .debug_macro   0x0000149f       0x10 ./Core/Src/NRF24.o
 .debug_macro   0x000014af       0x16 ./Core/Src/NRF24.o
 .debug_macro   0x000014c5       0x4a ./Core/Src/NRF24.o
 .debug_macro   0x0000150f       0x34 ./Core/Src/NRF24.o
 .debug_macro   0x00001543       0x10 ./Core/Src/NRF24.o
 .debug_macro   0x00001553       0x58 ./Core/Src/NRF24.o
 .debug_macro   0x000015ab       0x8e ./Core/Src/NRF24.o
 .debug_macro   0x00001639       0x1c ./Core/Src/NRF24.o
 .debug_macro   0x00001655      0x185 ./Core/Src/NRF24.o
 .debug_macro   0x000017da       0x16 ./Core/Src/NRF24.o
 .debug_macro   0x000017f0       0x16 ./Core/Src/NRF24.o
 .debug_macro   0x00001806      0x146 ./Core/Src/NRF24.o
 .debug_macro   0x0000194c      0x221 ./Core/Src/NRF24.o
 .debug_macro   0x00001b6d       0x2e ./Core/Src/NRF24.o
 .debug_macro   0x00001b9b       0x22 ./Core/Src/NRF24.o
 .debug_macro   0x00001bbd      0x103 ./Core/Src/NRF24.o
 .debug_macro   0x00001cc0       0x6a ./Core/Src/NRF24.o
 .debug_macro   0x00001d2a      0x1df ./Core/Src/NRF24.o
 .debug_macro   0x00001f09       0x1c ./Core/Src/NRF24.o
 .debug_macro   0x00001f25       0x22 ./Core/Src/NRF24.o
 .debug_macro   0x00001f47       0xbd ./Core/Src/NRF24.o
 .debug_macro   0x00002004      0xd23 ./Core/Src/NRF24.o
 .debug_macro   0x00002d27     0xe09e ./Core/Src/NRF24.o
 .debug_macro   0x00010dc5       0x6d ./Core/Src/NRF24.o
 .debug_macro   0x00010e32     0x34a2 ./Core/Src/NRF24.o
 .debug_macro   0x000142d4       0x56 ./Core/Src/NRF24.o
 .debug_macro   0x0001432a      0x5bc ./Core/Src/NRF24.o
 .debug_macro   0x000148e6      0x289 ./Core/Src/NRF24.o
 .debug_macro   0x00014b6f      0x1cb ./Core/Src/NRF24.o
 .debug_macro   0x00014d3a      0x114 ./Core/Src/NRF24.o
 .debug_macro   0x00014e4e      0x1b2 ./Core/Src/NRF24.o
 .debug_macro   0x00015000       0x27 ./Core/Src/NRF24.o
 .debug_macro   0x00015027      0x136 ./Core/Src/NRF24.o
 .debug_macro   0x0001515d      0x1bc ./Core/Src/NRF24.o
 .debug_macro   0x00015319       0x34 ./Core/Src/NRF24.o
 .debug_macro   0x0001534d       0x3c ./Core/Src/NRF24.o
 .debug_macro   0x00015389       0x57 ./Core/Src/NRF24.o
 .debug_macro   0x000153e0      0x46a ./Core/Src/NRF24.o
 .debug_macro   0x0001584a      0x1b5 ./Core/Src/NRF24.o
 .debug_macro   0x000159ff       0x87 ./Core/Src/NRF24.o
 .debug_macro   0x00015a86      0x240 ./Core/Src/NRF24.o
 .debug_macro   0x00015cc6      0x287 ./Core/Src/NRF24.o
 .debug_macro   0x00015f4d      0x140 ./Core/Src/NRF24.o
 .debug_macro   0x0001608d      0x217 ./Core/Src/NRF24.o
 .debug_macro   0x000162a4       0x83 ./Core/Src/NRF24.o
 .debug_macro   0x00016327       0x3a ./Core/Src/NRF24.o
 .debug_macro   0x00016361      0x232 ./Core/Src/NRF24.o
 .debug_macro   0x00016593      0x2d4 ./Core/Src/main.o
 .debug_macro   0x00016867       0x8e ./Core/Src/main.o
 .debug_macro   0x000168f5       0x51 ./Core/Src/main.o
 .debug_macro   0x00016946      0x190 ./Core/Src/main.o
 .debug_macro   0x00016ad6       0x5c ./Core/Src/main.o
 .debug_macro   0x00016b32       0x28 ./Core/Src/main.o
 .debug_macro   0x00016b5a       0x10 ./Core/Src/main.o
 .debug_macro   0x00016b6a       0x61 ./Core/Src/main.o
 .debug_macro   0x00016bcb       0x3c ./Core/Src/main.o
 .debug_macro   0x00016c07      0x19b ./Core/Src/main.o
 .debug_macro   0x00016da2      0x1b5 ./Core/Src/mpu6050.o
 .debug_macro   0x00016f57      0x1bb ./Core/Src/stm32f1xx_hal_msp.o
 .debug_macro   0x00017112      0x1c5 ./Core/Src/stm32f1xx_it.o
 .debug_macro   0x000172d7      0x1ac ./Core/Src/system_stm32f1xx.o
 .debug_macro   0x00017483      0x1d0 ./Drivers/STM32F1xx_HAL_Driver/Src/stm32f1xx_hal.o
 .debug_macro   0x00017653      0x1c9 ./Drivers/STM32F1xx_HAL_Driver/Src/stm32f1xx_hal_adc.o
 .debug_macro   0x0001781c      0x1ac ./Drivers/STM32F1xx_HAL_Driver/Src/stm32f1xx_hal_cortex.o
 .debug_macro   0x000179c8      0x1ac ./Drivers/STM32F1xx_HAL_Driver/Src/stm32f1xx_hal_dma.o
 .debug_macro   0x00017b74      0x217 ./Drivers/STM32F1xx_HAL_Driver/Src/stm32f1xx_hal_gpio.o
 .debug_macro   0x00017d8b      0x1fa ./Drivers/STM32F1xx_HAL_Driver/Src/stm32f1xx_hal_i2c.o
 .debug_macro   0x00017f85      0x1be ./Drivers/STM32F1xx_HAL_Driver/Src/stm32f1xx_hal_rcc.o
 .debug_macro   0x00018143      0x1ac ./Drivers/STM32F1xx_HAL_Driver/Src/stm32f1xx_hal_rcc_ex.o
 .debug_macro   0x000182ef      0x1b4 ./Drivers/STM32F1xx_HAL_Driver/Src/stm32f1xx_hal_spi.o

.debug_line     0x00000000     0xe76e
 .debug_line    0x00000000      0xfc2 ./Core/Src/NRF24.o
 .debug_line    0x00000fc2      0xac4 ./Core/Src/main.o
 .debug_line    0x00001a86      0x82e ./Core/Src/mpu6050.o
 .debug_line    0x000022b4      0x7f9 ./Core/Src/stm32f1xx_hal_msp.o
 .debug_line    0x00002aad      0x7d9 ./Core/Src/stm32f1xx_it.o
 .debug_line    0x00003286      0x791 ./Core/Src/system_stm32f1xx.o
 .debug_line    0x00003a17       0x78 ./Core/Startup/startup_stm32f103c8tx.o
 .debug_line    0x00003a8f      0x9c2 ./Drivers/STM32F1xx_HAL_Driver/Src/stm32f1xx_hal.o
 .debug_line    0x00004451      0xfe7 ./Drivers/STM32F1xx_HAL_Driver/Src/stm32f1xx_hal_adc.o
 .debug_line    0x00005438      0xb8c ./Drivers/STM32F1xx_HAL_Driver/Src/stm32f1xx_hal_cortex.o
 .debug_line    0x00005fc4      0xdcc ./Drivers/STM32F1xx_HAL_Driver/Src/stm32f1xx_hal_dma.o
 .debug_line    0x00006d90      0xa1f ./Drivers/STM32F1xx_HAL_Driver/Src/stm32f1xx_hal_gpio.o
 .debug_line    0x000077af     0x3bbf ./Drivers/STM32F1xx_HAL_Driver/Src/stm32f1xx_hal_i2c.o
 .debug_line    0x0000b36e      0xe7b ./Drivers/STM32F1xx_HAL_Driver/Src/stm32f1xx_hal_rcc.o
 .debug_line    0x0000c1e9      0x92c ./Drivers/STM32F1xx_HAL_Driver/Src/stm32f1xx_hal_rcc_ex.o
 .debug_line    0x0000cb15     0x1c59 ./Drivers/STM32F1xx_HAL_Driver/Src/stm32f1xx_hal_spi.o

.debug_str      0x00000000    0x89d7c
 .debug_str     0x00000000    0x89d7c ./Core/Src/NRF24.o
                              0x86a12 (size before relaxing)
 .debug_str     0x00089d7c    0x87718 ./Core/Src/main.o
 .debug_str     0x00089d7c    0x82a6e ./Core/Src/mpu6050.o
 .debug_str     0x00089d7c    0x8310a ./Core/Src/stm32f1xx_hal_msp.o
 .debug_str     0x00089d7c    0x829cd ./Core/Src/stm32f1xx_it.o
 .debug_str     0x00089d7c    0x8255f ./Core/Src/system_stm32f1xx.o
 .debug_str     0x00089d7c       0xa5 ./Core/Startup/startup_stm32f103c8tx.o
 .debug_str     0x00089d7c    0x82c92 ./Drivers/STM32F1xx_HAL_Driver/Src/stm32f1xx_hal.o
 .debug_str     0x00089d7c    0x82c43 ./Drivers/STM32F1xx_HAL_Driver/Src/stm32f1xx_hal_adc.o
 .debug_str     0x00089d7c    0x82bde ./Drivers/STM32F1xx_HAL_Driver/Src/stm32f1xx_hal_cortex.o
 .debug_str     0x00089d7c    0x82908 ./Drivers/STM32F1xx_HAL_Driver/Src/stm32f1xx_hal_dma.o
 .debug_str     0x00089d7c    0x828e5 ./Drivers/STM32F1xx_HAL_Driver/Src/stm32f1xx_hal_gpio.o
 .debug_str     0x00089d7c    0x83626 ./Drivers/STM32F1xx_HAL_Driver/Src/stm32f1xx_hal_i2c.o
 .debug_str     0x00089d7c    0x8298e ./Drivers/STM32F1xx_HAL_Driver/Src/stm32f1xx_hal_rcc.o
 .debug_str     0x00089d7c    0x826de ./Drivers/STM32F1xx_HAL_Driver/Src/stm32f1xx_hal_rcc_ex.o
 .debug_str     0x00089d7c    0x82e85 ./Drivers/STM32F1xx_HAL_Driver/Src/stm32f1xx_hal_spi.o

.comment        0x00000000       0x43
 .comment       0x00000000       0x43 ./Core/Src/NRF24.o
                                 0x44 (size before relaxing)
 .comment       0x00000043       0x44 ./Core/Src/main.o
 .comment       0x00000043       0x44 ./Core/Src/mpu6050.o
 .comment       0x00000043       0x44 ./Core/Src/stm32f1xx_hal_msp.o
 .comment       0x00000043       0x44 ./Core/Src/stm32f1xx_it.o
 .comment       0x00000043       0x44 ./Core/Src/system_stm32f1xx.o
 .comment       0x00000043       0x44 ./Drivers/STM32F1xx_HAL_Driver/Src/stm32f1xx_hal.o
 .comment       0x00000043       0x44 ./Drivers/STM32F1xx_HAL_Driver/Src/stm32f1xx_hal_adc.o
 .comment       0x00000043       0x44 ./Drivers/STM32F1xx_HAL_Driver/Src/stm32f1xx_hal_cortex.o
 .comment       0x00000043       0x44 ./Drivers/STM32F1xx_HAL_Driver/Src/stm32f1xx_hal_dma.o
 .comment       0x00000043       0x44 ./Drivers/STM32F1xx_HAL_Driver/Src/stm32f1xx_hal_gpio.o
 .comment       0x00000043       0x44 ./Drivers/STM32F1xx_HAL_Driver/Src/stm32f1xx_hal_i2c.o
 .comment       0x00000043       0x44 ./Drivers/STM32F1xx_HAL_Driver/Src/stm32f1xx_hal_rcc.o
 .comment       0x00000043       0x44 ./Drivers/STM32F1xx_HAL_Driver/Src/stm32f1xx_hal_rcc_ex.o
 .comment       0x00000043       0x44 ./Drivers/STM32F1xx_HAL_Driver/Src/stm32f1xx_hal_spi.o

.debug_frame    0x00000000     0x33dc
 .debug_frame   0x00000000      0x6bc ./Core/Src/NRF24.o
 .debug_frame   0x000006bc       0xec ./Core/Src/main.o
 .debug_frame   0x000007a8      0x11c ./Core/Src/mpu6050.o
 .debug_frame   0x000008c4      0x110 ./Core/Src/stm32f1xx_hal_msp.o
 .debug_frame   0x000009d4      0x120 ./Core/Src/stm32f1xx_it.o
 .debug_frame   0x00000af4       0x58 ./Core/Src/system_stm32f1xx.o
 .debug_frame   0x00000b4c      0x334 ./Drivers/STM32F1xx_HAL_Driver/Src/stm32f1xx_hal.o
 .debug_frame   0x00000e80      0x40c ./Drivers/STM32F1xx_HAL_Driver/Src/stm32f1xx_hal_adc.o
 .debug_frame   0x0000128c      0x428 ./Drivers/STM32F1xx_HAL_Driver/Src/stm32f1xx_hal_cortex.o
 .debug_frame   0x000016b4      0x208 ./Drivers/STM32F1xx_HAL_Driver/Src/stm32f1xx_hal_dma.o
 .debug_frame   0x000018bc      0x14c ./Drivers/STM32F1xx_HAL_Driver/Src/stm32f1xx_hal_gpio.o
 .debug_frame   0x00001a08      0xc84 ./Drivers/STM32F1xx_HAL_Driver/Src/stm32f1xx_hal_i2c.o
 .debug_frame   0x0000268c      0x218 ./Drivers/STM32F1xx_HAL_Driver/Src/stm32f1xx_hal_rcc.o
 .debug_frame   0x000028a4       0x80 ./Drivers/STM32F1xx_HAL_Driver/Src/stm32f1xx_hal_rcc_ex.o
 .debug_frame   0x00002924      0x824 ./Drivers/STM32F1xx_HAL_Driver/Src/stm32f1xx_hal_spi.o
 .debug_frame   0x00003148       0x20 C:/ST/STM32CubeIDE_1.19.0/STM32CubeIDE/plugins/com.st.stm32cube.ide.mcu.externaltools.gnu-tools-for-stm32.13.3.rel1.win32_1.0.0.202411081344/tools/bin/../lib/gcc/arm-none-eabi/13.3.1/../../../../arm-none-eabi/lib/thumb/v7-m/nofp\libc_nano.a(libc_a-memset.o)
 .debug_frame   0x00003168       0x2c C:/ST/STM32CubeIDE_1.19.0/STM32CubeIDE/plugins/com.st.stm32cube.ide.mcu.externaltools.gnu-tools-for-stm32.13.3.rel1.win32_1.0.0.202411081344/tools/bin/../lib/gcc/arm-none-eabi/13.3.1/../../../../arm-none-eabi/lib/thumb/v7-m/nofp\libc_nano.a(libc_a-init.o)
 .debug_frame   0x00003194       0x30 C:/ST/STM32CubeIDE_1.19.0/STM32CubeIDE/plugins/com.st.stm32cube.ide.mcu.externaltools.gnu-tools-for-stm32.13.3.rel1.win32_1.0.0.202411081344/tools/bin/../lib/gcc/arm-none-eabi/13.3.1/thumb/v7-m/nofp\libgcc.a(_arm_muldf3.o)
 .debug_frame   0x000031c4       0xac C:/ST/STM32CubeIDE_1.19.0/STM32CubeIDE/plugins/com.st.stm32cube.ide.mcu.externaltools.gnu-tools-for-stm32.13.3.rel1.win32_1.0.0.202411081344/tools/bin/../lib/gcc/arm-none-eabi/13.3.1/thumb/v7-m/nofp\libgcc.a(_arm_addsubdf3.o)
 .debug_frame   0x00003270       0xc4 C:/ST/STM32CubeIDE_1.19.0/STM32CubeIDE/plugins/com.st.stm32cube.ide.mcu.externaltools.gnu-tools-for-stm32.13.3.rel1.win32_1.0.0.202411081344/tools/bin/../lib/gcc/arm-none-eabi/13.3.1/thumb/v7-m/nofp\libgcc.a(_arm_cmpdf2.o)
 .debug_frame   0x00003334       0x24 C:/ST/STM32CubeIDE_1.19.0/STM32CubeIDE/plugins/com.st.stm32cube.ide.mcu.externaltools.gnu-tools-for-stm32.13.3.rel1.win32_1.0.0.202411081344/tools/bin/../lib/gcc/arm-none-eabi/13.3.1/thumb/v7-m/nofp\libgcc.a(_arm_truncdfsf2.o)
 .debug_frame   0x00003358       0x4c C:/ST/STM32CubeIDE_1.19.0/STM32CubeIDE/plugins/com.st.stm32cube.ide.mcu.externaltools.gnu-tools-for-stm32.13.3.rel1.win32_1.0.0.202411081344/tools/bin/../lib/gcc/arm-none-eabi/13.3.1/thumb/v7-m/nofp\libgcc.a(_arm_addsubsf3.o)
 .debug_frame   0x000033a4       0x38 C:/ST/STM32CubeIDE_1.19.0/STM32CubeIDE/plugins/com.st.stm32cube.ide.mcu.externaltools.gnu-tools-for-stm32.13.3.rel1.win32_1.0.0.202411081344/tools/bin/../lib/gcc/arm-none-eabi/13.3.1/thumb/v7-m/nofp\libgcc.a(_arm_muldivsf3.o)

.debug_line_str
                0x00000000       0x89
 .debug_line_str
                0x00000000       0x89 ./Core/Startup/startup_stm32f103c8tx.o
