/home/kevin/Documents/carrorepo/STM32F-CAR/JP_Carro/Seguidor_linea/Core/Src/main.c:82:5:main	8	static
/home/kevin/Documents/carrorepo/STM32F-CAR/JP_Carro/Seguidor_linea/Core/Src/main.c:139:6:SystemClock_Config	88	static
/home/kevin/Documents/carrorepo/STM32F-CAR/JP_Carro/Seguidor_linea/Core/Src/main.c:185:13:MX_ADC1_Init	24	static
/home/kevin/Documents/carrorepo/STM32F-CAR/JP_Carro/Seguidor_linea/Core/Src/main.c:246:13:MX_TIM1_Init	96	static
/home/kevin/Documents/carrorepo/STM32F-CAR/JP_Carro/Seguidor_linea/Core/Src/main.c:332:13:MX_DMA_Init	16	static
/home/kevin/Documents/carrorepo/STM32F-CAR/JP_Carro/Seguidor_linea/Core/Src/main.c:350:13:MX_GPIO_Init	40	static
/home/kevin/Documents/carrorepo/STM32F-CAR/JP_Carro/Seguidor_linea/Core/Src/main.c:384:6:Error_Handler	4	static,ignoring_inline_asm
