/home/kevin/Documents/carrorepo/STM32F-CAR/JP_Carro/Seguidor_linea/Core/Src/main.c:81:5:main	8	static
/home/kevin/Documents/carrorepo/STM32F-CAR/JP_Carro/Seguidor_linea/Core/Src/main.c:136:6:SystemClock_Config	88	static
/home/kevin/Documents/carrorepo/STM32F-CAR/JP_Carro/Seguidor_linea/Core/Src/main.c:182:13:MX_ADC1_Init	24	static
/home/kevin/Documents/carrorepo/STM32F-CAR/JP_Carro/Seguidor_linea/Core/Src/main.c:243:13:MX_TIM1_Init	96	static
/home/kevin/Documents/carrorepo/STM32F-CAR/JP_Carro/Seguidor_linea/Core/Src/main.c:320:13:MX_DMA_Init	16	static
/home/kevin/Documents/carrorepo/STM32F-CAR/JP_Carro/Seguidor_linea/Core/Src/main.c:338:13:MX_GPIO_Init	16	static
/home/kevin/Documents/carrorepo/STM32F-CAR/JP_Carro/Seguidor_linea/Core/Src/main.c:361:6:Error_Handler	4	static,ignoring_inline_asm
